<html>
<body>
<pre>
<h1>µVision Build Log</h1>
<h2>Project:</h2>
\\vmware-host\Shared Folders\VMWare\Quad\Program\Project\lab1.uvproj
Project File Date:  12/02/2012

<h2>Output:</h2>
Load "\\\\vmware-host\\Shared Folders\\VMWare\\Quad\\Program\\Project\\lab1.AXF" 
Erase Done.
Programming Done.
Verify OK.
Rebuild target 'STM32'
compiling main.c...
..\_Application\main.c(37): warning:  #177-D: variable "ret" was declared but never referenced
..\_Application\main.c(39): warning:  #177-D: variable "test" was declared but never referenced
..\_Application\main.c(40): warning:  #177-D: variable "text" was declared but never referenced
compiling stm32f10x_it.c...
compiling LCD_4bit.c...
compiling gps.c...
compiling usart.c...
compiling rfm12.c...
compiling 18B20.c...
compiling rfm12_controller.c...
compiling i2c.c...
compiling MPL115A2.c...
compiling misc.c...
compiling stm32f10x_gpio.c...
compiling stm32f10x_exti.c...
compiling stm32f10x_flash.c...
compiling stm32f10x_rcc.c...
compiling stm32f10x_tim.c...
compiling stm32f10x_usart.c...
compiling stm32f10x_spi.c...
compiling stm32f10x_i2c.c...
assembling startup_stm32f10x_cl.s...
linking...
Program Size: Code=20620 RO-data=544 RW-data=60 ZI-data=2572  
FromELF: creating hex file...
"lab1.axf" - 0 Error(s), 3 Warning(s).
Load "\\\\vmware-host\\Shared Folders\\VMWare\\Quad\\Program\\Project\\lab1.AXF" 
Erase Done.
Programming Done.
Verify OK.
Rebuild target 'STM32'
compiling main.c...
..\_Application\main.c(37): warning:  #177-D: variable "ret" was declared but never referenced
..\_Application\main.c(39): warning:  #177-D: variable "test" was declared but never referenced
..\_Application\main.c(40): warning:  #177-D: variable "text" was declared but never referenced
compiling stm32f10x_it.c...
compiling LCD_4bit.c...
compiling gps.c...
compiling usart.c...
compiling rfm12.c...
compiling 18B20.c...
compiling rfm12_controller.c...
compiling i2c.c...
compiling MPL115A2.c...
compiling misc.c...
compiling stm32f10x_gpio.c...
compiling stm32f10x_exti.c...
compiling stm32f10x_flash.c...
compiling stm32f10x_rcc.c...
compiling stm32f10x_tim.c...
compiling stm32f10x_usart.c...
compiling stm32f10x_spi.c...
compiling stm32f10x_i2c.c...
assembling startup_stm32f10x_cl.s...
linking...
Program Size: Code=20620 RO-data=544 RW-data=60 ZI-data=2572  
FromELF: creating hex file...
"lab1.axf" - 0 Error(s), 3 Warning(s).
Load "\\\\vmware-host\\Shared Folders\\VMWare\\Quad\\Program\\Project\\lab1.AXF" 
Erase Done.
Programming Done.
Verify OK.
Rebuild target 'STM32'
compiling main.c...
..\_Application\main.c(37): warning:  #177-D: variable "ret" was declared but never referenced
..\_Application\main.c(39): warning:  #177-D: variable "test" was declared but never referenced
..\_Application\main.c(40): warning:  #177-D: variable "text" was declared but never referenced
compiling stm32f10x_it.c...
compiling LCD_4bit.c...
compiling gps.c...
compiling usart.c...
compiling rfm12.c...
compiling 18B20.c...
compiling rfm12_controller.c...
compiling i2c.c...
compiling MPL115A2.c...
compiling misc.c...
compiling stm32f10x_gpio.c...
compiling stm32f10x_exti.c...
compiling stm32f10x_flash.c...
compiling stm32f10x_rcc.c...
compiling stm32f10x_tim.c...
compiling stm32f10x_usart.c...
compiling stm32f10x_spi.c...
compiling stm32f10x_i2c.c...
assembling startup_stm32f10x_cl.s...
linking...
Program Size: Code=20276 RO-data=544 RW-data=60 ZI-data=2572  
FromELF: creating hex file...
"lab1.axf" - 0 Error(s), 3 Warning(s).
Load "\\\\vmware-host\\Shared Folders\\VMWare\\Quad\\Program\\Project\\lab1.AXF" 
Erase Done.
Programming Done.
Verify OK.
Build target 'STM32'
compiling rfm12_controller.c...
linking...
Program Size: Code=20512 RO-data=544 RW-data=60 ZI-data=2572  
FromELF: creating hex file...
"lab1.axf" - 0 Error(s), 0 Warning(s).
Load "\\\\vmware-host\\Shared Folders\\VMWare\\Quad\\Program\\Project\\lab1.AXF" 
Erase Done.
Programming Done.
Verify OK.
Rebuild target 'STM32'
compiling main.c...
..\_Application\main.c(37): warning:  #177-D: variable "ret" was declared but never referenced
..\_Application\main.c(39): warning:  #177-D: variable "test" was declared but never referenced
..\_Application\main.c(40): warning:  #177-D: variable "text" was declared but never referenced
compiling stm32f10x_it.c...
compiling LCD_4bit.c...
compiling gps.c...
compiling usart.c...
compiling rfm12.c...
compiling 18B20.c...
compiling rfm12_controller.c...
compiling i2c.c...
compiling MPL115A2.c...
compiling misc.c...
compiling stm32f10x_gpio.c...
compiling stm32f10x_exti.c...
compiling stm32f10x_flash.c...
compiling stm32f10x_rcc.c...
compiling stm32f10x_tim.c...
compiling stm32f10x_usart.c...
compiling stm32f10x_spi.c...
compiling stm32f10x_i2c.c...
assembling startup_stm32f10x_cl.s...
linking...
Program Size: Code=20512 RO-data=544 RW-data=60 ZI-data=2572  
FromELF: creating hex file...
"lab1.axf" - 0 Error(s), 3 Warning(s).
Load "\\\\vmware-host\\Shared Folders\\VMWare\\Quad\\Program\\Project\\lab1.AXF" 
Erase Done.
Programming Done.
Verify OK.
Build target 'STM32'
compiling main.c...
..\_Application\main.c(37): warning:  #177-D: variable "ret" was declared but never referenced
..\_Application\main.c(39): warning:  #177-D: variable "test" was declared but never referenced
..\_Application\main.c(40): warning:  #177-D: variable "text" was declared but never referenced
linking...
Program Size: Code=20500 RO-data=544 RW-data=60 ZI-data=2572  
FromELF: creating hex file...
"lab1.axf" - 0 Error(s), 3 Warning(s).
Load "\\\\vmware-host\\Shared Folders\\VMWare\\Quad\\Program\\Project\\lab1.AXF" 
Erase Done.
Programming Done.
Verify OK.
Rebuild target 'STM32'
compiling main.c...
..\_Application\main.c(37): warning:  #177-D: variable "ret" was declared but never referenced
..\_Application\main.c(39): warning:  #177-D: variable "test" was declared but never referenced
..\_Application\main.c(40): warning:  #177-D: variable "text" was declared but never referenced
compiling stm32f10x_it.c...
compiling LCD_4bit.c...
compiling gps.c...
compiling usart.c...
compiling rfm12.c...
compiling 18B20.c...
compiling rfm12_controller.c...
compiling i2c.c...
compiling MPL115A2.c...
compiling misc.c...
compiling stm32f10x_gpio.c...
compiling stm32f10x_exti.c...
compiling stm32f10x_flash.c...
compiling stm32f10x_rcc.c...
compiling stm32f10x_tim.c...
compiling stm32f10x_usart.c...
compiling stm32f10x_spi.c...
compiling stm32f10x_i2c.c...
assembling startup_stm32f10x_cl.s...
linking...
Program Size: Code=20512 RO-data=544 RW-data=60 ZI-data=2572  
FromELF: creating hex file...
"lab1.axf" - 0 Error(s), 3 Warning(s).
Load "\\\\vmware-host\\Shared Folders\\VMWare\\Quad\\Program\\Project\\lab1.AXF" 
Erase Done.
Programming Done.
Verify OK.
Build target 'STM32'
compiling main.c...
..\_Application\main.c(37): warning:  #177-D: variable "ret" was declared but never referenced
..\_Application\main.c(39): warning:  #177-D: variable "test" was declared but never referenced
..\_Application\main.c(40): warning:  #177-D: variable "text" was declared but never referenced
linking...
Program Size: Code=20512 RO-data=544 RW-data=60 ZI-data=2572  
FromELF: creating hex file...
"lab1.axf" - 0 Error(s), 3 Warning(s).
Load "\\\\vmware-host\\Shared Folders\\VMWare\\Quad\\Program\\Project\\lab1.AXF" 
Erase Done.
Programming Done.
Verify OK.
Rebuild target 'STM32'
compiling main.c...
..\_Application\main.c(37): warning:  #177-D: variable "ret" was declared but never referenced
..\_Application\main.c(39): warning:  #177-D: variable "test" was declared but never referenced
..\_Application\main.c(40): warning:  #177-D: variable "text" was declared but never referenced
compiling stm32f10x_it.c...
compiling LCD_4bit.c...
compiling gps.c...
compiling usart.c...
compiling rfm12.c...
compiling 18B20.c...
compiling rfm12_controller.c...
compiling i2c.c...
compiling MPL115A2.c...
compiling misc.c...
compiling stm32f10x_gpio.c...
compiling stm32f10x_exti.c...
compiling stm32f10x_flash.c...
compiling stm32f10x_rcc.c...
compiling stm32f10x_tim.c...
compiling stm32f10x_usart.c...
compiling stm32f10x_spi.c...
compiling stm32f10x_i2c.c...
assembling startup_stm32f10x_cl.s...
linking...
Program Size: Code=20512 RO-data=544 RW-data=60 ZI-data=2572  
FromELF: creating hex file...
"lab1.axf" - 0 Error(s), 3 Warning(s).
Load "\\\\vmware-host\\Shared Folders\\VMWare\\Quad\\Program\\Project\\lab1.AXF" 
Erase Done.
Programming Done.
Verify OK.
