ARM Linker, 4.1 [Build 894] [Evaluation]

==============================================================================

Section Cross References

    main.o(.text) refers to _printf_percent.o(.ARM.Collect$$_printf_percent$$00000000) for _printf_percent
    main.o(.text) refers to stm32f10x_tim.o(.text) for TIM_TimeBaseInit
    main.o(.text) refers to stm32f10x_gpio.o(.text) for GPIO_EXTILineConfig
    main.o(.text) refers to stm32f10x_exti.o(.text) for EXTI_Init
    main.o(.text) refers to stm32f10x_spi.o(.text) for SPI_Init
    main.o(.text) refers to stm32f10x_usart.o(.text) for USART_DeInit
    main.o(.text) refers to main.o(.data) for TimingDelay
    main.o(.text) refers to stm32f10x_rcc.o(.text) for RCC_DeInit
    main.o(.text) refers to stm32f10x_flash.o(.text) for FLASH_PrefetchBufferCmd
    main.o(.text) refers to misc.o(.text) for NVIC_SetVectorTable
    main.o(.text) refers to rfm12.o(.text) for rf12_init
    main.o(.text) refers to gps.o(.text) for gps_init
    main.o(.text) refers to rfm12_controller.o(.text) for rf12_controller_init
    main.o(.text) refers to lcd_ls020.o(.text) for LS020_fill_screen
    main.o(.text) refers to noretval__2printf.o(.text) for __2printf
    main.o(.text) refers to rfm12.o(.data) for rf12_rx
    stm32f10x_it.o(.text) refers to main.o(.text) for TimingDelay_Decrement
    stm32f10x_it.o(.text) refers to stm32f10x_usart.o(.text) for USART_GetITStatus
    stm32f10x_it.o(.text) refers to gps.o(.text) for gps_pool
    stm32f10x_it.o(.text) refers to stm32f10x_exti.o(.text) for EXTI_GetITStatus
    stm32f10x_it.o(.text) refers to rfm12.o(.text) for rf12_read_status
    stm32f10x_it.o(.text) refers to stm32f10x_tim.o(.text) for TIM_GetITStatus
    stm32f10x_it.o(.text) refers to sd_stm32.o(.text) for disk_timerproc
    lcd_4bit.o(.text) refers to lcd_4bit.o(.constdata) for SWAP_DATA
    gps.o(.text) refers to _printf_percent.o(.ARM.Collect$$_printf_percent$$00000000) for _printf_percent
    gps.o(.text) refers to _printf_c.o(.ARM.Collect$$_printf_percent$$00000013) for _printf_c
    gps.o(.text) refers to _printf_str.o(.text) for _printf_str
    gps.o(.text) refers to _printf_s.o(.ARM.Collect$$_printf_percent$$00000014) for _printf_s
    gps.o(.text) refers to stm32f10x_usart.o(.text) for USART_ReceiveData
    gps.o(.text) refers to noretval__2printf.o(.text) for __2printf
    gps.o(.text) refers to gps.o(.bss) for RxBuffer
    gps.o(.text) refers to gps.o(.data) for array
    gps.o(.text) refers to noretval__2sprintf.o(.text) for __2sprintf
    usart.o(.text) refers (Special) to use_no_semi_2.o(.text) for __use_no_semihosting
    usart.o(.text) refers to stm32f10x_rcc.o(.text) for RCC_APB2PeriphClockCmd
    usart.o(.text) refers to stm32f10x_gpio.o(.text) for GPIO_Init
    usart.o(.text) refers to stm32f10x_usart.o(.text) for USART_Init
    usart.o(.data) refers (Special) to use_no_semi_2.o(.text) for __use_no_semihosting
    rfm12.o(.text) refers to stm32f10x_spi.o(.text) for SPI_I2S_GetFlagStatus
    rfm12.o(.text) refers to stm32f10x_gpio.o(.text) for GPIO_WriteBit
    rfm12.o(.text) refers to noretval__2printf.o(.text) for __2printf
    rfm12.o(.text) refers to strlen.o(.text) for strlen
    rfm12.o(.text) refers to rfm12.o(.data) for rf12_rx
    rfm12.o(.text) refers to rfm12.o(.bss) for rf12_data
    18b20.o(.text) refers to _printf_percent.o(.ARM.Collect$$_printf_percent$$00000000) for _printf_percent
    18b20.o(.text) refers to _printf_f.o(.ARM.Collect$$_printf_percent$$00000003) for _printf_f
    18b20.o(.text) refers to printf1.o(x$fpl$printf1) for _printf_fp_dec
    18b20.o(.text) refers to stm32f10x_gpio.o(.text) for GPIO_Init
    18b20.o(.text) refers to dflt_clz.o(x$fpl$dflt) for __aeabi_i2d
    18b20.o(.text) refers to dmul.o(x$fpl$dmul) for __aeabi_dmul
    18b20.o(.text) refers to daddsub_clz.o(x$fpl$dadd) for __aeabi_dadd
    18b20.o(.text) refers to d2f.o(x$fpl$d2f) for __aeabi_d2f
    18b20.o(.text) refers to f2d.o(x$fpl$f2d) for __aeabi_f2d
    18b20.o(.text) refers to noretval__2sprintf.o(.text) for __2sprintf
    18b20.o(.text) refers to 18b20.o(.data) for sensors
    18b20.o(.text) refers to 18b20.o(.bss) for temp_measurements
    rfm12_controller.o(.text) refers to rfm12.o(.text) for rf12_txstart
    rfm12_controller.o(.text) refers to rfm12_controller.o(.data) for rf12_data_type
    rfm12_controller.o(.text) refers to mpl115a2.o(.bss) for mpl115a2_pressure_string
    rfm12_controller.o(.text) refers to gps.o(.bss) for gps_string
    rfm12_controller.o(.text) refers to 18b20.o(.bss) for temp_measurements_string
    rfm12_controller.o(.text) refers to rfm12.o(.data) for rf12_rx
    i2c.o(.text) refers to stm32f10x_i2c.o(.text) for I2C_GenerateSTART
    mpl115a2.o(.text) refers to _printf_percent.o(.ARM.Collect$$_printf_percent$$00000000) for _printf_percent
    mpl115a2.o(.text) refers to _printf_f.o(.ARM.Collect$$_printf_percent$$00000003) for _printf_f
[...]
    ../../angel/rt.s                         0x00000000   Number         0  rt_locale.o ABSOLUTE
    ../../angel/rt.s                         0x00000000   Number         0  rt_locale_intlibspace.o ABSOLUTE
    ../../angel/rt.s                         0x00000000   Number         0  rt_fp_status_addr_intlibspace.o ABSOLUTE
    ../../angel/rt.s                         0x00000000   Number         0  rt_raise.o ABSOLUTE
    ../../angel/rt.s                         0x00000000   Number         0  rt_fp_status_addr.o ABSOLUTE
    ../../angel/scatter.s                    0x00000000   Number         0  __scatter.o ABSOLUTE
    ../../angel/startup.s                    0x00000000   Number         0  __main.o ABSOLUTE
    ../../angel/sys.s                        0x00000000   Number         0  sys_stackheap_outer.o ABSOLUTE
    ../../angel/sys.s                        0x00000000   Number         0  libspace.o ABSOLUTE
    ../../angel/sys.s                        0x00000000   Number         0  use_no_semi_2.o ABSOLUTE
    ../../angel/sys.s                        0x00000000   Number         0  indicate_semi.o ABSOLUTE
    ../../angel/sys.s                        0x00000000   Number         0  use_no_semi.o ABSOLUTE
    ../../angel/sysapp.c                     0x00000000   Number         0  sys_wrch.o ABSOLUTE
    ../../angel/sysapp.c                     0x00000000   Number         0  sys_command.o ABSOLUTE
    ../../armsys.c                           0x00000000   Number         0  argv_veneer.o ABSOLUTE
    ../../armsys.c                           0x00000000   Number         0  argv_veneer.o ABSOLUTE
    ../../armsys.c                           0x00000000   Number         0  _get_argv_nomalloc.o ABSOLUTE
    ../../armsys.c                           0x00000000   Number         0  no_argv.o ABSOLUTE
    ../../bigflt.c                           0x00000000   Number         0  bigflt0.o ABSOLUTE
    ../../btod.s                             0x00000000   Number         0  btod.o ABSOLUTE
    ../../d2f.s                              0x00000000   Number         0  d2f.o ABSOLUTE
    ../../daddsub.s                          0x00000000   Number         0  daddsub_clz.o ABSOLUTE
    ../../ddiv.s                             0x00000000   Number         0  ddiv.o ABSOLUTE
    ../../dflt.s                             0x00000000   Number         0  dflt_clz.o ABSOLUTE
    ../../dmul.s                             0x00000000   Number         0  dmul.o ABSOLUTE
    ../../dnaninf.s                          0x00000000   Number         0  dnaninf.o ABSOLUTE
    ../../dretinf.s                          0x00000000   Number         0  dretinf.o ABSOLUTE
    ../../f2d.s                              0x00000000   Number         0  f2d.o ABSOLUTE
    ../../faddsub.s                          0x00000000   Number         0  faddsub_clz.o ABSOLUTE
    ../../fdiv.s                             0x00000000   Number         0  fdiv.o ABSOLUTE
    ../../fflt.s                             0x00000000   Number         0  fflt_clz.o ABSOLUTE
    ../../fmul.s                             0x00000000   Number         0  fmul.o ABSOLUTE
    ../../fnaninf.s                          0x00000000   Number         0  fnaninf.o ABSOLUTE
    ../../fpclassify.c                       0x00000000   Number         0  fpclassify.o ABSOLUTE
    ../../fpinit.s                           0x00000000   Number         0  fpinit.o ABSOLUTE
    ../../fretinf.s                          0x00000000   Number         0  fretinf.o ABSOLUTE
    ../../heapalloc.c                        0x00000000   Number         0  hrguard.o ABSOLUTE
    ../../heapaux.c                          0x00000000   Number         0  heapauxi.o ABSOLUTE
    ../../istatus.s                          0x00000000   Number         0  istatus.o ABSOLUTE
    ../../libinit.s                          0x00000000   Number         0  libshutdown.o ABSOLUTE
    ../../libinit.s                          0x00000000   Number         0  libshutdown2.o ABSOLUTE
    ../../libinit.s                          0x00000000   Number         0  libinit2.o ABSOLUTE
    ../../libinit.s                          0x00000000   Number         0  libinit.o ABSOLUTE
    ../../locale.s                           0x00000000   Number         0  lc_numeric_c.o ABSOLUTE
    ../../longlong.s                         0x00000000   Number         0  lludiv10.o ABSOLUTE
    ../../memcpset.s                         0x00000000   Number         0  strcmpv7m.o ABSOLUTE
    ../../misc.s                             0x00000000   Number         0  printf_stubs.o ABSOLUTE
    ../../printf.c                           0x00000000   Number         0  noretval__2sprintf.o ABSOLUTE
    ../../printf.c                           0x00000000   Number         0  __printf.o ABSOLUTE
    ../../printf.c                           0x00000000   Number         0  _printf_str.o ABSOLUTE
    ../../printf.c                           0x00000000   Number         0  __printf_flags.o ABSOLUTE
    ../../printf.c                           0x00000000   Number         0  __printf_ss.o ABSOLUTE
    ../../printf.c                           0x00000000   Number         0  __printf_flags_ss.o ABSOLUTE
    ../../printf.c                           0x00000000   Number         0  __printf_wp.o ABSOLUTE
    ../../printf.c                           0x00000000   Number         0  __printf_flags_wp.o ABSOLUTE
    ../../printf.c                           0x00000000   Number         0  __printf_ss_wp.o ABSOLUTE
    ../../printf.c                           0x00000000   Number         0  __printf_flags_ss_wp.o ABSOLUTE
    ../../printf.c                           0x00000000   Number         0  _printf_fp_dec.o ABSOLUTE
    ../../printf.c                           0x00000000   Number         0  __printf_nopercent.o ABSOLUTE
    ../../printf.c                           0x00000000   Number         0  _printf_fp_infnan.o ABSOLUTE
    ../../printf.c                           0x00000000   Number         0  _printf_char_file.o ABSOLUTE
    ../../printf.c                           0x00000000   Number         0  _printf_char.o ABSOLUTE
    ../../printf.c                           0x00000000   Number         0  _sputc.o ABSOLUTE
    ../../printf.c                           0x00000000   Number         0  _printf_char_common.o ABSOLUTE
    ../../printf.c                           0x00000000   Number         0  __2printf.o ABSOLUTE
    ../../printf.c                           0x00000000   Number         0  __2sprintf.o ABSOLUTE
    ../../printf.c                           0x00000000   Number         0  noretval__2printf.o ABSOLUTE
    ../../printf1.s                          0x00000000   Number         0  printf1.o ABSOLUTE
    ../../printf_percent.s                   0x00000000   Number         0  _printf_s.o ABSOLUTE
    ../../printf_percent.s                   0x00000000   Number         0  _printf_c.o ABSOLUTE
    ../../printf_percent.s                   0x00000000   Number         0  _printf_percent_end.o ABSOLUTE
    ../../printf_percent.s                   0x00000000   Number         0  _printf_f.o ABSOLUTE
    ../../printf_percent.s                   0x00000000   Number         0  _printf_percent.o ABSOLUTE
    ../../signal.c                           0x00000000   Number         0  defsig_other.o ABSOLUTE
    ../../signal.c                           0x00000000   Number         0  defsig_segv_inner.o ABSOLUTE
    ../../signal.c                           0x00000000   Number         0  defsig_cppl_inner.o ABSOLUTE
    ../../signal.c                           0x00000000   Number         0  defsig_pvfn_inner.o ABSOLUTE
    ../../signal.c                           0x00000000   Number         0  defsig_stak_inner.o ABSOLUTE
    ../../signal.c                           0x00000000   Number         0  defsig_rtred_inner.o ABSOLUTE
    ../../signal.c                           0x00000000   Number         0  defsig_fpe_inner.o ABSOLUTE
    ../../signal.c                           0x00000000   Number         0  defsig_rtmem_outer.o ABSOLUTE
    ../../signal.c                           0x00000000   Number         0  defsig_abrt_inner.o ABSOLUTE
    ../../signal.c                           0x00000000   Number         0  defsig_general.o ABSOLUTE
    ../../signal.c                           0x00000000   Number         0  defsig_rtmem_inner.o ABSOLUTE
    ../../signal.c                           0x00000000   Number         0  defsig_exit.o ABSOLUTE
    ../../signal.c                           0x00000000   Number         0  __raise.o ABSOLUTE
    ../../signal.c                           0x00000000   Number         0  defsig_rtmem_formal.o ABSOLUTE
    ../../signal.s                           0x00000000   Number         0  defsig.o ABSOLUTE
    ../../stdio.c                            0x00000000   Number         0  ferror_locked.o ABSOLUTE
    ../../stdio.c                            0x00000000   Number         0  ferror.o ABSOLUTE
    ../../stdlib.c                           0x00000000   Number         0  exit.o ABSOLUTE
    ../../string.c                           0x00000000   Number         0  strlen.o ABSOLUTE
    ../../usenofp.s                          0x00000000   Number         0  usenofp.o ABSOLUTE
    ..\..\Libraries\CMSIS\Core\CM3\startup\arm\startup_stm32f10x_cl.s 0x00000000   Number         0  startup_stm32f10x_cl.o ABSOLUTE
    ..\..\Libraries\FATFs\src\ff.c           0x00000000   Number         0  ff.o ABSOLUTE
    ..\..\Libraries\FATFs\src\sd_stm32.c     0x00000000   Number         0  sd_stm32.o ABSOLUTE
    ..\..\Libraries\STM32F10x_StdPeriph_Driver\src\misc.c 0x00000000   Number         0  misc.o ABSOLUTE
    ..\..\Libraries\STM32F10x_StdPeriph_Driver\src\stm32f10x_adc.c 0x00000000   Number         0  stm32f10x_adc.o ABSOLUTE
    ..\..\Libraries\STM32F10x_StdPeriph_Driver\src\stm32f10x_dma.c 0x00000000   Number         0  stm32f10x_dma.o ABSOLUTE
    ..\..\Libraries\STM32F10x_StdPeriph_Driver\src\stm32f10x_exti.c 0x00000000   Number         0  stm32f10x_exti.o ABSOLUTE
    ..\..\Libraries\STM32F10x_StdPeriph_Driver\src\stm32f10x_flash.c 0x00000000   Number         0  stm32f10x_flash.o ABSOLUTE
    ..\..\Libraries\STM32F10x_StdPeriph_Driver\src\stm32f10x_gpio.c 0x00000000   Number         0  stm32f10x_gpio.o ABSOLUTE
    ..\..\Libraries\STM32F10x_StdPeriph_Driver\src\stm32f10x_i2c.c 0x00000000   Number         0  stm32f10x_i2c.o ABSOLUTE
    ..\..\Libraries\STM32F10x_StdPeriph_Driver\src\stm32f10x_rcc.c 0x00000000   Number         0  stm32f10x_rcc.o ABSOLUTE
    ..\..\Libraries\STM32F10x_StdPeriph_Driver\src\stm32f10x_spi.c 0x00000000   Number         0  stm32f10x_spi.o ABSOLUTE
    ..\..\Libraries\STM32F10x_StdPeriph_Driver\src\stm32f10x_tim.c 0x00000000   Number         0  stm32f10x_tim.o ABSOLUTE
    ..\..\Libraries\STM32F10x_StdPeriph_Driver\src\stm32f10x_usart.c 0x00000000   Number         0  stm32f10x_usart.o ABSOLUTE
    ..\_Application\18B20.c                  0x00000000   Number         0  18b20.o ABSOLUTE
    ..\_Application\LCD_4bit.c               0x00000000   Number         0  lcd_4bit.o ABSOLUTE
    ..\_Application\MPL115A2.c               0x00000000   Number         0  mpl115a2.o ABSOLUTE
    ..\_Application\adc.c                    0x00000000   Number         0  adc.o ABSOLUTE
    ..\_Application\gps.c                    0x00000000   Number         0  gps.o ABSOLUTE
    ..\_Application\i2c.c                    0x00000000   Number         0  i2c.o ABSOLUTE
    ..\_Application\lcd_ls020.c              0x00000000   Number         0  lcd_ls020.o ABSOLUTE
    ..\_Application\main.c                   0x00000000   Number         0  main.o ABSOLUTE
    ..\_Application\rfm12.c                  0x00000000   Number         0  rfm12.o ABSOLUTE
    ..\_Application\rfm12_controller.c       0x00000000   Number         0  rfm12_controller.o ABSOLUTE
    ..\_Application\sd.c                     0x00000000   Number         0  sd.o ABSOLUTE
    ..\_Application\stm32f10x_it.c           0x00000000   Number         0  stm32f10x_it.o ABSOLUTE
    ..\_Application\usart.c                  0x00000000   Number         0  usart.o ABSOLUTE
    ..\_Application\utils.c                  0x00000000   Number         0  utils.o ABSOLUTE
    dc.s                                     0x00000000   Number         0  dc.o ABSOLUTE
    RESET                                    0x08000000   Section      336  startup_stm32f10x_cl.o(RESET)
    !!!main                                  0x08000150   Section        8  __main.o(!!!main)
    !!!scatter                               0x08000158   Section       52  __scatter.o(!!!scatter)
    !!handler_copy                           0x0800018c   Section       26  __scatter_copy.o(!!handler_copy)
    !!handler_zi                             0x080001a8   Section       28  __scatter_zi.o(!!handler_zi)
    .ARM.Collect$$_printf_percent$$00000000  0x080001c4   Section        0  _printf_percent.o(.ARM.Collect$$_printf_percent$$00000000)
    .ARM.Collect$$_printf_percent$$00000013  0x080001c4   Section        6  _printf_c.o(.ARM.Collect$$_printf_percent$$00000013)
    .ARM.Collect$$_printf_percent$$00000014  0x080001ca   Section        6  _printf_s.o(.ARM.Collect$$_printf_percent$$00000014)
    .ARM.Collect$$_printf_percent$$00000017  0x080001d0   Section        4  _printf_percent_end.o(.ARM.Collect$$_printf_percent$$00000017)
    .ARM.Collect$$libinit$$00000000          0x080001d4   Section        6  libinit.o(.ARM.Collect$$libinit$$00000000)
    .ARM.Collect$$libinit$$00000006          0x080001da   Section        0  libinit2.o(.ARM.Collect$$libinit$$00000006)
    .ARM.Collect$$libinit$$00000008          0x080001da   Section        0  libinit2.o(.ARM.Collect$$libinit$$00000008)
    .ARM.Collect$$libinit$$0000000A          0x080001da   Section        0  libinit2.o(.ARM.Collect$$libinit$$0000000A)
    .ARM.Collect$$libinit$$0000000D          0x080001da   Section        0  libinit2.o(.ARM.Collect$$libinit$$0000000D)
    .ARM.Collect$$libinit$$0000000F          0x080001da   Section        0  libinit2.o(.ARM.Collect$$libinit$$0000000F)
    .ARM.Collect$$libinit$$00000011          0x080001da   Section        0  libinit2.o(.ARM.Collect$$libinit$$00000011)
    .ARM.Collect$$libinit$$00000013          0x080001da   Section        0  libinit2.o(.ARM.Collect$$libinit$$00000013)
    .ARM.Collect$$libinit$$00000015          0x080001da   Section        0  libinit2.o(.ARM.Collect$$libinit$$00000015)
    .ARM.Collect$$libinit$$00000017          0x080001da   Section        0  libinit2.o(.ARM.Collect$$libinit$$00000017)
    .ARM.Collect$$libinit$$00000019          0x080001da   Section        0  libinit2.o(.ARM.Collect$$libinit$$00000019)
    .ARM.Collect$$libinit$$0000001B          0x080001da   Section        0  libinit2.o(.ARM.Collect$$libinit$$0000001B)
    .ARM.Collect$$libinit$$0000001D          0x080001da   Section        0  libinit2.o(.ARM.Collect$$libinit$$0000001D)
    .ARM.Collect$$libinit$$0000001F          0x080001da   Section        0  libinit2.o(.ARM.Collect$$libinit$$0000001F)
    .ARM.Collect$$libinit$$00000021          0x080001da   Section        0  libinit2.o(.ARM.Collect$$libinit$$00000021)
    .ARM.Collect$$libinit$$00000028          0x080001da   Section        0  libinit2.o(.ARM.Collect$$libinit$$00000028)
    .ARM.Collect$$libinit$$0000002A          0x080001da   Section        0  libinit2.o(.ARM.Collect$$libinit$$0000002A)
    .ARM.Collect$$libinit$$0000002C          0x080001da   Section        0  libinit2.o(.ARM.Collect$$libinit$$0000002C)
    .ARM.Collect$$libinit$$0000002E          0x080001da   Section        0  libinit2.o(.ARM.Collect$$libinit$$0000002E)
    .ARM.Collect$$libinit$$0000002F          0x080001da   Section        2  libinit2.o(.ARM.Collect$$libinit$$0000002F)
    .ARM.Collect$$libshutdown$$00000000      0x080001dc   Section        2  libshutdown.o(.ARM.Collect$$libshutdown$$00000000)
    .ARM.Collect$$libshutdown$$00000003      0x080001de   Section        0  libshutdown2.o(.ARM.Collect$$libshutdown$$00000003)
    .ARM.Collect$$libshutdown$$00000006      0x080001de   Section        0  libshutdown2.o(.ARM.Collect$$libshutdown$$00000006)
    .ARM.Collect$$libshutdown$$00000009      0x080001de   Section        0  libshutdown2.o(.ARM.Collect$$libshutdown$$00000009)
    .ARM.Collect$$libshutdown$$0000000B      0x080001de   Section        0  libshutdown2.o(.ARM.Collect$$libshutdown$$0000000B)
    .ARM.Collect$$libshutdown$$0000000E      0x080001de   Section        0  libshutdown2.o(.ARM.Collect$$libshutdown$$0000000E)
    .ARM.Collect$$libshutdown$$0000000F      0x080001de   Section        2  libshutdown2.o(.ARM.Collect$$libshutdown$$0000000F)
    .ARM.Collect$$rtentry$$00000000          0x080001e0   Section        0  rtentry.o(.ARM.Collect$$rtentry$$00000000)
    .ARM.Collect$$rtentry$$00000002          0x080001e0   Section        0  rtentry2.o(.ARM.Collect$$rtentry$$00000002)
    .ARM.Collect$$rtentry$$00000004          0x080001e0   Section        6  rtentry4.o(.ARM.Collect$$rtentry$$00000004)
    .ARM.Collect$$rtentry$$00000009          0x080001e6   Section        0  rtentry2.o(.ARM.Collect$$rtentry$$00000009)
    .ARM.Collect$$rtentry$$0000000A          0x080001e6   Section        4  rtentry2.o(.ARM.Collect$$rtentry$$0000000A)
    .ARM.Collect$$rtentry$$0000000C          0x080001ea   Section        0  rtentry2.o(.ARM.Collect$$rtentry$$0000000C)
    .ARM.Collect$$rtentry$$0000000D          0x080001ea   Section        8  rtentry2.o(.ARM.Collect$$rtentry$$0000000D)
    .ARM.Collect$$rtexit$$00000000           0x080001f2   Section        2  rtexit.o(.ARM.Collect$$rtexit$$00000000)
    .ARM.Collect$$rtexit$$00000002           0x080001f4   Section        0  rtexit2.o(.ARM.Collect$$rtexit$$00000002)
    .ARM.Collect$$rtexit$$00000003           0x080001f4   Section        4  rtexit2.o(.ARM.Collect$$rtexit$$00000003)
    .ARM.Collect$$rtexit$$00000004           0x080001f8   Section        6  rtexit2.o(.ARM.Collect$$rtexit$$00000004)
    .text                                    0x08000200   Section        0  main.o(.text)
    .text                                    0x0800090c   Section        0  stm32f10x_it.o(.text)
    .text                                    0x08000988   Section        0  gps.o(.text)
    .text                                    0x08000e70   Section        0  usart.o(.text)
    .text                                    0x08000fb0   Section        0  rfm12.o(.text)
    .text                                    0x08001400   Section        0  rfm12_controller.o(.text)
    .text                                    0x080014e0   Section        0  lcd_ls020.o(.text)
    .text                                    0x08001ae0   Section        0  utils.o(.text)
    .text                                    0x08001b0c   Section        0  misc.o(.text)
    .text                                    0x08001be8   Section        0  stm32f10x_gpio.o(.text)
    .text                                    0x08001f20   Section        0  stm32f10x_exti.o(.text)
    .text                                    0x0800203c   Section        0  stm32f10x_flash.o(.text)
    delay                                    0x080020c7   Thumb Code    14  stm32f10x_flash.o(.text)
    .text                                    0x08002564   Section        0  stm32f10x_rcc.o(.text)
    .text                                    0x08002904   Section        0  stm32f10x_tim.o(.text)
    TI4_Config                               0x08002bf5   Thumb Code    68  stm32f10x_tim.o(.text)
    TI3_Config                               0x08002c4b   Thumb Code    64  stm32f10x_tim.o(.text)
    TI2_Config                               0x08002ca1   Thumb Code    96  stm32f10x_tim.o(.text)
    TI1_Config                               0x08002d13   Thumb Code    54  stm32f10x_tim.o(.text)
    .text                                    0x08003430   Section        0  stm32f10x_usart.o(.text)
    .text                                    0x080037d8   Section        0  stm32f10x_spi.o(.text)
    .text                                    0x08003ae8   Section       56  startup_stm32f10x_cl.o(.text)
    .text                                    0x08003b20   Section        0  sd_stm32.o(.text)
    SELECT                                   0x08003b21   Thumb Code    12  sd_stm32.o(.text)
    DESELECT                                 0x08003b2d   Thumb Code    12  sd_stm32.o(.text)
    xmit_spi                                 0x08003b39   Thumb Code    28  sd_stm32.o(.text)
    rcvr_spi                                 0x08003b55   Thumb Code    52  sd_stm32.o(.text)
    rcvr_spi_m                               0x08003b89   Thumb Code    12  sd_stm32.o(.text)
    wait_ready                               0x08003b95   Thumb Code    36  sd_stm32.o(.text)
    power_on                                 0x08003bb9   Thumb Code    32  sd_stm32.o(.text)
    power_off                                0x08003bd9   Thumb Code     8  sd_stm32.o(.text)
    chk_power                                0x08003be1   Thumb Code     6  sd_stm32.o(.text)
    rcvr_datablock                           0x08003be7   Thumb Code    76  sd_stm32.o(.text)
    xmit_datablock                           0x08003c33   Thumb Code   128  sd_stm32.o(.text)
    send_cmd                                 0x08003cb3   Thumb Code   112  sd_stm32.o(.text)
    .text                                    0x080041d4   Section        2  use_no_semi_2.o(.text)
    .text                                    0x080041d8   Section        0  noretval__2printf.o(.text)
    .text                                    0x080041f0   Section        0  noretval__2sprintf.o(.text)
    .text                                    0x08004218   Section        0  _printf_str.o(.text)
    .text                                    0x0800426a   Section        0  __printf_wp.o(.text)
    .text                                    0x08004378   Section        0  strlen.o(.text)
    .text                                    0x080043b6   Section        0  heapauxi.o(.text)
    .text                                    0x080043bc   Section        2  use_no_semi.o(.text)
    .text                                    0x080043c0   Section        0  _printf_char_common.o(.text)
    _printf_input_char                       0x080043c1   Thumb Code    10  _printf_char_common.o(.text)
    .text                                    0x080043f0   Section        0  _sputc.o(.text)
    .text                                    0x080043fa   Section        0  _printf_char.o(.text)
    .text                                    0x08004428   Section        0  _printf_char_file.o(.text)
    .text                                    0x0800444c   Section        0  ferror.o(.text)
    .text                                    0x08004454   Section        8  libspace.o(.text)
    .text                                    0x0800445c   Section       74  sys_stackheap_outer.o(.text)
    .text                                    0x080044a6   Section        0  exit.o(.text)
    .text                                    0x080044b4   Section        8  rt_fp_status_addr_intlibspace.o(.text)
    i._is_digit                              0x080044bc   Section        0  __printf_wp.o(i._is_digit)
    x$fpl$fpinit                             0x080044ca   Section       14  fpinit.o(x$fpl$fpinit)
    .constdata                               0x080044d8   Section     1484  lcd_ls020.o(.constdata)
    .data                                    0x20000000   Section        4  main.o(.data)
    TimingDelay                              0x20000000   Data           4  main.o(.data)
    .data                                    0x20000004   Section       12  gps.o(.data)
    array                                    0x20000004   Data           5  gps.o(.data)
    array                                    0x20000009   Data           5  gps.o(.data)
    .data                                    0x20000010   Section        4  usart.o(.data)
    .data                                    0x20000014   Section        4  rfm12.o(.data)
    .data                                    0x20000018   Section        1  rfm12_controller.o(.data)
    .data                                    0x20000019   Section       20  stm32f10x_rcc.o(.data)
    APBAHBPrescTable                         0x20000019   Data          16  stm32f10x_rcc.o(.data)
    ADCPrescTable                            0x20000029   Data           4  stm32f10x_rcc.o(.data)
    .data                                    0x2000002d   Section        5  sd_stm32.o(.data)
    Stat                                     0x2000002d   Data           1  sd_stm32.o(.data)
    PowerFlag                                0x2000002e   Data           1  sd_stm32.o(.data)
    Timer1                                   0x2000002f   Data           1  sd_stm32.o(.data)
    Timer2                                   0x20000030   Data           1  sd_stm32.o(.data)
    CardType                                 0x20000031   Data           1  sd_stm32.o(.data)
    .bss                                     0x20000034   Section      851  gps.o(.bss)
    array                                    0x20000034   Data          12  gps.o(.bss)
    array                                    0x20000040   Data          10  gps.o(.bss)
    array                                    0x2000004a   Data          11  gps.o(.bss)
    .bss                                     0x20000387   Section      110  rfm12.o(.bss)
    .bss                                     0x200003f8   Section       74  18b20.o(.bss)
    .bss                                     0x20000442   Section       10  mpl115a2.o(.bss)
    .bss                                     0x2000044c   Section       96  libspace.o(.bss)
    HEAP                                     0x200004b0   Section      512  startup_stm32f10x_cl.o(HEAP)
    Heap_Mem                                 0x200004b0   Data         512  startup_stm32f10x_cl.o(HEAP)
    STACK                                    0x200006b0   Section     1024  startup_stm32f10x_cl.o(STACK)
    Stack_Mem                                0x200006b0   Data        1024  startup_stm32f10x_cl.o(STACK)
    __initial_sp                             0x20000ab0   Data           0  startup_stm32f10x_cl.o(STACK)

    Global Symbols

    Symbol Name                              Value     Ov Type        Size  Object(Section)

    BuildAttributes$$THM_ISAv4$P$D$K$B$S$PE$A:L22UL41UL21$X:L11$S22US41US21$IEEE1$IW$USESV6$~STKCKD$USESV7$~SHL$OTIME$ROPI$IEEEJ$EBA8$UX$STANDARDLIB$REQ8$PRES8$EABIv2 0x00000000   Number         0  anon$$obj.o ABSOLUTE
    __ARM_use_no_argv                        0x00000000   Number         0  main.o ABSOLUTE
    _printf_flags                            0x00000000   Number         0  printf_stubs.o ABSOLUTE
    _printf_return_value                     0x00000000   Number         0  printf_stubs.o ABSOLUTE
    _printf_sizespec                         0x00000000   Number         0  printf_stubs.o ABSOLUTE
    _printf_widthprec                        0x00000000   Number         0  printf_stubs.o ABSOLUTE
    __ARM_exceptions_init                     - Undefined Weak Reference
    __alloca_initialize                       - Undefined Weak Reference
    __cpp_initialize__aeabi_                  - Undefined Weak Reference
    __cxa_finalize                            - Undefined Weak Reference
    __sigvec_lookup                           - Undefined Weak Reference
    _atexit_init                              - Undefined Weak Reference
    _call_atexit_fns                          - Undefined Weak Reference
    _clock_init                               - Undefined Weak Reference
    _fp_trap_init                             - Undefined Weak Reference
    _fp_trap_shutdown                         - Undefined Weak Reference
    _get_lc_collate                           - Undefined Weak Reference
    _get_lc_ctype                             - Undefined Weak Reference
    _get_lc_monetary                          - Undefined Weak Reference
    _get_lc_time                              - Undefined Weak Reference
    _getenv_init                              - Undefined Weak Reference
    _handle_redirection                       - Undefined Weak Reference
    _init_alloc                               - Undefined Weak Reference
    _init_user_alloc                          - Undefined Weak Reference
    _initio                                   - Undefined Weak Reference
    _mutex_acquire                            - Undefined Weak Reference
    _mutex_release                            - Undefined Weak Reference
    _printf_mbtowc                            - Undefined Weak Reference
    _printf_post_padding                      - Undefined Weak Reference
    _printf_pre_padding                       - Undefined Weak Reference
    _rand_init                                - Undefined Weak Reference
    _signal_finish                            - Undefined Weak Reference
    _signal_init                              - Undefined Weak Reference
    _terminate_alloc                          - Undefined Weak Reference
    _terminate_user_alloc                     - Undefined Weak Reference
    _terminateio                              - Undefined Weak Reference
    __Vectors_Size                           0x00000150   Number         0  startup_stm32f10x_cl.o ABSOLUTE
    __Vectors                                0x08000000   Data           4  startup_stm32f10x_cl.o(RESET)
    __Vectors_End                            0x08000150   Data           0  startup_stm32f10x_cl.o(RESET)
    __main                                   0x08000151   Thumb Code     8  __main.o(!!!main)
    __scatterload                            0x08000159   Thumb Code     0  __scatter.o(!!!scatter)
    __scatterload_rt2                        0x08000159   Thumb Code    44  __scatter.o(!!!scatter)
    __scatterload_rt2_thumb_only             0x08000159   Thumb Code     0  __scatter.o(!!!scatter)
    __scatterload_null                       0x08000167   Thumb Code     0  __scatter.o(!!!scatter)
    __scatterload_copy                       0x0800018d   Thumb Code    26  __scatter_copy.o(!!handler_copy)
    __scatterload_zeroinit                   0x080001a9   Thumb Code    28  __scatter_zi.o(!!handler_zi)
    _printf_c                                0x080001c5   Thumb Code     0  _printf_c.o(.ARM.Collect$$_printf_percent$$00000013)
    _printf_percent                          0x080001c5   Thumb Code     0  _printf_percent.o(.ARM.Collect$$_printf_percent$$00000000)
    _printf_s                                0x080001cb   Thumb Code     0  _printf_s.o(.ARM.Collect$$_printf_percent$$00000014)
    _printf_percent_end                      0x080001d1   Thumb Code     0  _printf_percent_end.o(.ARM.Collect$$_printf_percent$$00000017)
    __rt_lib_init                            0x080001d5   Thumb Code     0  libinit.o(.ARM.Collect$$libinit$$00000000)
    __rt_lib_init_alloca_1                   0x080001db   Thumb Code     0  libinit2.o(.ARM.Collect$$libinit$$0000002A)
    __rt_lib_init_argv_1                     0x080001db   Thumb Code     0  libinit2.o(.ARM.Collect$$libinit$$00000028)
    __rt_lib_init_atexit_1                   0x080001db   Thumb Code     0  libinit2.o(.ARM.Collect$$libinit$$00000017)
    __rt_lib_init_clock_1                    0x080001db   Thumb Code     0  libinit2.o(.ARM.Collect$$libinit$$0000001D)
    __rt_lib_init_cpp_1                      0x080001db   Thumb Code     0  libinit2.o(.ARM.Collect$$libinit$$0000002E)
    __rt_lib_init_exceptions_1               0x080001db   Thumb Code     0  libinit2.o(.ARM.Collect$$libinit$$0000002C)
    __rt_lib_init_fp_trap_1                  0x080001db   Thumb Code     0  libinit2.o(.ARM.Collect$$libinit$$0000001B)
    __rt_lib_init_getenv_1                   0x080001db   Thumb Code     0  libinit2.o(.ARM.Collect$$libinit$$0000001F)
    __rt_lib_init_heap_1                     0x080001db   Thumb Code     0  libinit2.o(.ARM.Collect$$libinit$$00000006)
    __rt_lib_init_lc_collate_1               0x080001db   Thumb Code     0  libinit2.o(.ARM.Collect$$libinit$$0000000D)
    __rt_lib_init_lc_ctype_1                 0x080001db   Thumb Code     0  libinit2.o(.ARM.Collect$$libinit$$0000000F)
    __rt_lib_init_lc_monetary_1              0x080001db   Thumb Code     0  libinit2.o(.ARM.Collect$$libinit$$00000011)
    __rt_lib_init_lc_numeric_1               0x080001db   Thumb Code     0  libinit2.o(.ARM.Collect$$libinit$$00000013)
    __rt_lib_init_lc_time_1                  0x080001db   Thumb Code     0  libinit2.o(.ARM.Collect$$libinit$$00000015)
    __rt_lib_init_rand_1                     0x080001db   Thumb Code     0  libinit2.o(.ARM.Collect$$libinit$$0000000A)
    __rt_lib_init_return                     0x080001db   Thumb Code     0  libinit2.o(.ARM.Collect$$libinit$$0000002F)
    __rt_lib_init_signal_1                   0x080001db   Thumb Code     0  libinit2.o(.ARM.Collect$$libinit$$00000019)
    __rt_lib_init_stdio_1                    0x080001db   Thumb Code     0  libinit2.o(.ARM.Collect$$libinit$$00000021)
    __rt_lib_init_user_alloc_1               0x080001db   Thumb Code     0  libinit2.o(.ARM.Collect$$libinit$$00000008)
    __rt_lib_shutdown                        0x080001dd   Thumb Code     0  libshutdown.o(.ARM.Collect$$libshutdown$$00000000)
    __rt_lib_shutdown_fp_trap_1              0x080001df   Thumb Code     0  libshutdown2.o(.ARM.Collect$$libshutdown$$00000006)
    __rt_lib_shutdown_heap_1                 0x080001df   Thumb Code     0  libshutdown2.o(.ARM.Collect$$libshutdown$$0000000E)
    __rt_lib_shutdown_return                 0x080001df   Thumb Code     0  libshutdown2.o(.ARM.Collect$$libshutdown$$0000000F)
    __rt_lib_shutdown_signal_1               0x080001df   Thumb Code     0  libshutdown2.o(.ARM.Collect$$libshutdown$$00000009)
    __rt_lib_shutdown_stdio_1                0x080001df   Thumb Code     0  libshutdown2.o(.ARM.Collect$$libshutdown$$00000003)
    __rt_lib_shutdown_user_alloc_1           0x080001df   Thumb Code     0  libshutdown2.o(.ARM.Collect$$libshutdown$$0000000B)
    __rt_entry                               0x080001e1   Thumb Code     0  rtentry.o(.ARM.Collect$$rtentry$$00000000)
    __rt_entry_presh_1                       0x080001e1   Thumb Code     0  rtentry2.o(.ARM.Collect$$rtentry$$00000002)
    __rt_entry_sh                            0x080001e1   Thumb Code     0  rtentry4.o(.ARM.Collect$$rtentry$$00000004)
    __rt_entry_li                            0x080001e7   Thumb Code     0  rtentry2.o(.ARM.Collect$$rtentry$$0000000A)
    __rt_entry_postsh_1                      0x080001e7   Thumb Code     0  rtentry2.o(.ARM.Collect$$rtentry$$00000009)
    __rt_entry_main                          0x080001eb   Thumb Code     0  rtentry2.o(.ARM.Collect$$rtentry$$0000000D)
    __rt_entry_postli_1                      0x080001eb   Thumb Code     0  rtentry2.o(.ARM.Collect$$rtentry$$0000000C)
    __rt_exit                                0x080001f3   Thumb Code     0  rtexit.o(.ARM.Collect$$rtexit$$00000000)
    __rt_exit_ls                             0x080001f5   Thumb Code     0  rtexit2.o(.ARM.Collect$$rtexit$$00000003)
    __rt_exit_prels_1                        0x080001f5   Thumb Code     0  rtexit2.o(.ARM.Collect$$rtexit$$00000002)
    __rt_exit_exit                           0x080001f9   Thumb Code     0  rtexit2.o(.ARM.Collect$$rtexit$$00000004)
    Delay_ms                                 0x08000201   Thumb Code    54  main.o(.text)
    SysTick_Configuration                    0x08000237   Thumb Code    94  main.o(.text)
    ADC_Configuration                        0x08000295   Thumb Code     2  main.o(.text)
    DMA_Configuration                        0x08000297   Thumb Code     2  main.o(.text)
    I2C_Configuration                        0x08000299   Thumb Code     2  main.o(.text)
    TIM_Configuration                        0x0800029b   Thumb Code   148  main.o(.text)
    EXTI_Configuration                       0x0800032f   Thumb Code    40  main.o(.text)
    SPI_Configuration                        0x08000357   Thumb Code   222  main.o(.text)
    USART_Configuration                      0x08000435   Thumb Code    88  main.o(.text)
    GPIO_Configuration                       0x0800048d   Thumb Code   450  main.o(.text)
    RCC_Configuration                        0x0800064f   Thumb Code   148  main.o(.text)
    NVIC_Configuration                       0x080006e3   Thumb Code    88  main.o(.text)
    main                                     0x0800073b   Thumb Code   340  main.o(.text)
    TimingDelay_Decrement                    0x0800088f   Thumb Code    18  main.o(.text)
    NMI_Handler                              0x0800090d   Thumb Code     2  stm32f10x_it.o(.text)
    HardFault_Handler                        0x0800090f   Thumb Code     4  stm32f10x_it.o(.text)
    MemManage_Handler                        0x08000913   Thumb Code     4  stm32f10x_it.o(.text)
    BusFault_Handler                         0x08000917   Thumb Code     4  stm32f10x_it.o(.text)
    UsageFault_Handler                       0x0800091b   Thumb Code     4  stm32f10x_it.o(.text)
    SVC_Handler                              0x0800091f   Thumb Code     2  stm32f10x_it.o(.text)
    DebugMon_Handler                         0x08000921   Thumb Code     2  stm32f10x_it.o(.text)
    PendSV_Handler                           0x08000923   Thumb Code     2  stm32f10x_it.o(.text)
    SysTick_Handler                          0x08000925   Thumb Code     8  stm32f10x_it.o(.text)
    USART2_IRQHandler                        0x0800092d   Thumb Code    20  stm32f10x_it.o(.text)
    EXTI0_IRQHandler                         0x08000941   Thumb Code    36  stm32f10x_it.o(.text)
    TIM1_UP_IRQHandler                       0x08000965   Thumb Code    26  stm32f10x_it.o(.text)
    gps_init                                 0x08000989   Thumb Code    26  gps.o(.text)
    gps_time                                 0x080009a3   Thumb Code    90  gps.o(.text)
    gps_latitude                             0x080009fd   Thumb Code   214  gps.o(.text)
    gps_longitude                            0x08000ad3   Thumb Code   240  gps.o(.text)
    gps_speed                                0x08000bc3   Thumb Code   194  gps.o(.text)
    gps_direction                            0x08000c85   Thumb Code    46  gps.o(.text)
    gps_pool                                 0x08000cb3   Thumb Code   408  gps.o(.text)
    USART_Configuration2                     0x08000e71   Thumb Code   152  usart.o(.text)
    UsartGPIO_CTRT_Configuration             0x08000f09   Thumb Code    54  usart.o(.text)
    USART_CTRT_Configuartion                 0x08000f3f   Thumb Code    68  usart.o(.text)
    _sys_exit                                0x08000f83   Thumb Code     6  usart.o(.text)
    fputc                                    0x08000f89   Thumb Code    32  usart.o(.text)
    rfm12_delay                              0x08000fb1   Thumb Code    10  rfm12.o(.text)
    rf12_send                                0x08000fbb   Thumb Code    54  rfm12.o(.text)
    rf12_trans                               0x08000ff1   Thumb Code    40  rfm12.o(.text)
    rf12_init                                0x08001019   Thumb Code   144  rfm12.o(.text)
    crc_update                               0x080010a9   Thumb Code    48  rfm12.o(.text)
    rf12_read_status                         0x080010d9   Thumb Code    44  rfm12.o(.text)
    rf12_read_fifo                           0x08001105   Thumb Code    44  rfm12.o(.text)
    rf12_pool                                0x08001131   Thumb Code   170  rfm12.o(.text)
    rf12_rxstart                             0x080011db   Thumb Code    80  rfm12.o(.text)
    rf12_rxfinish                            0x0800122b   Thumb Code   134  rfm12.o(.text)
    rf12_txstart                             0x080012b1   Thumb Code   292  rfm12.o(.text)
    rf12_allstop                             0x080013d5   Thumb Code    30  rfm12.o(.text)
    rf12_controller_init                     0x08001401   Thumb Code     8  rfm12_controller.o(.text)
    rf12_controller_send_current             0x08001409   Thumb Code     2  rfm12_controller.o(.text)
    rf12_controller_send_tension             0x0800140b   Thumb Code     2  rfm12_controller.o(.text)
    rf12_controller_send_pressur             0x0800140d   Thumb Code    18  rfm12_controller.o(.text)
    rf12_controller_send_gps                 0x0800141f   Thumb Code    18  rfm12_controller.o(.text)
    rf12_controller_send_temperatures        0x08001431   Thumb Code    18  rfm12_controller.o(.text)
    rf12_controller_send                     0x08001443   Thumb Code   130  rfm12_controller.o(.text)
    LS020_wrdat                              0x080014e1   Thumb Code    62  lcd_ls020.o(.text)
    LS020_wrcmd                              0x0800151f   Thumb Code    60  lcd_ls020.o(.text)
    LS020_DrawPixelXY                        0x0800155b   Thumb Code    64  lcd_ls020.o(.text)
    LS020_DrawLine                           0x0800159b   Thumb Code   194  lcd_ls020.o(.text)
    LS020_DrawRect                           0x0800165d   Thumb Code    74  lcd_ls020.o(.text)
    LS020_DrawCircle                         0x080016a7   Thumb Code   194  lcd_ls020.o(.text)
    LS020_clrscr                             0x08001769   Thumb Code    72  lcd_ls020.o(.text)
    LS020_fill_screen                        0x080017b1   Thumb Code    74  lcd_ls020.o(.text)
    LS020_put_char                           0x080017fb   Thumb Code   146  lcd_ls020.o(.text)
    LS020_put_char_maxXY                     0x0800188d   Thumb Code   238  lcd_ls020.o(.text)
    LS020_message_centerXY                   0x0800197b   Thumb Code    70  lcd_ls020.o(.text)
    S65_init                                 0x080019c1   Thumb Code   136  lcd_ls020.o(.text)
    S65_FillScreen                           0x08001a49   Thumb Code    58  lcd_ls020.o(.text)
    S65_DrawBitmap                           0x08001a83   Thumb Code    70  lcd_ls020.o(.text)
    strLen                                   0x08001ae1   Thumb Code    18  utils.o(.text)
    strCatChar                               0x08001af3   Thumb Code    24  utils.o(.text)
    NVIC_PriorityGroupConfig                 0x08001b0d   Thumb Code    10  misc.o(.text)
    NVIC_Init                                0x08001b17   Thumb Code   102  misc.o(.text)
    NVIC_SetVectorTable                      0x08001b7d   Thumb Code    14  misc.o(.text)
    NVIC_SystemLPConfig                      0x08001b8b   Thumb Code    34  misc.o(.text)
    SysTick_CLKSourceConfig                  0x08001bad   Thumb Code    40  misc.o(.text)
    GPIO_DeInit                              0x08001be9   Thumb Code   172  stm32f10x_gpio.o(.text)
    GPIO_AFIODeInit                          0x08001c95   Thumb Code    20  stm32f10x_gpio.o(.text)
    GPIO_Init                                0x08001ca9   Thumb Code   274  stm32f10x_gpio.o(.text)
    GPIO_StructInit                          0x08001dbb   Thumb Code    16  stm32f10x_gpio.o(.text)
    GPIO_ReadInputDataBit                    0x08001dcb   Thumb Code    18  stm32f10x_gpio.o(.text)
    GPIO_ReadInputData                       0x08001ddd   Thumb Code     8  stm32f10x_gpio.o(.text)
    GPIO_ReadOutputDataBit                   0x08001de5   Thumb Code    18  stm32f10x_gpio.o(.text)
    GPIO_ReadOutputData                      0x08001df7   Thumb Code     8  stm32f10x_gpio.o(.text)
    GPIO_SetBits                             0x08001dff   Thumb Code     4  stm32f10x_gpio.o(.text)
    GPIO_ResetBits                           0x08001e03   Thumb Code     4  stm32f10x_gpio.o(.text)
    GPIO_WriteBit                            0x08001e07   Thumb Code    10  stm32f10x_gpio.o(.text)
    GPIO_Write                               0x08001e11   Thumb Code     4  stm32f10x_gpio.o(.text)
    GPIO_PinLockConfig                       0x08001e15   Thumb Code    18  stm32f10x_gpio.o(.text)
    GPIO_EventOutputConfig                   0x08001e27   Thumb Code    26  stm32f10x_gpio.o(.text)
    GPIO_EventOutputCmd                      0x08001e41   Thumb Code     6  stm32f10x_gpio.o(.text)
    GPIO_PinRemapConfig                      0x08001e47   Thumb Code   106  stm32f10x_gpio.o(.text)
    GPIO_EXTILineConfig                      0x08001eb1   Thumb Code    66  stm32f10x_gpio.o(.text)
    GPIO_ETH_MediaInterfaceConfig            0x08001ef3   Thumb Code     6  stm32f10x_gpio.o(.text)
    EXTI_DeInit                              0x08001f21   Thumb Code    28  stm32f10x_exti.o(.text)
    EXTI_Init                                0x08001f3d   Thumb Code   142  stm32f10x_exti.o(.text)
    EXTI_StructInit                          0x08001fcb   Thumb Code    16  stm32f10x_exti.o(.text)
    EXTI_GenerateSWInterrupt                 0x08001fdb   Thumb Code    16  stm32f10x_exti.o(.text)
    EXTI_GetFlagStatus                       0x08001feb   Thumb Code    22  stm32f10x_exti.o(.text)
    EXTI_ClearFlag                           0x08002001   Thumb Code     8  stm32f10x_exti.o(.text)
    EXTI_GetITStatus                         0x08002009   Thumb Code    34  stm32f10x_exti.o(.text)
    EXTI_ClearITPendingBit                   0x0800202b   Thumb Code     8  stm32f10x_exti.o(.text)
    FLASH_SetLatency                         0x0800203d   Thumb Code    18  stm32f10x_flash.o(.text)
    FLASH_HalfCycleAccessCmd                 0x0800204f   Thumb Code    22  stm32f10x_flash.o(.text)
    FLASH_PrefetchBufferCmd                  0x08002065   Thumb Code    22  stm32f10x_flash.o(.text)
    FLASH_Unlock                             0x0800207b   Thumb Code    12  stm32f10x_flash.o(.text)
    FLASH_Lock                               0x08002087   Thumb Code    14  stm32f10x_flash.o(.text)
    FLASH_GetStatus                          0x08002095   Thumb Code    50  stm32f10x_flash.o(.text)
    FLASH_WaitForLastOperation               0x080020d5   Thumb Code    42  stm32f10x_flash.o(.text)
    FLASH_ErasePage                          0x080020ff   Thumb Code    76  stm32f10x_flash.o(.text)
    FLASH_EraseAllPages                      0x0800214b   Thumb Code    72  stm32f10x_flash.o(.text)
    FLASH_EraseOptionBytes                   0x08002193   Thumb Code   142  stm32f10x_flash.o(.text)
    FLASH_ProgramWord                        0x08002221   Thumb Code   108  stm32f10x_flash.o(.text)
    FLASH_ProgramHalfWord                    0x0800228d   Thumb Code    64  stm32f10x_flash.o(.text)
    FLASH_ProgramOptionByteData              0x080022cd   Thumb Code    72  stm32f10x_flash.o(.text)
    FLASH_EnableWriteProtection              0x08002315   Thumb Code   182  stm32f10x_flash.o(.text)
    FLASH_ReadOutProtection                  0x080023cb   Thumb Code   172  stm32f10x_flash.o(.text)
    FLASH_UserOptionByteConfig               0x08002477   Thumb Code    92  stm32f10x_flash.o(.text)
    FLASH_GetUserOptionByte                  0x080024d3   Thumb Code     8  stm32f10x_flash.o(.text)
    FLASH_GetWriteProtectionOptionByte       0x080024db   Thumb Code     6  stm32f10x_flash.o(.text)
    FLASH_GetReadOutProtectionStatus         0x080024e1   Thumb Code    20  stm32f10x_flash.o(.text)
    FLASH_GetPrefetchBufferStatus            0x080024f5   Thumb Code    20  stm32f10x_flash.o(.text)
    FLASH_ITConfig                           0x08002509   Thumb Code    26  stm32f10x_flash.o(.text)
    FLASH_GetFlagStatus                      0x08002523   Thumb Code    42  stm32f10x_flash.o(.text)
    FLASH_ClearFlag                          0x0800254d   Thumb Code     6  stm32f10x_flash.o(.text)
    RCC_DeInit                               0x08002565   Thumb Code    64  stm32f10x_rcc.o(.text)
    RCC_HSEConfig                            0x080025a5   Thumb Code    70  stm32f10x_rcc.o(.text)
    RCC_GetFlagStatus                        0x080025eb   Thumb Code    56  stm32f10x_rcc.o(.text)
    RCC_WaitForHSEStartUp                    0x08002623   Thumb Code    48  stm32f10x_rcc.o(.text)
    RCC_AdjustHSICalibrationValue            0x08002653   Thumb Code    20  stm32f10x_rcc.o(.text)
    RCC_HSICmd                               0x08002667   Thumb Code     6  stm32f10x_rcc.o(.text)
    RCC_PLLConfig                            0x0800266d   Thumb Code    24  stm32f10x_rcc.o(.text)
    RCC_PLLCmd                               0x08002685   Thumb Code     6  stm32f10x_rcc.o(.text)
    RCC_SYSCLKConfig                         0x0800268b   Thumb Code    18  stm32f10x_rcc.o(.text)
    RCC_GetSYSCLKSource                      0x0800269d   Thumb Code    10  stm32f10x_rcc.o(.text)
    RCC_HCLKConfig                           0x080026a7   Thumb Code    18  stm32f10x_rcc.o(.text)
    RCC_PCLK1Config                          0x080026b9   Thumb Code    18  stm32f10x_rcc.o(.text)
    RCC_PCLK2Config                          0x080026cb   Thumb Code    20  stm32f10x_rcc.o(.text)
    RCC_ITConfig                             0x080026df   Thumb Code    30  stm32f10x_rcc.o(.text)
    RCC_USBCLKConfig                         0x080026fd   Thumb Code     6  stm32f10x_rcc.o(.text)
    RCC_ADCCLKConfig                         0x08002703   Thumb Code    18  stm32f10x_rcc.o(.text)
    RCC_LSEConfig                            0x08002715   Thumb Code    44  stm32f10x_rcc.o(.text)
    RCC_LSICmd                               0x08002741   Thumb Code     6  stm32f10x_rcc.o(.text)
    RCC_RTCCLKConfig                         0x08002747   Thumb Code    12  stm32f10x_rcc.o(.text)
    RCC_RTCCLKCmd                            0x08002753   Thumb Code     8  stm32f10x_rcc.o(.text)
    RCC_GetClocksFreq                        0x0800275b   Thumb Code   192  stm32f10x_rcc.o(.text)
    RCC_AHBPeriphClockCmd                    0x0800281b   Thumb Code    26  stm32f10x_rcc.o(.text)
    RCC_APB2PeriphClockCmd                   0x08002835   Thumb Code    26  stm32f10x_rcc.o(.text)
    RCC_APB1PeriphClockCmd                   0x0800284f   Thumb Code    26  stm32f10x_rcc.o(.text)
    RCC_APB2PeriphResetCmd                   0x08002869   Thumb Code    26  stm32f10x_rcc.o(.text)
    RCC_APB1PeriphResetCmd                   0x08002883   Thumb Code    26  stm32f10x_rcc.o(.text)
    RCC_BackupResetCmd                       0x0800289d   Thumb Code     8  stm32f10x_rcc.o(.text)
    RCC_ClockSecuritySystemCmd               0x080028a5   Thumb Code     6  stm32f10x_rcc.o(.text)
    RCC_MCOConfig                            0x080028ab   Thumb Code     6  stm32f10x_rcc.o(.text)
    RCC_ClearFlag                            0x080028b1   Thumb Code    14  stm32f10x_rcc.o(.text)
    RCC_GetITStatus                          0x080028bf   Thumb Code    20  stm32f10x_rcc.o(.text)
    RCC_ClearITPendingBit                    0x080028d3   Thumb Code     6  stm32f10x_rcc.o(.text)
    TIM_DeInit                               0x08002905   Thumb Code   196  stm32f10x_tim.o(.text)
    TIM_TimeBaseInit                         0x080029c9   Thumb Code    50  stm32f10x_tim.o(.text)
    TIM_OC1Init                              0x080029fb   Thumb Code   110  stm32f10x_tim.o(.text)
    TIM_OC2Init                              0x08002a69   Thumb Code   140  stm32f10x_tim.o(.text)
    TIM_OC3Init                              0x08002af5   Thumb Code   136  stm32f10x_tim.o(.text)
    TIM_OC4Init                              0x08002b7d   Thumb Code    98  stm32f10x_tim.o(.text)
    TIM_SetIC4Prescaler                      0x08002bdf   Thumb Code    22  stm32f10x_tim.o(.text)
    TIM_SetIC3Prescaler                      0x08002c39   Thumb Code    18  stm32f10x_tim.o(.text)
    TIM_SetIC2Prescaler                      0x08002c8b   Thumb Code    22  stm32f10x_tim.o(.text)
    TIM_SetIC1Prescaler                      0x08002d01   Thumb Code    18  stm32f10x_tim.o(.text)
    TIM_ICInit                               0x08002d49   Thumb Code   110  stm32f10x_tim.o(.text)
    TIM_PWMIConfig                           0x08002db7   Thumb Code   124  stm32f10x_tim.o(.text)
    TIM_BDTRConfig                           0x08002e33   Thumb Code    32  stm32f10x_tim.o(.text)
    TIM_TimeBaseStructInit                   0x08002e53   Thumb Code    18  stm32f10x_tim.o(.text)
    TIM_OCStructInit                         0x08002e65   Thumb Code    20  stm32f10x_tim.o(.text)
    TIM_ICStructInit                         0x08002e79   Thumb Code    18  stm32f10x_tim.o(.text)
    TIM_BDTRStructInit                       0x08002e8b   Thumb Code    18  stm32f10x_tim.o(.text)
    TIM_Cmd                                  0x08002e9d   Thumb Code    24  stm32f10x_tim.o(.text)
    TIM_CtrlPWMOutputs                       0x08002eb5   Thumb Code    30  stm32f10x_tim.o(.text)
    TIM_ITConfig                             0x08002ed3   Thumb Code    24  stm32f10x_tim.o(.text)
    TIM_GenerateEvent                        0x08002eeb   Thumb Code     4  stm32f10x_tim.o(.text)
    TIM_DMAConfig                            0x08002eef   Thumb Code    10  stm32f10x_tim.o(.text)
    TIM_DMACmd                               0x08002ef9   Thumb Code    24  stm32f10x_tim.o(.text)
    TIM_InternalClockConfig                  0x08002f11   Thumb Code    12  stm32f10x_tim.o(.text)
    TIM_SelectInputTrigger                   0x08002f1d   Thumb Code    18  stm32f10x_tim.o(.text)
    TIM_ITRxExternalClockConfig              0x08002f2f   Thumb Code    24  stm32f10x_tim.o(.text)
    TIM_TIxExternalClockConfig               0x08002f47   Thumb Code    62  stm32f10x_tim.o(.text)
    TIM_ETRConfig                            0x08002f85   Thumb Code    24  stm32f10x_tim.o(.text)
    TIM_ETRClockMode1Config                  0x08002f9d   Thumb Code    54  stm32f10x_tim.o(.text)
    TIM_ETRClockMode2Config                  0x08002fd3   Thumb Code    32  stm32f10x_tim.o(.text)
    TIM_PrescalerConfig                      0x08002ff3   Thumb Code     6  stm32f10x_tim.o(.text)
    TIM_CounterModeConfig                    0x08002ff9   Thumb Code    18  stm32f10x_tim.o(.text)
    TIM_EncoderInterfaceConfig               0x0800300b   Thumb Code    62  stm32f10x_tim.o(.text)
    TIM_ForcedOC1Config                      0x08003049   Thumb Code    18  stm32f10x_tim.o(.text)
    TIM_ForcedOC2Config                      0x0800305b   Thumb Code    22  stm32f10x_tim.o(.text)
    TIM_ForcedOC3Config                      0x08003071   Thumb Code    18  stm32f10x_tim.o(.text)
    TIM_ForcedOC4Config                      0x08003083   Thumb Code    22  stm32f10x_tim.o(.text)
    TIM_ARRPreloadConfig                     0x08003099   Thumb Code    24  stm32f10x_tim.o(.text)
    TIM_SelectCOM                            0x080030b1   Thumb Code    24  stm32f10x_tim.o(.text)
    TIM_SelectCCDMA                          0x080030c9   Thumb Code    24  stm32f10x_tim.o(.text)
    TIM_CCPreloadControl                     0x080030e1   Thumb Code    24  stm32f10x_tim.o(.text)
    TIM_OC1PreloadConfig                     0x080030f9   Thumb Code    18  stm32f10x_tim.o(.text)
    TIM_OC2PreloadConfig                     0x0800310b   Thumb Code    22  stm32f10x_tim.o(.text)
    TIM_OC3PreloadConfig                     0x08003121   Thumb Code    18  stm32f10x_tim.o(.text)
    TIM_OC4PreloadConfig                     0x08003133   Thumb Code    22  stm32f10x_tim.o(.text)
    TIM_OC1FastConfig                        0x08003149   Thumb Code    18  stm32f10x_tim.o(.text)
    TIM_OC2FastConfig                        0x0800315b   Thumb Code    22  stm32f10x_tim.o(.text)
    TIM_OC3FastConfig                        0x08003171   Thumb Code    18  stm32f10x_tim.o(.text)
    TIM_OC4FastConfig                        0x08003183   Thumb Code    22  stm32f10x_tim.o(.text)
    TIM_ClearOC1Ref                          0x08003199   Thumb Code    18  stm32f10x_tim.o(.text)
    TIM_ClearOC2Ref                          0x080031ab   Thumb Code    20  stm32f10x_tim.o(.text)
    TIM_ClearOC3Ref                          0x080031bf   Thumb Code    18  stm32f10x_tim.o(.text)
    TIM_ClearOC4Ref                          0x080031d1   Thumb Code    20  stm32f10x_tim.o(.text)
    TIM_OC1PolarityConfig                    0x080031e5   Thumb Code    18  stm32f10x_tim.o(.text)
    TIM_OC1NPolarityConfig                   0x080031f7   Thumb Code    18  stm32f10x_tim.o(.text)
    TIM_OC2PolarityConfig                    0x08003209   Thumb Code    22  stm32f10x_tim.o(.text)
    TIM_OC2NPolarityConfig                   0x0800321f   Thumb Code    22  stm32f10x_tim.o(.text)
    TIM_OC3PolarityConfig                    0x08003235   Thumb Code    22  stm32f10x_tim.o(.text)
    TIM_OC3NPolarityConfig                   0x0800324b   Thumb Code    22  stm32f10x_tim.o(.text)
    TIM_OC4PolarityConfig                    0x08003261   Thumb Code    22  stm32f10x_tim.o(.text)
    TIM_CCxCmd                               0x08003277   Thumb Code    34  stm32f10x_tim.o(.text)
    TIM_CCxNCmd                              0x08003299   Thumb Code    34  stm32f10x_tim.o(.text)
    TIM_SelectOCxM                           0x080032bb   Thumb Code    86  stm32f10x_tim.o(.text)
    TIM_UpdateDisableConfig                  0x08003311   Thumb Code    24  stm32f10x_tim.o(.text)
    TIM_UpdateRequestConfig                  0x08003329   Thumb Code    24  stm32f10x_tim.o(.text)
    TIM_SelectHallSensor                     0x08003341   Thumb Code    24  stm32f10x_tim.o(.text)
    TIM_SelectOnePulseMode                   0x08003359   Thumb Code    18  stm32f10x_tim.o(.text)
    TIM_SelectOutputTrigger                  0x0800336b   Thumb Code    18  stm32f10x_tim.o(.text)
    TIM_SelectSlaveMode                      0x0800337d   Thumb Code    18  stm32f10x_tim.o(.text)
    TIM_SelectMasterSlaveMode                0x0800338f   Thumb Code    18  stm32f10x_tim.o(.text)
    TIM_SetCounter                           0x080033a1   Thumb Code     4  stm32f10x_tim.o(.text)
    TIM_SetAutoreload                        0x080033a5   Thumb Code     4  stm32f10x_tim.o(.text)
    TIM_SetCompare1                          0x080033a9   Thumb Code     4  stm32f10x_tim.o(.text)
    TIM_SetCompare2                          0x080033ad   Thumb Code     4  stm32f10x_tim.o(.text)
    TIM_SetCompare3                          0x080033b1   Thumb Code     4  stm32f10x_tim.o(.text)
    TIM_SetCompare4                          0x080033b5   Thumb Code     6  stm32f10x_tim.o(.text)
    TIM_SetClockDivision                     0x080033bb   Thumb Code    14  stm32f10x_tim.o(.text)
    TIM_GetCapture1                          0x080033c9   Thumb Code     6  stm32f10x_tim.o(.text)
    TIM_GetCapture2                          0x080033cf   Thumb Code     6  stm32f10x_tim.o(.text)
    TIM_GetCapture3                          0x080033d5   Thumb Code     6  stm32f10x_tim.o(.text)
    TIM_GetCapture4                          0x080033db   Thumb Code     8  stm32f10x_tim.o(.text)
    TIM_GetCounter                           0x080033e3   Thumb Code     6  stm32f10x_tim.o(.text)
    TIM_GetPrescaler                         0x080033e9   Thumb Code     6  stm32f10x_tim.o(.text)
    TIM_GetFlagStatus                        0x080033ef   Thumb Code    18  stm32f10x_tim.o(.text)
    TIM_ClearFlag                            0x08003401   Thumb Code     6  stm32f10x_tim.o(.text)
    TIM_GetITStatus                          0x08003407   Thumb Code    34  stm32f10x_tim.o(.text)
    TIM_ClearITPendingBit                    0x08003429   Thumb Code     6  stm32f10x_tim.o(.text)
    USART_DeInit                             0x08003431   Thumb Code   134  stm32f10x_usart.o(.text)
    USART_Init                               0x080034b7   Thumb Code   156  stm32f10x_usart.o(.text)
    USART_StructInit                         0x08003553   Thumb Code    24  stm32f10x_usart.o(.text)
    USART_ClockInit                          0x0800356b   Thumb Code    34  stm32f10x_usart.o(.text)
    USART_ClockStructInit                    0x0800358d   Thumb Code    12  stm32f10x_usart.o(.text)
    USART_Cmd                                0x08003599   Thumb Code    24  stm32f10x_usart.o(.text)
    USART_ITConfig                           0x080035b1   Thumb Code    74  stm32f10x_usart.o(.text)
    USART_DMACmd                             0x080035fb   Thumb Code    24  stm32f10x_usart.o(.text)
    USART_SetAddress                         0x08003613   Thumb Code    18  stm32f10x_usart.o(.text)
    USART_WakeUpConfig                       0x08003625   Thumb Code    18  stm32f10x_usart.o(.text)
    USART_ReceiverWakeUpCmd                  0x08003637   Thumb Code    24  stm32f10x_usart.o(.text)
    USART_LINBreakDetectLengthConfig         0x0800364f   Thumb Code    18  stm32f10x_usart.o(.text)
    USART_LINCmd                             0x08003661   Thumb Code    24  stm32f10x_usart.o(.text)
    USART_SendData                           0x08003679   Thumb Code     8  stm32f10x_usart.o(.text)
    USART_ReceiveData                        0x08003681   Thumb Code    10  stm32f10x_usart.o(.text)
    USART_SendBreak                          0x0800368b   Thumb Code    10  stm32f10x_usart.o(.text)
    USART_SetGuardTime                       0x08003695   Thumb Code    16  stm32f10x_usart.o(.text)
    USART_SetPrescaler                       0x080036a5   Thumb Code    16  stm32f10x_usart.o(.text)
    USART_SmartCardCmd                       0x080036b5   Thumb Code    24  stm32f10x_usart.o(.text)
    USART_SmartCardNACKCmd                   0x080036cd   Thumb Code    24  stm32f10x_usart.o(.text)
    USART_HalfDuplexCmd                      0x080036e5   Thumb Code    24  stm32f10x_usart.o(.text)
    USART_IrDAConfig                         0x080036fd   Thumb Code    18  stm32f10x_usart.o(.text)
    USART_IrDACmd                            0x0800370f   Thumb Code    24  stm32f10x_usart.o(.text)
    USART_GetFlagStatus                      0x08003727   Thumb Code    26  stm32f10x_usart.o(.text)
    USART_ClearFlag                          0x08003741   Thumb Code    18  stm32f10x_usart.o(.text)
    USART_GetITStatus                        0x08003753   Thumb Code    84  stm32f10x_usart.o(.text)
    USART_ClearITPendingBit                  0x080037a7   Thumb Code    30  stm32f10x_usart.o(.text)
    SPI_I2S_DeInit                           0x080037d9   Thumb Code    76  stm32f10x_spi.o(.text)
    SPI_Init                                 0x08003825   Thumb Code    60  stm32f10x_spi.o(.text)
    I2S_Init                                 0x08003861   Thumb Code   222  stm32f10x_spi.o(.text)
    SPI_StructInit                           0x0800393f   Thumb Code    24  stm32f10x_spi.o(.text)
    I2S_StructInit                           0x08003957   Thumb Code    20  stm32f10x_spi.o(.text)
    SPI_Cmd                                  0x0800396b   Thumb Code    24  stm32f10x_spi.o(.text)
    I2S_Cmd                                  0x08003983   Thumb Code    24  stm32f10x_spi.o(.text)
    SPI_I2S_ITConfig                         0x0800399b   Thumb Code    36  stm32f10x_spi.o(.text)
    SPI_I2S_DMACmd                           0x080039bf   Thumb Code    24  stm32f10x_spi.o(.text)
    SPI_I2S_SendData                         0x080039d7   Thumb Code     4  stm32f10x_spi.o(.text)
    SPI_I2S_ReceiveData                      0x080039db   Thumb Code     6  stm32f10x_spi.o(.text)
    SPI_NSSInternalSoftwareConfig            0x080039e1   Thumb Code    30  stm32f10x_spi.o(.text)
    SPI_SSOutputCmd                          0x080039ff   Thumb Code    24  stm32f10x_spi.o(.text)
    SPI_DataSizeConfig                       0x08003a17   Thumb Code    18  stm32f10x_spi.o(.text)
    SPI_TransmitCRC                          0x08003a29   Thumb Code    10  stm32f10x_spi.o(.text)
    SPI_CalculateCRC                         0x08003a33   Thumb Code    24  stm32f10x_spi.o(.text)
    SPI_GetCRC                               0x08003a4b   Thumb Code    16  stm32f10x_spi.o(.text)
    SPI_GetCRCPolynomial                     0x08003a5b   Thumb Code     6  stm32f10x_spi.o(.text)
    SPI_BiDirectionalLineConfig              0x08003a61   Thumb Code    28  stm32f10x_spi.o(.text)
    SPI_I2S_GetFlagStatus                    0x08003a7d   Thumb Code    18  stm32f10x_spi.o(.text)
    SPI_I2S_ClearFlag                        0x08003a8f   Thumb Code     6  stm32f10x_spi.o(.text)
    SPI_I2S_GetITStatus                      0x08003a95   Thumb Code    52  stm32f10x_spi.o(.text)
    SPI_I2S_ClearITPendingBit                0x08003ac9   Thumb Code    20  stm32f10x_spi.o(.text)
    Reset_Handler                            0x08003ae9   Thumb Code     4  startup_stm32f10x_cl.o(.text)
    ADC1_2_IRQHandler                        0x08003aff   Thumb Code     0  startup_stm32f10x_cl.o(.text)
    CAN1_RX0_IRQHandler                      0x08003aff   Thumb Code     0  startup_stm32f10x_cl.o(.text)
    CAN1_RX1_IRQHandler                      0x08003aff   Thumb Code     0  startup_stm32f10x_cl.o(.text)
    CAN1_SCE_IRQHandler                      0x08003aff   Thumb Code     0  startup_stm32f10x_cl.o(.text)
    CAN1_TX_IRQHandler                       0x08003aff   Thumb Code     0  startup_stm32f10x_cl.o(.text)
    CAN2_RX0_IRQHandler                      0x08003aff   Thumb Code     0  startup_stm32f10x_cl.o(.text)
    CAN2_RX1_IRQHandler                      0x08003aff   Thumb Code     0  startup_stm32f10x_cl.o(.text)
    CAN2_SCE_IRQHandler                      0x08003aff   Thumb Code     0  startup_stm32f10x_cl.o(.text)
    CAN2_TX_IRQHandler                       0x08003aff   Thumb Code     0  startup_stm32f10x_cl.o(.text)
    DMA1_Channel1_IRQHandler                 0x08003aff   Thumb Code     0  startup_stm32f10x_cl.o(.text)
    DMA1_Channel2_IRQHandler                 0x08003aff   Thumb Code     0  startup_stm32f10x_cl.o(.text)
    DMA1_Channel3_IRQHandler                 0x08003aff   Thumb Code     0  startup_stm32f10x_cl.o(.text)
    DMA1_Channel4_IRQHandler                 0x08003aff   Thumb Code     0  startup_stm32f10x_cl.o(.text)
    DMA1_Channel5_IRQHandler                 0x08003aff   Thumb Code     0  startup_stm32f10x_cl.o(.text)
    DMA1_Channel6_IRQHandler                 0x08003aff   Thumb Code     0  startup_stm32f10x_cl.o(.text)
    DMA1_Channel7_IRQHandler                 0x08003aff   Thumb Code     0  startup_stm32f10x_cl.o(.text)
    DMA2_Channel1_IRQHandler                 0x08003aff   Thumb Code     0  startup_stm32f10x_cl.o(.text)
    DMA2_Channel2_IRQHandler                 0x08003aff   Thumb Code     0  startup_stm32f10x_cl.o(.text)
    DMA2_Channel3_IRQHandler                 0x08003aff   Thumb Code     0  startup_stm32f10x_cl.o(.text)
    DMA2_Channel4_IRQHandler                 0x08003aff   Thumb Code     0  startup_stm32f10x_cl.o(.text)
    DMA2_Channel5_IRQHandler                 0x08003aff   Thumb Code     0  startup_stm32f10x_cl.o(.text)
    ETH_IRQHandler                           0x08003aff   Thumb Code     0  startup_stm32f10x_cl.o(.text)
    ETH_WKUP_IRQHandler                      0x08003aff   Thumb Code     0  startup_stm32f10x_cl.o(.text)
    EXTI15_10_IRQHandler                     0x08003aff   Thumb Code     0  startup_stm32f10x_cl.o(.text)
    EXTI1_IRQHandler                         0x08003aff   Thumb Code     0  startup_stm32f10x_cl.o(.text)
    EXTI2_IRQHandler                         0x08003aff   Thumb Code     0  startup_stm32f10x_cl.o(.text)
    EXTI3_IRQHandler                         0x08003aff   Thumb Code     0  startup_stm32f10x_cl.o(.text)
    EXTI4_IRQHandler                         0x08003aff   Thumb Code     0  startup_stm32f10x_cl.o(.text)
    EXTI9_5_IRQHandler                       0x08003aff   Thumb Code     0  startup_stm32f10x_cl.o(.text)
    FLASH_IRQHandler                         0x08003aff   Thumb Code     0  startup_stm32f10x_cl.o(.text)
    I2C1_ER_IRQHandler                       0x08003aff   Thumb Code     0  startup_stm32f10x_cl.o(.text)
    I2C1_EV_IRQHandler                       0x08003aff   Thumb Code     0  startup_stm32f10x_cl.o(.text)
    I2C2_ER_IRQHandler                       0x08003aff   Thumb Code     0  startup_stm32f10x_cl.o(.text)
    I2C2_EV_IRQHandler                       0x08003aff   Thumb Code     0  startup_stm32f10x_cl.o(.text)
    OTG_FS_IRQHandler                        0x08003aff   Thumb Code     0  startup_stm32f10x_cl.o(.text)
    OTG_FS_WKUP_IRQHandler                   0x08003aff   Thumb Code     0  startup_stm32f10x_cl.o(.text)
    PVD_IRQHandler                           0x08003aff   Thumb Code     0  startup_stm32f10x_cl.o(.text)
    RCC_IRQHandler                           0x08003aff   Thumb Code     0  startup_stm32f10x_cl.o(.text)
    RTCAlarm_IRQHandler                      0x08003aff   Thumb Code     0  startup_stm32f10x_cl.o(.text)
    RTC_IRQHandler                           0x08003aff   Thumb Code     0  startup_stm32f10x_cl.o(.text)
    SPI1_IRQHandler                          0x08003aff   Thumb Code     0  startup_stm32f10x_cl.o(.text)
    SPI2_IRQHandler                          0x08003aff   Thumb Code     0  startup_stm32f10x_cl.o(.text)
    SPI3_IRQHandler                          0x08003aff   Thumb Code     0  startup_stm32f10x_cl.o(.text)
    TAMPER_IRQHandler                        0x08003aff   Thumb Code     0  startup_stm32f10x_cl.o(.text)
    TIM1_BRK_IRQHandler                      0x08003aff   Thumb Code     0  startup_stm32f10x_cl.o(.text)
    TIM1_CC_IRQHandler                       0x08003aff   Thumb Code     0  startup_stm32f10x_cl.o(.text)
    TIM1_TRG_COM_IRQHandler                  0x08003aff   Thumb Code     0  startup_stm32f10x_cl.o(.text)
    TIM2_IRQHandler                          0x08003aff   Thumb Code     0  startup_stm32f10x_cl.o(.text)
    TIM3_IRQHandler                          0x08003aff   Thumb Code     0  startup_stm32f10x_cl.o(.text)
    TIM4_IRQHandler                          0x08003aff   Thumb Code     0  startup_stm32f10x_cl.o(.text)
    TIM5_IRQHandler                          0x08003aff   Thumb Code     0  startup_stm32f10x_cl.o(.text)
    TIM6_IRQHandler                          0x08003aff   Thumb Code     0  startup_stm32f10x_cl.o(.text)
    TIM7_IRQHandler                          0x08003aff   Thumb Code     0  startup_stm32f10x_cl.o(.text)
    UART4_IRQHandler                         0x08003aff   Thumb Code     0  startup_stm32f10x_cl.o(.text)
    UART5_IRQHandler                         0x08003aff   Thumb Code     0  startup_stm32f10x_cl.o(.text)
    USART1_IRQHandler                        0x08003aff   Thumb Code     0  startup_stm32f10x_cl.o(.text)
    USART3_IRQHandler                        0x08003aff   Thumb Code     0  startup_stm32f10x_cl.o(.text)
    WWDG_IRQHandler                          0x08003aff   Thumb Code     0  startup_stm32f10x_cl.o(.text)
    __user_initial_stackheap                 0x08003b01   Thumb Code     0  startup_stm32f10x_cl.o(.text)
    disk_initialize                          0x08003d23   Thumb Code   344  sd_stm32.o(.text)
    disk_status                              0x08003e7b   Thumb Code    14  sd_stm32.o(.text)
    disk_read                                0x08003e89   Thumb Code   176  sd_stm32.o(.text)
    disk_write                               0x08003f39   Thumb Code   188  sd_stm32.o(.text)
    disk_ioctl                               0x08003ff5   Thumb Code   420  sd_stm32.o(.text)
    disk_timerproc                           0x08004199   Thumb Code    34  sd_stm32.o(.text)
    get_fattime                              0x080041bb   Thumb Code     4  sd_stm32.o(.text)
    __use_no_semihosting                     0x080041d5   Thumb Code     2  use_no_semi_2.o(.text)
    __2printf                                0x080041d9   Thumb Code    20  noretval__2printf.o(.text)
    __2sprintf                               0x080041f1   Thumb Code    34  noretval__2sprintf.o(.text)
    _printf_str                              0x08004219   Thumb Code    82  _printf_str.o(.text)
    __printf                                 0x0800426b   Thumb Code   270  __printf_wp.o(.text)
    strlen                                   0x08004379   Thumb Code    62  strlen.o(.text)
    __use_two_region_memory                  0x080043b7   Thumb Code     2  heapauxi.o(.text)
    __rt_heap_escrow$2region                 0x080043b9   Thumb Code     2  heapauxi.o(.text)
    __rt_heap_expand$2region                 0x080043bb   Thumb Code     2  heapauxi.o(.text)
    __I$use$semihosting                      0x080043bd   Thumb Code     0  use_no_semi.o(.text)
    __use_no_semihosting_swi                 0x080043bd   Thumb Code     2  use_no_semi.o(.text)
    _printf_char_common                      0x080043cb   Thumb Code    32  _printf_char_common.o(.text)
    _sputc                                   0x080043f1   Thumb Code    10  _sputc.o(.text)
    _printf_cs_common                        0x080043fb   Thumb Code    20  _printf_char.o(.text)
    _printf_char                             0x0800440f   Thumb Code    16  _printf_char.o(.text)
    _printf_string                           0x0800441f   Thumb Code     8  _printf_char.o(.text)
    _printf_char_file                        0x08004429   Thumb Code    32  _printf_char_file.o(.text)
    ferror                                   0x0800444d   Thumb Code     8  ferror.o(.text)
    __user_libspace                          0x08004455   Thumb Code     8  libspace.o(.text)
    __user_perproc_libspace                  0x08004455   Thumb Code     0  libspace.o(.text)
    __user_perthread_libspace                0x08004455   Thumb Code     0  libspace.o(.text)
    __user_setup_stackheap                   0x0800445d   Thumb Code    74  sys_stackheap_outer.o(.text)
    exit                                     0x080044a7   Thumb Code    12  exit.o(.text)
    __rt_fp_status_addr                      0x080044b5   Thumb Code     8  rt_fp_status_addr_intlibspace.o(.text)
    _is_digit                                0x080044bd   Thumb Code    14  __printf_wp.o(i._is_digit)
    _fp_init                                 0x080044cb   Thumb Code    14  fpinit.o(x$fpl$fpinit)
    __fplib_config_pureend_doubles           0x080044d7   Thumb Code     0  fpinit.o(x$fpl$fpinit)
    S65_CMD_INIT1                            0x080044d8   Data           8  lcd_ls020.o(.constdata)
    S65_CMD_INIT2                            0x080044e0   Data          40  lcd_ls020.o(.constdata)
    S65_CMD_INIT3                            0x08004508   Data          80  lcd_ls020.o(.constdata)
    S65_CMD_INIT4                            0x08004558   Data          12  lcd_ls020.o(.constdata)
    ascii_tab                                0x08004564   Data        1344  lcd_ls020.o(.constdata)
    Region$$Table$$Base                      0x08004aa4   Number         0  anon$$obj.o(Region$$Table)
    Region$$Table$$Limit                     0x08004ac4   Number         0  anon$$obj.o(Region$$Table)
    RxCounter                                0x2000000e   Data           2  gps.o(.data)
    __stdout                                 0x20000010   Data           4  usart.o(.data)
    rf12_index                               0x20000014   Data           1  rfm12.o(.data)
    rf12_rx                                  0x20000015   Data           1  rfm12.o(.data)
    rf12_tx                                  0x20000016   Data           1  rfm12.o(.data)
    rf12_new                                 0x20000017   Data           1  rfm12.o(.data)
    rf12_data_type                           0x20000018   Data           1  rfm12_controller.o(.data)
    gps_string                               0x20000055   Data          50  gps.o(.bss)
    RxBuffer                                 0x20000087   Data         256  gps.o(.bss)
    RxBufferVTG                              0x20000187   Data         256  gps.o(.bss)
    RxBufferRMC                              0x20000287   Data         256  gps.o(.bss)
    rf12_data                                0x20000387   Data         110  rfm12.o(.bss)
    temp_measurements                        0x200003f8   Data          24  18b20.o(.bss)
    temp_measurements_string                 0x20000410   Data          50  18b20.o(.bss)
    mpl115a2_pressure_string                 0x20000442   Data          10  mpl115a2.o(.bss)
    __libspace_start                         0x2000044c   Data          96  libspace.o(.bss)
    __temporary_stack_top$libspace           0x200004ac   Data           0  libspace.o(.bss)



==============================================================================

Memory Map of the image

  Image Entry point : 0x08000151

  Load Region LR_IROM1 (Base: 0x08000000, Size: 0x00004af8, Max: 0x00020000, ABSOLUTE)

    Execution Region ER_IROM1 (Base: 0x08000000, Size: 0x00004ac4, Max: 0x00020000, ABSOLUTE)

    Base Addr    Size         Type   Attr      Idx    E Section Name        Object

    0x08000000   0x00000150   Data   RO          517    RESET               startup_stm32f10x_cl.o
    0x08000150   0x00000008   Code   RO          608  * !!!main             c_w.l(__main.o)
    0x08000158   0x00000034   Code   RO          874    !!!scatter          c_w.l(__scatter.o)
    0x0800018c   0x0000001a   Code   RO          876    !!handler_copy      c_w.l(__scatter_copy.o)
    0x080001a6   0x00000002   PAD
    0x080001a8   0x0000001c   Code   RO          878    !!handler_zi        c_w.l(__scatter_zi.o)
    0x080001c4   0x00000000   Code   RO          603    .ARM.Collect$$_printf_percent$$00000000  c_w.l(_printf_percent.o)
    0x080001c4   0x00000006   Code   RO          600    .ARM.Collect$$_printf_percent$$00000013  c_w.l(_printf_c.o)
    0x080001ca   0x00000006   Code   RO          601    .ARM.Collect$$_printf_percent$$00000014  c_w.l(_printf_s.o)
    0x080001d0   0x00000004   Code   RO          665    .ARM.Collect$$_printf_percent$$00000017  c_w.l(_printf_percent_end.o)
    0x080001d4   0x00000006   Code   RO          751    .ARM.Collect$$libinit$$00000000  c_w.l(libinit.o)
    0x080001da   0x00000000   Code   RO          754    .ARM.Collect$$libinit$$00000006  c_w.l(libinit2.o)
    0x080001da   0x00000000   Code   RO          756    .ARM.Collect$$libinit$$00000008  c_w.l(libinit2.o)
    0x080001da   0x00000000   Code   RO          758    .ARM.Collect$$libinit$$0000000A  c_w.l(libinit2.o)
    0x080001da   0x00000000   Code   RO          761    .ARM.Collect$$libinit$$0000000D  c_w.l(libinit2.o)
    0x080001da   0x00000000   Code   RO          763    .ARM.Collect$$libinit$$0000000F  c_w.l(libinit2.o)
    0x080001da   0x00000000   Code   RO          765    .ARM.Collect$$libinit$$00000011  c_w.l(libinit2.o)
    0x080001da   0x00000000   Code   RO          767    .ARM.Collect$$libinit$$00000013  c_w.l(libinit2.o)
    0x080001da   0x00000000   Code   RO          769    .ARM.Collect$$libinit$$00000015  c_w.l(libinit2.o)
    0x080001da   0x00000000   Code   RO          771    .ARM.Collect$$libinit$$00000017  c_w.l(libinit2.o)
    0x080001da   0x00000000   Code   RO          773    .ARM.Collect$$libinit$$00000019  c_w.l(libinit2.o)
    0x080001da   0x00000000   Code   RO          775    .ARM.Collect$$libinit$$0000001B  c_w.l(libinit2.o)
    0x080001da   0x00000000   Code   RO          777    .ARM.Collect$$libinit$$0000001D  c_w.l(libinit2.o)
    0x080001da   0x00000000   Code   RO          779    .ARM.Collect$$libinit$$0000001F  c_w.l(libinit2.o)
    0x080001da   0x00000000   Code   RO          781    .ARM.Collect$$libinit$$00000021  c_w.l(libinit2.o)
    0x080001da   0x00000000   Code   RO          785    .ARM.Collect$$libinit$$00000028  c_w.l(libinit2.o)
    0x080001da   0x00000000   Code   RO          787    .ARM.Collect$$libinit$$0000002A  c_w.l(libinit2.o)
    0x080001da   0x00000000   Code   RO          789    .ARM.Collect$$libinit$$0000002C  c_w.l(libinit2.o)
    0x080001da   0x00000000   Code   RO          791    .ARM.Collect$$libinit$$0000002E  c_w.l(libinit2.o)
    0x080001da   0x00000002   Code   RO          792    .ARM.Collect$$libinit$$0000002F  c_w.l(libinit2.o)
    0x080001dc   0x00000002   Code   RO          825    .ARM.Collect$$libshutdown$$00000000  c_w.l(libshutdown.o)
    0x080001de   0x00000000   Code   RO          835    .ARM.Collect$$libshutdown$$00000003  c_w.l(libshutdown2.o)
    0x080001de   0x00000000   Code   RO          838    .ARM.Collect$$libshutdown$$00000006  c_w.l(libshutdown2.o)
    0x080001de   0x00000000   Code   RO          841    .ARM.Collect$$libshutdown$$00000009  c_w.l(libshutdown2.o)
    0x080001de   0x00000000   Code   RO          843    .ARM.Collect$$libshutdown$$0000000B  c_w.l(libshutdown2.o)
    0x080001de   0x00000000   Code   RO          846    .ARM.Collect$$libshutdown$$0000000E  c_w.l(libshutdown2.o)
    0x080001de   0x00000002   Code   RO          847    .ARM.Collect$$libshutdown$$0000000F  c_w.l(libshutdown2.o)
    0x080001e0   0x00000000   Code   RO          654    .ARM.Collect$$rtentry$$00000000  c_w.l(rtentry.o)
    0x080001e0   0x00000000   Code   RO          676    .ARM.Collect$$rtentry$$00000002  c_w.l(rtentry2.o)
    0x080001e0   0x00000006   Code   RO          688    .ARM.Collect$$rtentry$$00000004  c_w.l(rtentry4.o)
    0x080001e6   0x00000000   Code   RO          678    .ARM.Collect$$rtentry$$00000009  c_w.l(rtentry2.o)
    0x080001e6   0x00000004   Code   RO          679    .ARM.Collect$$rtentry$$0000000A  c_w.l(rtentry2.o)
    0x080001ea   0x00000000   Code   RO          681    .ARM.Collect$$rtentry$$0000000C  c_w.l(rtentry2.o)
    0x080001ea   0x00000008   Code   RO          682    .ARM.Collect$$rtentry$$0000000D  c_w.l(rtentry2.o)
    0x080001f2   0x00000002   Code   RO          793    .ARM.Collect$$rtexit$$00000000  c_w.l(rtexit.o)
    0x080001f4   0x00000000   Code   RO          800    .ARM.Collect$$rtexit$$00000002  c_w.l(rtexit2.o)
    0x080001f4   0x00000004   Code   RO          801    .ARM.Collect$$rtexit$$00000003  c_w.l(rtexit2.o)
    0x080001f8   0x00000006   Code   RO          802    .ARM.Collect$$rtexit$$00000004  c_w.l(rtexit2.o)
    0x080001fe   0x00000002   PAD
    0x08000200   0x0000070c   Code   RO            1    .text               main.o
    0x0800090c   0x0000007c   Code   RO          122    .text               stm32f10x_it.o
    0x08000988   0x000004e8   Code   RO          176    .text               gps.o
    0x08000e70   0x00000140   Code   RO          195    .text               usart.o
    0x08000fb0   0x00000450   Code   RO          217    .text               rfm12.o
    0x08001400   0x000000e0   Code   RO          258    .text               rfm12_controller.o
    0x080014e0   0x00000600   Code   RO          351    .text               lcd_ls020.o
    0x08001ae0   0x0000002a   Code   RO          369    .text               utils.o
    0x08001b0a   0x00000002   PAD
    0x08001b0c   0x000000dc   Code   RO          381    .text               misc.o
    0x08001be8   0x00000338   Code   RO          393    .text               stm32f10x_gpio.o
    0x08001f20   0x0000011c   Code   RO          405    .text               stm32f10x_exti.o
    0x0800203c   0x00000528   Code   RO          417    .text               stm32f10x_flash.o
    0x08002564   0x000003a0   Code   RO          429    .text               stm32f10x_rcc.o
    0x08002904   0x00000b2a   Code   RO          443    .text               stm32f10x_tim.o
    0x0800342e   0x00000002   PAD
    0x08003430   0x000003a8   Code   RO          455    .text               stm32f10x_usart.o
    0x080037d8   0x00000310   Code   RO          467    .text               stm32f10x_spi.o
    0x08003ae8   0x00000038   Code   RO          518    .text               startup_stm32f10x_cl.o
    0x08003b20   0x000006b4   Code   RO          523    .text               sd_stm32.o
    0x080041d4   0x00000002   Code   RO          566    .text               c_w.l(use_no_semi_2.o)
    0x080041d6   0x00000002   PAD
    0x080041d8   0x00000018   Code   RO          572    .text               c_w.l(noretval__2printf.o)
    0x080041f0   0x00000028   Code   RO          574    .text               c_w.l(noretval__2sprintf.o)
    0x08004218   0x00000052   Code   RO          578    .text               c_w.l(_printf_str.o)
    0x0800426a   0x0000010e   Code   RO          588    .text               c_w.l(__printf_wp.o)
    0x08004378   0x0000003e   Code   RO          604    .text               c_w.l(strlen.o)
    0x080043b6   0x00000006   Code   RO          606    .text               c_w.l(heapauxi.o)
    0x080043bc   0x00000002   Code   RO          652    .text               c_w.l(use_no_semi.o)
    0x080043be   0x00000002   PAD
    0x080043c0   0x00000030   Code   RO          657    .text               c_w.l(_printf_char_common.o)
    0x080043f0   0x0000000a   Code   RO          659    .text               c_w.l(_sputc.o)
    0x080043fa   0x0000002c   Code   RO          661    .text               c_w.l(_printf_char.o)
    0x08004426   0x00000002   PAD
    0x08004428   0x00000024   Code   RO          663    .text               c_w.l(_printf_char_file.o)
    0x0800444c   0x00000008   Code   RO          726    .text               c_w.l(ferror.o)
    0x08004454   0x00000008   Code   RO          737    .text               c_w.l(libspace.o)
    0x0800445c   0x0000004a   Code   RO          740    .text               c_w.l(sys_stackheap_outer.o)
    0x080044a6   0x0000000c   Code   RO          742    .text               c_w.l(exit.o)
    0x080044b2   0x00000002   PAD
    0x080044b4   0x00000008   Code   RO          809    .text               c_w.l(rt_fp_status_addr_intlibspace.o)
    0x080044bc   0x0000000e   Code   RO          590    i._is_digit         c_w.l(__printf_wp.o)
    0x080044ca   0x0000000e   Code   RO          797    x$fpl$fpinit        fz_ws.l(fpinit.o)
    0x080044d8   0x000005cc   Data   RO          352    .constdata          lcd_ls020.o
    0x08004aa4   0x00000020   Data   RO          872    Region$$Table       anon$$obj.o


    Execution Region RW_IRAM1 (Base: 0x20000000, Size: 0x00000ab0, Max: 0x00005000, ABSOLUTE)

    Base Addr    Size         Type   Attr      Idx    E Section Name        Object

    0x20000000   0x00000004   Data   RW            3    .data               main.o
    0x20000004   0x0000000c   Data   RW          178    .data               gps.o
    0x20000010   0x00000004   Data   RW          196    .data               usart.o
    0x20000014   0x00000004   Data   RW          219    .data               rfm12.o
    0x20000018   0x00000001   Data   RW          259    .data               rfm12_controller.o
    0x20000019   0x00000014   Data   RW          430    .data               stm32f10x_rcc.o
    0x2000002d   0x00000005   Data   RW          524    .data               sd_stm32.o
    0x20000032   0x00000002   PAD
    0x20000034   0x00000353   Zero   RW          177    .bss                gps.o
    0x20000387   0x0000006e   Zero   RW          218    .bss                rfm12.o
    0x200003f5   0x00000003   PAD
    0x200003f8   0x0000004a   Zero   RW          240    .bss                18b20.o
    0x20000442   0x0000000a   Zero   RW          299    .bss                mpl115a2.o
    0x2000044c   0x00000060   Zero   RW          738    .bss                c_w.l(libspace.o)
    0x200004ac   0x00000004   PAD
    0x200004b0   0x00000200   Zero   RW          516    HEAP                startup_stm32f10x_cl.o
    0x200006b0   0x00000400   Zero   RW          515    STACK               startup_stm32f10x_cl.o


==============================================================================

Image component sizes


      Code (inc. data)   RO Data    RW Data    ZI Data      Debug   Object Name

         0          0          0          0         74        609   18b20.o
      1256         88          0         12        851       2536   gps.o
      1536         36       1484          0          0       5936   lcd_ls020.o
      1804        158          0          4          0     267236   main.o
       220         20          0          0          0       1841   misc.o
         0          0          0          0         10        641   mpl115a2.o
      1104         50          0          4        110       4275   rfm12.o
       224         28          0          1          0       2075   rfm12_controller.o
      1716         52          0          5          0       7753   sd_stm32.o
        56         22        336          0       1536        856   startup_stm32f10x_cl.o
       284         10          0          0          0       2295   stm32f10x_exti.o
      1320         34          0          0          0       7342   stm32f10x_flash.o
       824         40          0          0          0       5673   stm32f10x_gpio.o
       124         10          0          0          0       1724   stm32f10x_it.o
       928         44          0         20          0       8924   stm32f10x_rcc.o
       784         12          0          0          0       6654   stm32f10x_spi.o
      2858         28          0          0          0      24924   stm32f10x_tim.o
       936         20          0          0          0       7999   stm32f10x_usart.o
       320          8          0          4          0       3007   usart.o
        42          0          0          0          0        996   utils.o

    ----------------------------------------------------------------------
     16340        660       1852         52       2584     363296   Object Totals
         0          0         32          0          0          0   (incl. Generated)
         4          0          0          2          3          0   (incl. Padding)

    ----------------------------------------------------------------------

      Code (inc. data)   RO Data    RW Data    ZI Data      Debug   Library Member Name

         8          0          0          0          0         68   __main.o
       284          0          0          0          0        156   __printf_wp.o
        52          8          0          0          0          0   __scatter.o
        26          0          0          0          0          0   __scatter_copy.o
        28          0          0          0          0          0   __scatter_zi.o
         6          0          0          0          0          0   _printf_c.o
        44          0          0          0          0        108   _printf_char.o
        48          6          0          0          0         96   _printf_char_common.o
        36          4          0          0          0         80   _printf_char_file.o
         0          0          0          0          0          0   _printf_percent.o
         4          0          0          0          0          0   _printf_percent_end.o
         6          0          0          0          0          0   _printf_s.o
        82          0          0          0          0         80   _printf_str.o
        10          0          0          0          0         68   _sputc.o
        12          0          0          0          0         72   exit.o
         8          0          0          0          0         68   ferror.o
         6          0          0          0          0        152   heapauxi.o
         6          0          0          0          0          0   libinit.o
         2          0          0          0          0          0   libinit2.o
         2          0          0          0          0          0   libshutdown.o
         2          0          0          0          0          0   libshutdown2.o
         8          4          0          0         96         68   libspace.o
        24          4          0          0          0         84   noretval__2printf.o
        40          6          0          0          0         84   noretval__2sprintf.o
         8          4          0          0          0         68   rt_fp_status_addr_intlibspace.o
         0          0          0          0          0          0   rtentry.o
        12          0          0          0          0          0   rtentry2.o
         6          0          0          0          0          0   rtentry4.o
         2          0          0          0          0          0   rtexit.o
        10          0          0          0          0          0   rtexit2.o
        62          0          0          0          0         76   strlen.o
        74          0          0          0          0         80   sys_stackheap_outer.o
         2          0          0          0          0         68   use_no_semi.o
         2          0          0          0          0         68   use_no_semi_2.o
        14          0          0          0          0         76   fpinit.o

    ----------------------------------------------------------------------
       948         36          0          0        100       1620   Library Totals
        12          0          0          0          4          0   (incl. Padding)

    ----------------------------------------------------------------------

      Code (inc. data)   RO Data    RW Data    ZI Data      Debug   Library Name

       922         36          0          0         96       1544   c_w.l
        14          0          0          0          0         76   fz_ws.l

    ----------------------------------------------------------------------
       948         36          0          0        100       1620   Library Totals

    ----------------------------------------------------------------------

==============================================================================


      Code (inc. data)   RO Data    RW Data    ZI Data      Debug   

     17288        696       1852         52       2684     361640   Grand Totals
     17288        696       1852         52       2684     361640   ELF Image Totals
     17288        696       1852         52          0          0   ROM Totals

==============================================================================

    Total RO  Size (Code + RO Data)                19140 (  18.69kB)
    Total RW  Size (RW Data + ZI Data)              2736 (   2.67kB)
    Total ROM Size (Code + RO Data + RW Data)      19192 (  18.74kB)

==============================================================================

