ARM Linker, 4.1 [Build 894] [Evaluation]

==============================================================================

Section Cross References

    main.o(.text) refers to _printf_pad.o(.text) for _printf_pre_padding
    main.o(.text) refers to _printf_percent.o(.ARM.Collect$$_printf_percent$$00000000) for _printf_percent
    main.o(.text) refers to _printf_d.o(.ARM.Collect$$_printf_percent$$00000009) for _printf_d
    main.o(.text) refers to _printf_dec.o(.text) for _printf_int_dec
    main.o(.text) refers to _printf_s.o(.ARM.Collect$$_printf_percent$$00000014) for _printf_s
    main.o(.text) refers to _printf_str.o(.text) for _printf_str
    main.o(.text) refers to stm32f10x_adc.o(.text) for ADC_Init
    main.o(.text) refers to stm32f10x_dma.o(.text) for DMA_DeInit
    main.o(.text) refers to stm32f10x_i2c.o(.text) for I2C_DeInit
    main.o(.text) refers to stm32f10x_gpio.o(.text) for GPIO_EXTILineConfig
    main.o(.text) refers to stm32f10x_exti.o(.text) for EXTI_Init
    main.o(.text) refers to stm32f10x_spi.o(.text) for SPI_Init
    main.o(.text) refers to stm32f10x_usart.o(.text) for USART_DeInit
    main.o(.text) refers to stm32f10x_rcc.o(.text) for RCC_DeInit
    main.o(.text) refers to stm32f10x_flash.o(.text) for FLASH_PrefetchBufferCmd
    main.o(.text) refers to main.o(.bss) for buforADC
    main.o(.text) refers to misc.o(.text) for NVIC_SetVectorTable
    main.o(.text) refers to rfm12.o(.text) for rf12_init
    main.o(.text) refers to gps.o(.text) for gps_init
    main.o(.text) refers to rfm12_controller.o(.text) for rf12_controller_init
    main.o(.text) refers to mpl115a2.o(.text) for mpl115a2_read_pressure
    main.o(.text) refers to noretval__2sprintf.o(.text) for __2sprintf
    main.o(.text) refers to noretval__2printf.o(.text) for __2printf
    main.o(.text) refers to main.o(.constdata) for .constdata
    stm32f10x_it.o(.text) refers to rfm12_controller.o(.text) for rf12_controller_send
    stm32f10x_it.o(.text) refers to stm32f10x_gpio.o(.text) for GPIO_ReadOutputDataBit
    stm32f10x_it.o(.text) refers to stm32f10x_usart.o(.text) for USART_GetITStatus
    stm32f10x_it.o(.text) refers to gps.o(.text) for gps_pool
    stm32f10x_it.o(.text) refers to stm32f10x_exti.o(.text) for EXTI_GetITStatus
    stm32f10x_it.o(.text) refers to rfm12.o(.text) for rf12_read_status
    lcd_4bit.o(.text) refers to lcd_4bit.o(.constdata) for SWAP_DATA
    gps.o(.text) refers to _printf_percent.o(.ARM.Collect$$_printf_percent$$00000000) for _printf_percent
    gps.o(.text) refers to _printf_c.o(.ARM.Collect$$_printf_percent$$00000013) for _printf_c
    gps.o(.text) refers to _printf_str.o(.text) for _printf_str
    gps.o(.text) refers to _printf_s.o(.ARM.Collect$$_printf_percent$$00000014) for _printf_s
    gps.o(.text) refers to stm32f10x_usart.o(.text) for USART_ReceiveData
    gps.o(.text) refers to noretval__2printf.o(.text) for __2printf
    gps.o(.text) refers to gps.o(.bss) for RxBuffer
    gps.o(.text) refers to gps.o(.data) for array
    gps.o(.text) refers to noretval__2sprintf.o(.text) for __2sprintf
    usart.o(.text) refers (Special) to use_no_semi_2.o(.text) for __use_no_semihosting
    usart.o(.text) refers to stm32f10x_rcc.o(.text) for RCC_APB2PeriphClockCmd
    usart.o(.text) refers to stm32f10x_gpio.o(.text) for GPIO_Init
    usart.o(.text) refers to stm32f10x_usart.o(.text) for USART_Init
    usart.o(.data) refers (Special) to use_no_semi_2.o(.text) for __use_no_semihosting
    rfm12.o(.text) refers to stm32f10x_spi.o(.text) for SPI_I2S_GetFlagStatus
    rfm12.o(.text) refers to stm32f10x_gpio.o(.text) for GPIO_WriteBit
    rfm12.o(.text) refers to noretval__2printf.o(.text) for __2printf
    rfm12.o(.text) refers to strlen.o(.text) for strlen
    rfm12.o(.text) refers to rfm12.o(.data) for rf12_rx
    rfm12.o(.text) refers to rfm12.o(.bss) for rf12_data
    18b20.o(.text) refers to _printf_percent.o(.ARM.Collect$$_printf_percent$$00000000) for _printf_percent
    18b20.o(.text) refers to _printf_f.o(.ARM.Collect$$_printf_percent$$00000003) for _printf_f
    18b20.o(.text) refers to printf1.o(x$fpl$printf1) for _printf_fp_dec
    18b20.o(.text) refers to stm32f10x_gpio.o(.text) for GPIO_Init
    18b20.o(.text) refers to dflt_clz.o(x$fpl$dflt) for __aeabi_i2d
    18b20.o(.text) refers to dmul.o(x$fpl$dmul) for __aeabi_dmul
    18b20.o(.text) refers to daddsub_clz.o(x$fpl$dadd) for __aeabi_dadd
    18b20.o(.text) refers to d2f.o(x$fpl$d2f) for __aeabi_d2f
    18b20.o(.text) refers to f2d.o(x$fpl$f2d) for __aeabi_f2d
    18b20.o(.text) refers to noretval__2sprintf.o(.text) for __2sprintf
    18b20.o(.text) refers to 18b20.o(.data) for sensors
    18b20.o(.text) refers to 18b20.o(.bss) for temp_measurements
    rfm12_controller.o(.text) refers to rfm12.o(.text) for rf12_txstart
    rfm12_controller.o(.text) refers to rfm12_controller.o(.data) for rf12_data_type
[...]
    .ARM.Collect$$_printf_percent$$00000009  0x080001ca   Section        6  _printf_d.o(.ARM.Collect$$_printf_percent$$00000009)
    .ARM.Collect$$_printf_percent$$00000013  0x080001d0   Section        6  _printf_c.o(.ARM.Collect$$_printf_percent$$00000013)
    .ARM.Collect$$_printf_percent$$00000014  0x080001d6   Section        6  _printf_s.o(.ARM.Collect$$_printf_percent$$00000014)
    .ARM.Collect$$_printf_percent$$00000017  0x080001dc   Section        4  _printf_percent_end.o(.ARM.Collect$$_printf_percent$$00000017)
    .ARM.Collect$$libinit$$00000000          0x080001e0   Section        6  libinit.o(.ARM.Collect$$libinit$$00000000)
    .ARM.Collect$$libinit$$00000006          0x080001e6   Section        0  libinit2.o(.ARM.Collect$$libinit$$00000006)
    .ARM.Collect$$libinit$$00000008          0x080001e6   Section        0  libinit2.o(.ARM.Collect$$libinit$$00000008)
    .ARM.Collect$$libinit$$0000000A          0x080001e6   Section        0  libinit2.o(.ARM.Collect$$libinit$$0000000A)
    .ARM.Collect$$libinit$$0000000B          0x080001e6   Section        6  libinit2.o(.ARM.Collect$$libinit$$0000000B)
    .ARM.Collect$$libinit$$0000000D          0x080001ec   Section        0  libinit2.o(.ARM.Collect$$libinit$$0000000D)
    .ARM.Collect$$libinit$$0000000F          0x080001ec   Section        0  libinit2.o(.ARM.Collect$$libinit$$0000000F)
    .ARM.Collect$$libinit$$00000011          0x080001ec   Section        0  libinit2.o(.ARM.Collect$$libinit$$00000011)
    .ARM.Collect$$libinit$$00000012          0x080001ec   Section       10  libinit2.o(.ARM.Collect$$libinit$$00000012)
    .ARM.Collect$$libinit$$00000013          0x080001f6   Section        0  libinit2.o(.ARM.Collect$$libinit$$00000013)
    .ARM.Collect$$libinit$$00000015          0x080001f6   Section        0  libinit2.o(.ARM.Collect$$libinit$$00000015)
    .ARM.Collect$$libinit$$00000017          0x080001f6   Section        0  libinit2.o(.ARM.Collect$$libinit$$00000017)
    .ARM.Collect$$libinit$$00000019          0x080001f6   Section        0  libinit2.o(.ARM.Collect$$libinit$$00000019)
    .ARM.Collect$$libinit$$0000001B          0x080001f6   Section        0  libinit2.o(.ARM.Collect$$libinit$$0000001B)
    .ARM.Collect$$libinit$$0000001D          0x080001f6   Section        0  libinit2.o(.ARM.Collect$$libinit$$0000001D)
    .ARM.Collect$$libinit$$0000001F          0x080001f6   Section        0  libinit2.o(.ARM.Collect$$libinit$$0000001F)
    .ARM.Collect$$libinit$$00000021          0x080001f6   Section        0  libinit2.o(.ARM.Collect$$libinit$$00000021)
    .ARM.Collect$$libinit$$00000028          0x080001f6   Section        0  libinit2.o(.ARM.Collect$$libinit$$00000028)
    .ARM.Collect$$libinit$$0000002A          0x080001f6   Section        0  libinit2.o(.ARM.Collect$$libinit$$0000002A)
    .ARM.Collect$$libinit$$0000002C          0x080001f6   Section        0  libinit2.o(.ARM.Collect$$libinit$$0000002C)
    .ARM.Collect$$libinit$$0000002E          0x080001f6   Section        0  libinit2.o(.ARM.Collect$$libinit$$0000002E)
    .ARM.Collect$$libinit$$0000002F          0x080001f6   Section        2  libinit2.o(.ARM.Collect$$libinit$$0000002F)
    .ARM.Collect$$libshutdown$$00000000      0x080001f8   Section        2  libshutdown.o(.ARM.Collect$$libshutdown$$00000000)
    .ARM.Collect$$libshutdown$$00000003      0x080001fa   Section        0  libshutdown2.o(.ARM.Collect$$libshutdown$$00000003)
    .ARM.Collect$$libshutdown$$00000006      0x080001fa   Section        0  libshutdown2.o(.ARM.Collect$$libshutdown$$00000006)
    .ARM.Collect$$libshutdown$$00000009      0x080001fa   Section        0  libshutdown2.o(.ARM.Collect$$libshutdown$$00000009)
    .ARM.Collect$$libshutdown$$0000000B      0x080001fa   Section        0  libshutdown2.o(.ARM.Collect$$libshutdown$$0000000B)
    .ARM.Collect$$libshutdown$$0000000E      0x080001fa   Section        0  libshutdown2.o(.ARM.Collect$$libshutdown$$0000000E)
    .ARM.Collect$$libshutdown$$0000000F      0x080001fa   Section        2  libshutdown2.o(.ARM.Collect$$libshutdown$$0000000F)
    .ARM.Collect$$rtentry$$00000000          0x080001fc   Section        0  rtentry.o(.ARM.Collect$$rtentry$$00000000)
    .ARM.Collect$$rtentry$$00000002          0x080001fc   Section        0  rtentry2.o(.ARM.Collect$$rtentry$$00000002)
    .ARM.Collect$$rtentry$$00000004          0x080001fc   Section        6  rtentry4.o(.ARM.Collect$$rtentry$$00000004)
    .ARM.Collect$$rtentry$$00000009          0x08000202   Section        0  rtentry2.o(.ARM.Collect$$rtentry$$00000009)
    .ARM.Collect$$rtentry$$0000000A          0x08000202   Section        4  rtentry2.o(.ARM.Collect$$rtentry$$0000000A)
    .ARM.Collect$$rtentry$$0000000C          0x08000206   Section        0  rtentry2.o(.ARM.Collect$$rtentry$$0000000C)
    .ARM.Collect$$rtentry$$0000000D          0x08000206   Section        8  rtentry2.o(.ARM.Collect$$rtentry$$0000000D)
    .ARM.Collect$$rtexit$$00000000           0x0800020e   Section        2  rtexit.o(.ARM.Collect$$rtexit$$00000000)
    .ARM.Collect$$rtexit$$00000002           0x08000210   Section        0  rtexit2.o(.ARM.Collect$$rtexit$$00000002)
    .ARM.Collect$$rtexit$$00000003           0x08000210   Section        4  rtexit2.o(.ARM.Collect$$rtexit$$00000003)
    .ARM.Collect$$rtexit$$00000004           0x08000214   Section        6  rtexit2.o(.ARM.Collect$$rtexit$$00000004)
    .text                                    0x0800021c   Section        0  main.o(.text)
    .text                                    0x08000850   Section        0  stm32f10x_it.o(.text)
    .text                                    0x080008cc   Section        0  gps.o(.text)
    .text                                    0x08000db4   Section        0  usart.o(.text)
    .text                                    0x08000ef4   Section        0  rfm12.o(.text)
    .text                                    0x08001344   Section        0  rfm12_controller.o(.text)
    .text                                    0x08001424   Section        0  i2c.o(.text)
    I2C_delay                                0x08001425   Thumb Code    14  i2c.o(.text)
    I2C_AcknowledgePolling                   0x08001433   Thumb Code    68  i2c.o(.text)
    .text                                    0x08001638   Section        0  mpl115a2.o(.text)
    .text                                    0x08001850   Section        0  misc.o(.text)
    .text                                    0x0800192c   Section        0  stm32f10x_gpio.o(.text)
    .text                                    0x08001c64   Section        0  stm32f10x_exti.o(.text)
    .text                                    0x08001d80   Section        0  stm32f10x_flash.o(.text)
    delay                                    0x08001e0b   Thumb Code    14  stm32f10x_flash.o(.text)
    .text                                    0x080022a8   Section        0  stm32f10x_rcc.o(.text)
    .text                                    0x08002648   Section        0  stm32f10x_usart.o(.text)
    .text                                    0x080029f0   Section        0  stm32f10x_spi.o(.text)
    .text                                    0x08002d00   Section        0  stm32f10x_i2c.o(.text)
    .text                                    0x080030d0   Section        0  stm32f10x_adc.o(.text)
    .text                                    0x0800350c   Section        0  stm32f10x_dma.o(.text)
    .text                                    0x08003754   Section       56  startup_stm32f10x_cl.o(.text)
    .text                                    0x0800378c   Section        2  use_no_semi_2.o(.text)
    .text                                    0x08003790   Section        0  noretval__2printf.o(.text)
    .text                                    0x080037a8   Section        0  noretval__2sprintf.o(.text)
    .text                                    0x080037d0   Section        0  _printf_pad.o(.text)
    .text                                    0x08003822   Section        0  _printf_str.o(.text)
    .text                                    0x08003874   Section        0  _printf_dec.o(.text)
    .text                                    0x080038ec   Section        0  __printf_flags_wp.o(.text)
    .text                                    0x08003a28   Section        0  strlen.o(.text)
    .text                                    0x08003a66   Section        0  heapauxi.o(.text)
    .text                                    0x08003a6c   Section        2  use_no_semi.o(.text)
    .text                                    0x08003a6e   Section        0  _printf_intcommon.o(.text)
    .text                                    0x08003b26   Section        0  _printf_fp_dec.o(.text)
    _fp_digits                               0x08003b29   Thumb Code   428  _printf_fp_dec.o(.text)
    .text                                    0x08003f48   Section        0  _printf_char_common.o(.text)
    _printf_input_char                       0x08003f49   Thumb Code    10  _printf_char_common.o(.text)
    .text                                    0x08003f78   Section        0  _sputc.o(.text)
    .text                                    0x08003f82   Section        0  _printf_char.o(.text)
    .text                                    0x08003fb0   Section        0  _printf_char_file.o(.text)
    .text                                    0x08003fd4   Section        8  rt_locale_intlibspace.o(.text)
    .text                                    0x08003fdc   Section      138  lludiv10.o(.text)
    .text                                    0x08004068   Section        0  _printf_fp_infnan.o(.text)
    .text                                    0x080040e8   Section        0  bigflt0.o(.text)
    .text                                    0x080041cc   Section        0  ferror.o(.text)
    .text                                    0x080041d4   Section        8  libspace.o(.text)
    .text                                    0x080041dc   Section       74  sys_stackheap_outer.o(.text)
    .text                                    0x08004226   Section        0  exit.o(.text)
    .text                                    0x08004234   Section      128  strcmpv7m.o(.text)
    .text                                    0x080042b4   Section        8  rt_fp_status_addr_intlibspace.o(.text)
    CL$$btod_d2e                             0x080042bc   Section       62  btod.o(CL$$btod_d2e)
    CL$$btod_d2e_denorm_low                  0x080042fa   Section       70  btod.o(CL$$btod_d2e_denorm_low)
    CL$$btod_d2e_norm_op1                    0x08004340   Section       96  btod.o(CL$$btod_d2e_norm_op1)
    CL$$btod_div_common                      0x080043a0   Section      824  btod.o(CL$$btod_div_common)
    CL$$btod_e2e                             0x080046d8   Section      198  btod.o(CL$$btod_e2e)
    CL$$btod_ediv                            0x0800479e   Section       40  btod.o(CL$$btod_ediv)
    CL$$btod_emul                            0x080047c6   Section       40  btod.o(CL$$btod_emul)
    CL$$btod_mult_common                     0x080047ee   Section      580  btod.o(CL$$btod_mult_common)
    i.__ARM_fpclassify                       0x08004a32   Section        0  fpclassify.o(i.__ARM_fpclassify)
    i._is_digit                              0x08004a5a   Section        0  __printf_wp.o(i._is_digit)
    locale$$code                             0x08004a68   Section       44  lc_numeric_c.o(locale$$code)
    x$fpl$d2f                                0x08004a94   Section       98  d2f.o(x$fpl$d2f)
    x$fpl$dadd                               0x08004af8   Section      336  daddsub_clz.o(x$fpl$dadd)
    _dadd1                                   0x08004b09   Thumb Code     0  daddsub_clz.o(x$fpl$dadd)
    x$fpl$ddiv                               0x08004c48   Section      688  ddiv.o(x$fpl$ddiv)
    ddiv_entry                               0x08004c4f   Thumb Code     0  ddiv.o(x$fpl$ddiv)
    x$fpl$dnaninf                            0x08004ef8   Section      156  dnaninf.o(x$fpl$dnaninf)
    x$fpl$dretinf                            0x08004f94   Section       12  dretinf.o(x$fpl$dretinf)
    x$fpl$dsub                               0x08004fa0   Section      468  daddsub_clz.o(x$fpl$dsub)
    _dsub1                                   0x08004fb1   Thumb Code     0  daddsub_clz.o(x$fpl$dsub)
    x$fpl$f2d                                0x08005174   Section       86  f2d.o(x$fpl$f2d)
    x$fpl$fadd                               0x080051cc   Section      196  faddsub_clz.o(x$fpl$fadd)
    _fadd1                                   0x080051db   Thumb Code     0  faddsub_clz.o(x$fpl$fadd)
    x$fpl$fdiv                               0x08005290   Section      388  fdiv.o(x$fpl$fdiv)
    _fdiv1                                   0x08005291   Thumb Code     0  fdiv.o(x$fpl$fdiv)
    x$fpl$fflt                               0x08005414   Section       48  fflt_clz.o(x$fpl$fflt)
    x$fpl$fmul                               0x08005444   Section      258  fmul.o(x$fpl$fmul)
    x$fpl$fnaninf                            0x08005546   Section      140  fnaninf.o(x$fpl$fnaninf)
    x$fpl$fpinit                             0x080055d2   Section       14  fpinit.o(x$fpl$fpinit)
    x$fpl$fretinf                            0x080055e0   Section       10  fretinf.o(x$fpl$fretinf)
    x$fpl$fsub                               0x080055ec   Section      234  faddsub_clz.o(x$fpl$fsub)
    _fsub1                                   0x080055fb   Thumb Code     0  faddsub_clz.o(x$fpl$fsub)
    x$fpl$printf1                            0x080056d6   Section        4  printf1.o(x$fpl$printf1)
    x$fpl$usenofp                            0x080056da   Section        0  usenofp.o(x$fpl$usenofp)
    .constdata                               0x080056dc   Section        7  main.o(.constdata)
    .constdata                               0x080056e3   Section       17  __printf_flags_wp.o(.constdata)
    maptable                                 0x080056e3   Data          17  __printf_flags_wp.o(.constdata)
    .constdata                               0x080056f4   Section      148  bigflt0.o(.constdata)
    tenpwrs_x                                0x080056f4   Data          60  bigflt0.o(.constdata)
    tenpwrs_i                                0x08005730   Data          64  bigflt0.o(.constdata)
    locale$$data                             0x080057a8   Section       28  lc_numeric_c.o(locale$$data)
    __lcnum_c_name                           0x080057ac   Data           2  lc_numeric_c.o(locale$$data)
    __lcnum_c_start                          0x080057b4   Data           0  lc_numeric_c.o(locale$$data)
    __lcnum_c_point                          0x080057c0   Data           0  lc_numeric_c.o(locale$$data)
    __lcnum_c_thousands                      0x080057c2   Data           0  lc_numeric_c.o(locale$$data)
    __lcnum_c_grouping                       0x080057c3   Data           0  lc_numeric_c.o(locale$$data)
    __lcnum_c_end                            0x080057c4   Data           0  lc_numeric_c.o(locale$$data)
    .data                                    0x20000000   Section       12  gps.o(.data)
    array                                    0x20000000   Data           5  gps.o(.data)
    array                                    0x20000005   Data           5  gps.o(.data)
    .data                                    0x2000000c   Section        4  usart.o(.data)
    .data                                    0x20000010   Section        4  rfm12.o(.data)
    .data                                    0x20000014   Section        1  rfm12_controller.o(.data)
    .data                                    0x20000018   Section        4  mpl115a2.o(.data)
    .data                                    0x2000001c   Section       20  stm32f10x_rcc.o(.data)
    APBAHBPrescTable                         0x2000001c   Data          16  stm32f10x_rcc.o(.data)
    ADCPrescTable                            0x2000002c   Data           4  stm32f10x_rcc.o(.data)
    .bss                                     0x20000030   Section       12  main.o(.bss)
    .bss                                     0x2000003c   Section      851  gps.o(.bss)
    array                                    0x2000003c   Data          12  gps.o(.bss)
    array                                    0x20000048   Data          10  gps.o(.bss)
    array                                    0x20000052   Data          11  gps.o(.bss)
    .bss                                     0x2000038f   Section      110  rfm12.o(.bss)
    .bss                                     0x20000400   Section       74  18b20.o(.bss)
    .bss                                     0x2000044a   Section       10  mpl115a2.o(.bss)
    .bss                                     0x20000454   Section       96  libspace.o(.bss)
    HEAP                                     0x200004b8   Section      512  startup_stm32f10x_cl.o(HEAP)
    Heap_Mem                                 0x200004b8   Data         512  startup_stm32f10x_cl.o(HEAP)
    STACK                                    0x200006b8   Section     1024  startup_stm32f10x_cl.o(STACK)
    Stack_Mem                                0x200006b8   Data        1024  startup_stm32f10x_cl.o(STACK)
    __initial_sp                             0x20000ab8   Data           0  startup_stm32f10x_cl.o(STACK)

    Global Symbols

    Symbol Name                              Value     Ov Type        Size  Object(Section)

    BuildAttributes$$THM_ISAv4$P$D$K$B$S$PE$A:L22UL41UL21$X:L11$S22US41US21$IEEE1$IW$USESV6$~STKCKD$USESV7$~SHL$OTIME$ROPI$IEEEJ$EBA8$UX$STANDARDLIB$REQ8$PRES8$EABIv2 0x00000000   Number         0  anon$$obj.o ABSOLUTE
    __ARM_use_no_argv                        0x00000000   Number         0  main.o ABSOLUTE
    _printf_flags                            0x00000000   Number         0  printf_stubs.o ABSOLUTE
    _printf_return_value                     0x00000000   Number         0  printf_stubs.o ABSOLUTE
    _printf_sizespec                         0x00000000   Number         0  printf_stubs.o ABSOLUTE
    _printf_widthprec                        0x00000000   Number         0  printf_stubs.o ABSOLUTE
    __ARM_exceptions_init                     - Undefined Weak Reference
    __alloca_initialize                       - Undefined Weak Reference
    __cpp_initialize__aeabi_                  - Undefined Weak Reference
    __cxa_finalize                            - Undefined Weak Reference
    __sigvec_lookup                           - Undefined Weak Reference
    _atexit_init                              - Undefined Weak Reference
    _call_atexit_fns                          - Undefined Weak Reference
    _clock_init                               - Undefined Weak Reference
    _fp_trap_init                             - Undefined Weak Reference
    _fp_trap_shutdown                         - Undefined Weak Reference
    _get_lc_collate                           - Undefined Weak Reference
    _get_lc_ctype                             - Undefined Weak Reference
    _get_lc_monetary                          - Undefined Weak Reference
    _get_lc_time                              - Undefined Weak Reference
    _getenv_init                              - Undefined Weak Reference
    _handle_redirection                       - Undefined Weak Reference
    _init_alloc                               - Undefined Weak Reference
    _init_user_alloc                          - Undefined Weak Reference
    _initio                                   - Undefined Weak Reference
    _mutex_acquire                            - Undefined Weak Reference
    _mutex_release                            - Undefined Weak Reference
    _printf_mbtowc                            - Undefined Weak Reference
    _printf_truncate_signed                   - Undefined Weak Reference
    _printf_truncate_unsigned                 - Undefined Weak Reference
    _rand_init                                - Undefined Weak Reference
    _signal_finish                            - Undefined Weak Reference
    _signal_init                              - Undefined Weak Reference
    _terminate_alloc                          - Undefined Weak Reference
    _terminate_user_alloc                     - Undefined Weak Reference
    _terminateio                              - Undefined Weak Reference
    __Vectors_Size                           0x00000150   Number         0  startup_stm32f10x_cl.o ABSOLUTE
    __Vectors                                0x08000000   Data           4  startup_stm32f10x_cl.o(RESET)
    __Vectors_End                            0x08000150   Data           0  startup_stm32f10x_cl.o(RESET)
    __main                                   0x08000151   Thumb Code     8  __main.o(!!!main)
    __scatterload                            0x08000159   Thumb Code     0  __scatter.o(!!!scatter)
    __scatterload_rt2                        0x08000159   Thumb Code    44  __scatter.o(!!!scatter)
    __scatterload_rt2_thumb_only             0x08000159   Thumb Code     0  __scatter.o(!!!scatter)
    __scatterload_null                       0x08000167   Thumb Code     0  __scatter.o(!!!scatter)
    __scatterload_copy                       0x0800018d   Thumb Code    26  __scatter_copy.o(!!handler_copy)
    __scatterload_zeroinit                   0x080001a9   Thumb Code    28  __scatter_zi.o(!!handler_zi)
    _printf_f                                0x080001c5   Thumb Code     0  _printf_f.o(.ARM.Collect$$_printf_percent$$00000003)
    _printf_percent                          0x080001c5   Thumb Code     0  _printf_percent.o(.ARM.Collect$$_printf_percent$$00000000)
    _printf_d                                0x080001cb   Thumb Code     0  _printf_d.o(.ARM.Collect$$_printf_percent$$00000009)
    _printf_c                                0x080001d1   Thumb Code     0  _printf_c.o(.ARM.Collect$$_printf_percent$$00000013)
    _printf_s                                0x080001d7   Thumb Code     0  _printf_s.o(.ARM.Collect$$_printf_percent$$00000014)
    _printf_percent_end                      0x080001dd   Thumb Code     0  _printf_percent_end.o(.ARM.Collect$$_printf_percent$$00000017)
    __rt_lib_init                            0x080001e1   Thumb Code     0  libinit.o(.ARM.Collect$$libinit$$00000000)
    __rt_lib_init_heap_1                     0x080001e7   Thumb Code     0  libinit2.o(.ARM.Collect$$libinit$$00000006)
    __rt_lib_init_lc_common                  0x080001e7   Thumb Code     0  libinit2.o(.ARM.Collect$$libinit$$0000000B)
    __rt_lib_init_rand_1                     0x080001e7   Thumb Code     0  libinit2.o(.ARM.Collect$$libinit$$0000000A)
    __rt_lib_init_user_alloc_1               0x080001e7   Thumb Code     0  libinit2.o(.ARM.Collect$$libinit$$00000008)
    __rt_lib_init_lc_collate_1               0x080001ed   Thumb Code     0  libinit2.o(.ARM.Collect$$libinit$$0000000D)
    __rt_lib_init_lc_ctype_1                 0x080001ed   Thumb Code     0  libinit2.o(.ARM.Collect$$libinit$$0000000F)
    __rt_lib_init_lc_monetary_1              0x080001ed   Thumb Code     0  libinit2.o(.ARM.Collect$$libinit$$00000011)
    __rt_lib_init_lc_numeric_2               0x080001ed   Thumb Code     0  libinit2.o(.ARM.Collect$$libinit$$00000012)
    __rt_lib_init_alloca_1                   0x080001f7   Thumb Code     0  libinit2.o(.ARM.Collect$$libinit$$0000002A)
    __rt_lib_init_argv_1                     0x080001f7   Thumb Code     0  libinit2.o(.ARM.Collect$$libinit$$00000028)
    __rt_lib_init_atexit_1                   0x080001f7   Thumb Code     0  libinit2.o(.ARM.Collect$$libinit$$00000017)
    __rt_lib_init_clock_1                    0x080001f7   Thumb Code     0  libinit2.o(.ARM.Collect$$libinit$$0000001D)
    __rt_lib_init_cpp_1                      0x080001f7   Thumb Code     0  libinit2.o(.ARM.Collect$$libinit$$0000002E)
    __rt_lib_init_exceptions_1               0x080001f7   Thumb Code     0  libinit2.o(.ARM.Collect$$libinit$$0000002C)
    __rt_lib_init_fp_trap_1                  0x080001f7   Thumb Code     0  libinit2.o(.ARM.Collect$$libinit$$0000001B)
    __rt_lib_init_getenv_1                   0x080001f7   Thumb Code     0  libinit2.o(.ARM.Collect$$libinit$$0000001F)
    __rt_lib_init_lc_numeric_1               0x080001f7   Thumb Code     0  libinit2.o(.ARM.Collect$$libinit$$00000013)
    __rt_lib_init_lc_time_1                  0x080001f7   Thumb Code     0  libinit2.o(.ARM.Collect$$libinit$$00000015)
    __rt_lib_init_return                     0x080001f7   Thumb Code     0  libinit2.o(.ARM.Collect$$libinit$$0000002F)
    __rt_lib_init_signal_1                   0x080001f7   Thumb Code     0  libinit2.o(.ARM.Collect$$libinit$$00000019)
    __rt_lib_init_stdio_1                    0x080001f7   Thumb Code     0  libinit2.o(.ARM.Collect$$libinit$$00000021)
    __rt_lib_shutdown                        0x080001f9   Thumb Code     0  libshutdown.o(.ARM.Collect$$libshutdown$$00000000)
    __rt_lib_shutdown_fp_trap_1              0x080001fb   Thumb Code     0  libshutdown2.o(.ARM.Collect$$libshutdown$$00000006)
    __rt_lib_shutdown_heap_1                 0x080001fb   Thumb Code     0  libshutdown2.o(.ARM.Collect$$libshutdown$$0000000E)
    __rt_lib_shutdown_return                 0x080001fb   Thumb Code     0  libshutdown2.o(.ARM.Collect$$libshutdown$$0000000F)
    __rt_lib_shutdown_signal_1               0x080001fb   Thumb Code     0  libshutdown2.o(.ARM.Collect$$libshutdown$$00000009)
    __rt_lib_shutdown_stdio_1                0x080001fb   Thumb Code     0  libshutdown2.o(.ARM.Collect$$libshutdown$$00000003)
    __rt_lib_shutdown_user_alloc_1           0x080001fb   Thumb Code     0  libshutdown2.o(.ARM.Collect$$libshutdown$$0000000B)
    __rt_entry                               0x080001fd   Thumb Code     0  rtentry.o(.ARM.Collect$$rtentry$$00000000)
    __rt_entry_presh_1                       0x080001fd   Thumb Code     0  rtentry2.o(.ARM.Collect$$rtentry$$00000002)
    __rt_entry_sh                            0x080001fd   Thumb Code     0  rtentry4.o(.ARM.Collect$$rtentry$$00000004)
    __rt_entry_li                            0x08000203   Thumb Code     0  rtentry2.o(.ARM.Collect$$rtentry$$0000000A)
    __rt_entry_postsh_1                      0x08000203   Thumb Code     0  rtentry2.o(.ARM.Collect$$rtentry$$00000009)
    __rt_entry_main                          0x08000207   Thumb Code     0  rtentry2.o(.ARM.Collect$$rtentry$$0000000D)
    __rt_entry_postli_1                      0x08000207   Thumb Code     0  rtentry2.o(.ARM.Collect$$rtentry$$0000000C)
    __rt_exit                                0x0800020f   Thumb Code     0  rtexit.o(.ARM.Collect$$rtexit$$00000000)
    __rt_exit_ls                             0x08000211   Thumb Code     0  rtexit2.o(.ARM.Collect$$rtexit$$00000003)
    __rt_exit_prels_1                        0x08000211   Thumb Code     0  rtexit2.o(.ARM.Collect$$rtexit$$00000002)
    __rt_exit_exit                           0x08000215   Thumb Code     0  rtexit2.o(.ARM.Collect$$rtexit$$00000004)
    Delay                                    0x0800021d   Thumb Code    10  main.o(.text)
    SysTick_Configuration                    0x08000227   Thumb Code    96  main.o(.text)
    ADC_Configuration                        0x08000287   Thumb Code   136  main.o(.text)
    DMA_Configuration                        0x0800030f   Thumb Code    76  main.o(.text)
    I2C_Configuration                        0x0800035b   Thumb Code    72  main.o(.text)
    TIM_Configuration                        0x080003a3   Thumb Code     2  main.o(.text)
    EXTI_Configuration                       0x080003a5   Thumb Code    40  main.o(.text)
    SPI_Configuration                        0x080003cd   Thumb Code    78  main.o(.text)
    USART_Configuration                      0x0800041b   Thumb Code   136  main.o(.text)
    GPIO_Configuration                       0x080004a3   Thumb Code   312  main.o(.text)
    RCC_Configuration                        0x080005db   Thumb Code   240  main.o(.text)
    NVIC_Configuration                       0x080006cb   Thumb Code    88  main.o(.text)
    main                                     0x08000723   Thumb Code   250  main.o(.text)
    NMI_Handler                              0x08000851   Thumb Code     2  stm32f10x_it.o(.text)
    HardFault_Handler                        0x08000853   Thumb Code     4  stm32f10x_it.o(.text)
    MemManage_Handler                        0x08000857   Thumb Code     4  stm32f10x_it.o(.text)
    BusFault_Handler                         0x0800085b   Thumb Code     4  stm32f10x_it.o(.text)
    UsageFault_Handler                       0x0800085f   Thumb Code     4  stm32f10x_it.o(.text)
    SVC_Handler                              0x08000863   Thumb Code     2  stm32f10x_it.o(.text)
    DebugMon_Handler                         0x08000865   Thumb Code     2  stm32f10x_it.o(.text)
    PendSV_Handler                           0x08000867   Thumb Code     2  stm32f10x_it.o(.text)
    SysTick_Handler                          0x08000869   Thumb Code    36  stm32f10x_it.o(.text)
    USART2_IRQHandler                        0x0800088d   Thumb Code    20  stm32f10x_it.o(.text)
    EXTI0_IRQHandler                         0x080008a1   Thumb Code    36  stm32f10x_it.o(.text)
    gps_init                                 0x080008cd   Thumb Code    26  gps.o(.text)
    gps_time                                 0x080008e7   Thumb Code    90  gps.o(.text)
    gps_latitude                             0x08000941   Thumb Code   214  gps.o(.text)
    gps_longitude                            0x08000a17   Thumb Code   240  gps.o(.text)
    gps_speed                                0x08000b07   Thumb Code   194  gps.o(.text)
    gps_direction                            0x08000bc9   Thumb Code    46  gps.o(.text)
    gps_pool                                 0x08000bf7   Thumb Code   408  gps.o(.text)
    USART_Configuration2                     0x08000db5   Thumb Code   152  usart.o(.text)
    UsartGPIO_CTRT_Configuration             0x08000e4d   Thumb Code    54  usart.o(.text)
    USART_CTRT_Configuartion                 0x08000e83   Thumb Code    68  usart.o(.text)
    _sys_exit                                0x08000ec7   Thumb Code     6  usart.o(.text)
    fputc                                    0x08000ecd   Thumb Code    32  usart.o(.text)
    rfm12_delay                              0x08000ef5   Thumb Code    10  rfm12.o(.text)
    rf12_send                                0x08000eff   Thumb Code    54  rfm12.o(.text)
    rf12_trans                               0x08000f35   Thumb Code    40  rfm12.o(.text)
    rf12_init                                0x08000f5d   Thumb Code   144  rfm12.o(.text)
    crc_update                               0x08000fed   Thumb Code    48  rfm12.o(.text)
    rf12_read_status                         0x0800101d   Thumb Code    44  rfm12.o(.text)
    rf12_read_fifo                           0x08001049   Thumb Code    44  rfm12.o(.text)
    rf12_pool                                0x08001075   Thumb Code   170  rfm12.o(.text)
    rf12_rxstart                             0x0800111f   Thumb Code    80  rfm12.o(.text)
    rf12_rxfinish                            0x0800116f   Thumb Code   134  rfm12.o(.text)
    rf12_txstart                             0x080011f5   Thumb Code   292  rfm12.o(.text)
    rf12_allstop                             0x08001319   Thumb Code    30  rfm12.o(.text)
    rf12_controller_init                     0x08001345   Thumb Code     8  rfm12_controller.o(.text)
    rf12_controller_send_current             0x0800134d   Thumb Code     2  rfm12_controller.o(.text)
    rf12_controller_send_tension             0x0800134f   Thumb Code     2  rfm12_controller.o(.text)
    rf12_controller_send_pressur             0x08001351   Thumb Code    18  rfm12_controller.o(.text)
    rf12_controller_send_gps                 0x08001363   Thumb Code    18  rfm12_controller.o(.text)
    rf12_controller_send_temperatures        0x08001375   Thumb Code    18  rfm12_controller.o(.text)
    rf12_controller_send                     0x08001387   Thumb Code   130  rfm12_controller.o(.text)
    I2C_Read                                 0x08001477   Thumb Code   232  i2c.o(.text)
    I2C_WriteOneByte                         0x0800155f   Thumb Code   136  i2c.o(.text)
    I2C_Write                                0x080015e7   Thumb Code    70  i2c.o(.text)
    c2f                                      0x08001639   Thumb Code    54  mpl115a2.o(.text)
    BaroGetPressure                          0x0800166f   Thumb Code   398  mpl115a2.o(.text)
    mpl115a2_read_pressure                   0x080017fd   Thumb Code    38  mpl115a2.o(.text)
    NVIC_PriorityGroupConfig                 0x08001851   Thumb Code    10  misc.o(.text)
    NVIC_Init                                0x0800185b   Thumb Code   102  misc.o(.text)
    NVIC_SetVectorTable                      0x080018c1   Thumb Code    14  misc.o(.text)
    NVIC_SystemLPConfig                      0x080018cf   Thumb Code    34  misc.o(.text)
    SysTick_CLKSourceConfig                  0x080018f1   Thumb Code    40  misc.o(.text)
    GPIO_DeInit                              0x0800192d   Thumb Code   172  stm32f10x_gpio.o(.text)
    GPIO_AFIODeInit                          0x080019d9   Thumb Code    20  stm32f10x_gpio.o(.text)
    GPIO_Init                                0x080019ed   Thumb Code   274  stm32f10x_gpio.o(.text)
    GPIO_StructInit                          0x08001aff   Thumb Code    16  stm32f10x_gpio.o(.text)
    GPIO_ReadInputDataBit                    0x08001b0f   Thumb Code    18  stm32f10x_gpio.o(.text)
    GPIO_ReadInputData                       0x08001b21   Thumb Code     8  stm32f10x_gpio.o(.text)
    GPIO_ReadOutputDataBit                   0x08001b29   Thumb Code    18  stm32f10x_gpio.o(.text)
    GPIO_ReadOutputData                      0x08001b3b   Thumb Code     8  stm32f10x_gpio.o(.text)
    GPIO_SetBits                             0x08001b43   Thumb Code     4  stm32f10x_gpio.o(.text)
    GPIO_ResetBits                           0x08001b47   Thumb Code     4  stm32f10x_gpio.o(.text)
    GPIO_WriteBit                            0x08001b4b   Thumb Code    10  stm32f10x_gpio.o(.text)
    GPIO_Write                               0x08001b55   Thumb Code     4  stm32f10x_gpio.o(.text)
    GPIO_PinLockConfig                       0x08001b59   Thumb Code    18  stm32f10x_gpio.o(.text)
    GPIO_EventOutputConfig                   0x08001b6b   Thumb Code    26  stm32f10x_gpio.o(.text)
    GPIO_EventOutputCmd                      0x08001b85   Thumb Code     6  stm32f10x_gpio.o(.text)
    GPIO_PinRemapConfig                      0x08001b8b   Thumb Code   106  stm32f10x_gpio.o(.text)
    GPIO_EXTILineConfig                      0x08001bf5   Thumb Code    66  stm32f10x_gpio.o(.text)
    GPIO_ETH_MediaInterfaceConfig            0x08001c37   Thumb Code     6  stm32f10x_gpio.o(.text)
    EXTI_DeInit                              0x08001c65   Thumb Code    28  stm32f10x_exti.o(.text)
    EXTI_Init                                0x08001c81   Thumb Code   142  stm32f10x_exti.o(.text)
    EXTI_StructInit                          0x08001d0f   Thumb Code    16  stm32f10x_exti.o(.text)
    EXTI_GenerateSWInterrupt                 0x08001d1f   Thumb Code    16  stm32f10x_exti.o(.text)
    EXTI_GetFlagStatus                       0x08001d2f   Thumb Code    22  stm32f10x_exti.o(.text)
    EXTI_ClearFlag                           0x08001d45   Thumb Code     8  stm32f10x_exti.o(.text)
    EXTI_GetITStatus                         0x08001d4d   Thumb Code    34  stm32f10x_exti.o(.text)
    EXTI_ClearITPendingBit                   0x08001d6f   Thumb Code     8  stm32f10x_exti.o(.text)
    FLASH_SetLatency                         0x08001d81   Thumb Code    18  stm32f10x_flash.o(.text)
    FLASH_HalfCycleAccessCmd                 0x08001d93   Thumb Code    22  stm32f10x_flash.o(.text)
    FLASH_PrefetchBufferCmd                  0x08001da9   Thumb Code    22  stm32f10x_flash.o(.text)
    FLASH_Unlock                             0x08001dbf   Thumb Code    12  stm32f10x_flash.o(.text)
    FLASH_Lock                               0x08001dcb   Thumb Code    14  stm32f10x_flash.o(.text)
    FLASH_GetStatus                          0x08001dd9   Thumb Code    50  stm32f10x_flash.o(.text)
    FLASH_WaitForLastOperation               0x08001e19   Thumb Code    42  stm32f10x_flash.o(.text)
    FLASH_ErasePage                          0x08001e43   Thumb Code    76  stm32f10x_flash.o(.text)
    FLASH_EraseAllPages                      0x08001e8f   Thumb Code    72  stm32f10x_flash.o(.text)
    FLASH_EraseOptionBytes                   0x08001ed7   Thumb Code   142  stm32f10x_flash.o(.text)
    FLASH_ProgramWord                        0x08001f65   Thumb Code   108  stm32f10x_flash.o(.text)
    FLASH_ProgramHalfWord                    0x08001fd1   Thumb Code    64  stm32f10x_flash.o(.text)
    FLASH_ProgramOptionByteData              0x08002011   Thumb Code    72  stm32f10x_flash.o(.text)
    FLASH_EnableWriteProtection              0x08002059   Thumb Code   182  stm32f10x_flash.o(.text)
    FLASH_ReadOutProtection                  0x0800210f   Thumb Code   172  stm32f10x_flash.o(.text)
    FLASH_UserOptionByteConfig               0x080021bb   Thumb Code    92  stm32f10x_flash.o(.text)
    FLASH_GetUserOptionByte                  0x08002217   Thumb Code     8  stm32f10x_flash.o(.text)
    FLASH_GetWriteProtectionOptionByte       0x0800221f   Thumb Code     6  stm32f10x_flash.o(.text)
    FLASH_GetReadOutProtectionStatus         0x08002225   Thumb Code    20  stm32f10x_flash.o(.text)
    FLASH_GetPrefetchBufferStatus            0x08002239   Thumb Code    20  stm32f10x_flash.o(.text)
    FLASH_ITConfig                           0x0800224d   Thumb Code    26  stm32f10x_flash.o(.text)
    FLASH_GetFlagStatus                      0x08002267   Thumb Code    42  stm32f10x_flash.o(.text)
    FLASH_ClearFlag                          0x08002291   Thumb Code     6  stm32f10x_flash.o(.text)
    RCC_DeInit                               0x080022a9   Thumb Code    64  stm32f10x_rcc.o(.text)
    RCC_HSEConfig                            0x080022e9   Thumb Code    70  stm32f10x_rcc.o(.text)
    RCC_GetFlagStatus                        0x0800232f   Thumb Code    56  stm32f10x_rcc.o(.text)
    RCC_WaitForHSEStartUp                    0x08002367   Thumb Code    48  stm32f10x_rcc.o(.text)
    RCC_AdjustHSICalibrationValue            0x08002397   Thumb Code    20  stm32f10x_rcc.o(.text)
    RCC_HSICmd                               0x080023ab   Thumb Code     6  stm32f10x_rcc.o(.text)
    RCC_PLLConfig                            0x080023b1   Thumb Code    24  stm32f10x_rcc.o(.text)
    RCC_PLLCmd                               0x080023c9   Thumb Code     6  stm32f10x_rcc.o(.text)
    RCC_SYSCLKConfig                         0x080023cf   Thumb Code    18  stm32f10x_rcc.o(.text)
    RCC_GetSYSCLKSource                      0x080023e1   Thumb Code    10  stm32f10x_rcc.o(.text)
    RCC_HCLKConfig                           0x080023eb   Thumb Code    18  stm32f10x_rcc.o(.text)
    RCC_PCLK1Config                          0x080023fd   Thumb Code    18  stm32f10x_rcc.o(.text)
    RCC_PCLK2Config                          0x0800240f   Thumb Code    20  stm32f10x_rcc.o(.text)
    RCC_ITConfig                             0x08002423   Thumb Code    30  stm32f10x_rcc.o(.text)
    RCC_USBCLKConfig                         0x08002441   Thumb Code     6  stm32f10x_rcc.o(.text)
    RCC_ADCCLKConfig                         0x08002447   Thumb Code    18  stm32f10x_rcc.o(.text)
    RCC_LSEConfig                            0x08002459   Thumb Code    44  stm32f10x_rcc.o(.text)
    RCC_LSICmd                               0x08002485   Thumb Code     6  stm32f10x_rcc.o(.text)
    RCC_RTCCLKConfig                         0x0800248b   Thumb Code    12  stm32f10x_rcc.o(.text)
    RCC_RTCCLKCmd                            0x08002497   Thumb Code     8  stm32f10x_rcc.o(.text)
    RCC_GetClocksFreq                        0x0800249f   Thumb Code   192  stm32f10x_rcc.o(.text)
    RCC_AHBPeriphClockCmd                    0x0800255f   Thumb Code    26  stm32f10x_rcc.o(.text)
    RCC_APB2PeriphClockCmd                   0x08002579   Thumb Code    26  stm32f10x_rcc.o(.text)
    RCC_APB1PeriphClockCmd                   0x08002593   Thumb Code    26  stm32f10x_rcc.o(.text)
    RCC_APB2PeriphResetCmd                   0x080025ad   Thumb Code    26  stm32f10x_rcc.o(.text)
    RCC_APB1PeriphResetCmd                   0x080025c7   Thumb Code    26  stm32f10x_rcc.o(.text)
    RCC_BackupResetCmd                       0x080025e1   Thumb Code     8  stm32f10x_rcc.o(.text)
    RCC_ClockSecuritySystemCmd               0x080025e9   Thumb Code     6  stm32f10x_rcc.o(.text)
    RCC_MCOConfig                            0x080025ef   Thumb Code     6  stm32f10x_rcc.o(.text)
    RCC_ClearFlag                            0x080025f5   Thumb Code    14  stm32f10x_rcc.o(.text)
    RCC_GetITStatus                          0x08002603   Thumb Code    20  stm32f10x_rcc.o(.text)
    RCC_ClearITPendingBit                    0x08002617   Thumb Code     6  stm32f10x_rcc.o(.text)
    USART_DeInit                             0x08002649   Thumb Code   134  stm32f10x_usart.o(.text)
    USART_Init                               0x080026cf   Thumb Code   156  stm32f10x_usart.o(.text)
    USART_StructInit                         0x0800276b   Thumb Code    24  stm32f10x_usart.o(.text)
    USART_ClockInit                          0x08002783   Thumb Code    34  stm32f10x_usart.o(.text)
    USART_ClockStructInit                    0x080027a5   Thumb Code    12  stm32f10x_usart.o(.text)
    USART_Cmd                                0x080027b1   Thumb Code    24  stm32f10x_usart.o(.text)
    USART_ITConfig                           0x080027c9   Thumb Code    74  stm32f10x_usart.o(.text)
    USART_DMACmd                             0x08002813   Thumb Code    24  stm32f10x_usart.o(.text)
    USART_SetAddress                         0x0800282b   Thumb Code    18  stm32f10x_usart.o(.text)
    USART_WakeUpConfig                       0x0800283d   Thumb Code    18  stm32f10x_usart.o(.text)
    USART_ReceiverWakeUpCmd                  0x0800284f   Thumb Code    24  stm32f10x_usart.o(.text)
    USART_LINBreakDetectLengthConfig         0x08002867   Thumb Code    18  stm32f10x_usart.o(.text)
    USART_LINCmd                             0x08002879   Thumb Code    24  stm32f10x_usart.o(.text)
    USART_SendData                           0x08002891   Thumb Code     8  stm32f10x_usart.o(.text)
    USART_ReceiveData                        0x08002899   Thumb Code    10  stm32f10x_usart.o(.text)
    USART_SendBreak                          0x080028a3   Thumb Code    10  stm32f10x_usart.o(.text)
    USART_SetGuardTime                       0x080028ad   Thumb Code    16  stm32f10x_usart.o(.text)
    USART_SetPrescaler                       0x080028bd   Thumb Code    16  stm32f10x_usart.o(.text)
    USART_SmartCardCmd                       0x080028cd   Thumb Code    24  stm32f10x_usart.o(.text)
    USART_SmartCardNACKCmd                   0x080028e5   Thumb Code    24  stm32f10x_usart.o(.text)
    USART_HalfDuplexCmd                      0x080028fd   Thumb Code    24  stm32f10x_usart.o(.text)
    USART_IrDAConfig                         0x08002915   Thumb Code    18  stm32f10x_usart.o(.text)
    USART_IrDACmd                            0x08002927   Thumb Code    24  stm32f10x_usart.o(.text)
    USART_GetFlagStatus                      0x0800293f   Thumb Code    26  stm32f10x_usart.o(.text)
    USART_ClearFlag                          0x08002959   Thumb Code    18  stm32f10x_usart.o(.text)
    USART_GetITStatus                        0x0800296b   Thumb Code    84  stm32f10x_usart.o(.text)
    USART_ClearITPendingBit                  0x080029bf   Thumb Code    30  stm32f10x_usart.o(.text)
    SPI_I2S_DeInit                           0x080029f1   Thumb Code    76  stm32f10x_spi.o(.text)
    SPI_Init                                 0x08002a3d   Thumb Code    60  stm32f10x_spi.o(.text)
    I2S_Init                                 0x08002a79   Thumb Code   222  stm32f10x_spi.o(.text)
    SPI_StructInit                           0x08002b57   Thumb Code    24  stm32f10x_spi.o(.text)
    I2S_StructInit                           0x08002b6f   Thumb Code    20  stm32f10x_spi.o(.text)
    SPI_Cmd                                  0x08002b83   Thumb Code    24  stm32f10x_spi.o(.text)
    I2S_Cmd                                  0x08002b9b   Thumb Code    24  stm32f10x_spi.o(.text)
    SPI_I2S_ITConfig                         0x08002bb3   Thumb Code    36  stm32f10x_spi.o(.text)
    SPI_I2S_DMACmd                           0x08002bd7   Thumb Code    24  stm32f10x_spi.o(.text)
    SPI_I2S_SendData                         0x08002bef   Thumb Code     4  stm32f10x_spi.o(.text)
    SPI_I2S_ReceiveData                      0x08002bf3   Thumb Code     6  stm32f10x_spi.o(.text)
    SPI_NSSInternalSoftwareConfig            0x08002bf9   Thumb Code    30  stm32f10x_spi.o(.text)
    SPI_SSOutputCmd                          0x08002c17   Thumb Code    24  stm32f10x_spi.o(.text)
    SPI_DataSizeConfig                       0x08002c2f   Thumb Code    18  stm32f10x_spi.o(.text)
    SPI_TransmitCRC                          0x08002c41   Thumb Code    10  stm32f10x_spi.o(.text)
    SPI_CalculateCRC                         0x08002c4b   Thumb Code    24  stm32f10x_spi.o(.text)
    SPI_GetCRC                               0x08002c63   Thumb Code    16  stm32f10x_spi.o(.text)
    SPI_GetCRCPolynomial                     0x08002c73   Thumb Code     6  stm32f10x_spi.o(.text)
    SPI_BiDirectionalLineConfig              0x08002c79   Thumb Code    28  stm32f10x_spi.o(.text)
    SPI_I2S_GetFlagStatus                    0x08002c95   Thumb Code    18  stm32f10x_spi.o(.text)
    SPI_I2S_ClearFlag                        0x08002ca7   Thumb Code     6  stm32f10x_spi.o(.text)
    SPI_I2S_GetITStatus                      0x08002cad   Thumb Code    52  stm32f10x_spi.o(.text)
    SPI_I2S_ClearITPendingBit                0x08002ce1   Thumb Code    20  stm32f10x_spi.o(.text)
    I2C_DeInit                               0x08002d01   Thumb Code    50  stm32f10x_i2c.o(.text)
    I2C_Init                                 0x08002d33   Thumb Code   222  stm32f10x_i2c.o(.text)
    I2C_StructInit                           0x08002e11   Thumb Code    30  stm32f10x_i2c.o(.text)
    I2C_Cmd                                  0x08002e2f   Thumb Code    24  stm32f10x_i2c.o(.text)
    I2C_DMACmd                               0x08002e47   Thumb Code    24  stm32f10x_i2c.o(.text)
    I2C_DMALastTransferCmd                   0x08002e5f   Thumb Code    24  stm32f10x_i2c.o(.text)
    I2C_GenerateSTART                        0x08002e77   Thumb Code    24  stm32f10x_i2c.o(.text)
    I2C_GenerateSTOP                         0x08002e8f   Thumb Code    24  stm32f10x_i2c.o(.text)
    I2C_AcknowledgeConfig                    0x08002ea7   Thumb Code    24  stm32f10x_i2c.o(.text)
    I2C_OwnAddress2Config                    0x08002ebf   Thumb Code    22  stm32f10x_i2c.o(.text)
    I2C_DualAddressCmd                       0x08002ed5   Thumb Code    24  stm32f10x_i2c.o(.text)
    I2C_GeneralCallCmd                       0x08002eed   Thumb Code    24  stm32f10x_i2c.o(.text)
    I2C_ITConfig                             0x08002f05   Thumb Code    24  stm32f10x_i2c.o(.text)
    I2C_SendData                             0x08002f1d   Thumb Code     4  stm32f10x_i2c.o(.text)
    I2C_ReceiveData                          0x08002f21   Thumb Code     8  stm32f10x_i2c.o(.text)
    I2C_Send7bitAddress                      0x08002f29   Thumb Code    18  stm32f10x_i2c.o(.text)
    I2C_ReadRegister                         0x08002f3b   Thumb Code    12  stm32f10x_i2c.o(.text)
    I2C_SoftwareResetCmd                     0x08002f47   Thumb Code    22  stm32f10x_i2c.o(.text)
    I2C_SMBusAlertConfig                     0x08002f5d   Thumb Code    28  stm32f10x_i2c.o(.text)
    I2C_TransmitPEC                          0x08002f79   Thumb Code    24  stm32f10x_i2c.o(.text)
    I2C_PECPositionConfig                    0x08002f91   Thumb Code    28  stm32f10x_i2c.o(.text)
    I2C_CalculatePEC                         0x08002fad   Thumb Code    24  stm32f10x_i2c.o(.text)
    I2C_GetPEC                               0x08002fc5   Thumb Code     8  stm32f10x_i2c.o(.text)
    I2C_ARPCmd                               0x08002fcd   Thumb Code    24  stm32f10x_i2c.o(.text)
    I2C_StretchClockCmd                      0x08002fe5   Thumb Code    24  stm32f10x_i2c.o(.text)
    I2C_FastModeDutyCycleConfig              0x08002ffd   Thumb Code    28  stm32f10x_i2c.o(.text)
    I2C_GetLastEvent                         0x08003019   Thumb Code    26  stm32f10x_i2c.o(.text)
    I2C_CheckEvent                           0x08003033   Thumb Code    38  stm32f10x_i2c.o(.text)
    I2C_GetFlagStatus                        0x08003059   Thumb Code    42  stm32f10x_i2c.o(.text)
    I2C_ClearFlag                            0x08003083   Thumb Code    12  stm32f10x_i2c.o(.text)
    I2C_GetITStatus                          0x0800308f   Thumb Code    38  stm32f10x_i2c.o(.text)
    I2C_ClearITPendingBit                    0x080030b5   Thumb Code    12  stm32f10x_i2c.o(.text)
    ADC_DeInit                               0x080030d1   Thumb Code    78  stm32f10x_adc.o(.text)
    ADC_Init                                 0x0800311f   Thumb Code    70  stm32f10x_adc.o(.text)
    ADC_StructInit                           0x08003165   Thumb Code    18  stm32f10x_adc.o(.text)
    ADC_Cmd                                  0x08003177   Thumb Code    22  stm32f10x_adc.o(.text)
    ADC_DMACmd                               0x0800318d   Thumb Code    22  stm32f10x_adc.o(.text)
    ADC_ITConfig                             0x080031a3   Thumb Code    24  stm32f10x_adc.o(.text)
    ADC_ResetCalibration                     0x080031bb   Thumb Code    10  stm32f10x_adc.o(.text)
    ADC_GetResetCalibrationStatus            0x080031c5   Thumb Code    20  stm32f10x_adc.o(.text)
    ADC_StartCalibration                     0x080031d9   Thumb Code    10  stm32f10x_adc.o(.text)
    ADC_GetCalibrationStatus                 0x080031e3   Thumb Code    20  stm32f10x_adc.o(.text)
    ADC_SoftwareStartConvCmd                 0x080031f7   Thumb Code    22  stm32f10x_adc.o(.text)
    ADC_GetSoftwareStartConvStatus           0x0800320d   Thumb Code    20  stm32f10x_adc.o(.text)
    ADC_DiscModeChannelCountConfig           0x08003221   Thumb Code    24  stm32f10x_adc.o(.text)
    ADC_DiscModeCmd                          0x08003239   Thumb Code    22  stm32f10x_adc.o(.text)
    ADC_RegularChannelConfig                 0x0800324f   Thumb Code   184  stm32f10x_adc.o(.text)
    ADC_ExternalTrigConvCmd                  0x08003307   Thumb Code    22  stm32f10x_adc.o(.text)
    ADC_GetConversionValue                   0x0800331d   Thumb Code     8  stm32f10x_adc.o(.text)
    ADC_GetDualModeConversionValue           0x08003325   Thumb Code     8  stm32f10x_adc.o(.text)
    ADC_AutoInjectedConvCmd                  0x0800332d   Thumb Code    22  stm32f10x_adc.o(.text)
    ADC_InjectedDiscModeCmd                  0x08003343   Thumb Code    22  stm32f10x_adc.o(.text)
    ADC_ExternalTrigInjectedConvConfig       0x08003359   Thumb Code    16  stm32f10x_adc.o(.text)
    ADC_ExternalTrigInjectedConvCmd          0x08003369   Thumb Code    22  stm32f10x_adc.o(.text)
    ADC_SoftwareStartInjectedConvCmd         0x0800337f   Thumb Code    22  stm32f10x_adc.o(.text)
    ADC_GetSoftwareStartInjectedConvCmdStatus 0x08003395   Thumb Code    20  stm32f10x_adc.o(.text)
    ADC_InjectedChannelConfig                0x080033a9   Thumb Code   130  stm32f10x_adc.o(.text)
    ADC_InjectedSequencerLengthConfig        0x0800342b   Thumb Code    24  stm32f10x_adc.o(.text)
    ADC_SetInjectedOffset                    0x08003443   Thumb Code    12  stm32f10x_adc.o(.text)
    ADC_GetInjectedConversionValue           0x0800344f   Thumb Code    18  stm32f10x_adc.o(.text)
    ADC_AnalogWatchdogCmd                    0x08003461   Thumb Code    16  stm32f10x_adc.o(.text)
    ADC_AnalogWatchdogThresholdsConfig       0x08003471   Thumb Code     6  stm32f10x_adc.o(.text)
    ADC_AnalogWatchdogSingleChannelConfig    0x08003477   Thumb Code    16  stm32f10x_adc.o(.text)
    ADC_TempSensorVrefintCmd                 0x08003487   Thumb Code    38  stm32f10x_adc.o(.text)
    ADC_GetFlagStatus                        0x080034ad   Thumb Code    44  stm32f10x_adc.o(.text)
    ADC_ClearFlag                            0x080034d9   Thumb Code     6  stm32f10x_adc.o(.text)
    ADC_GetITStatus                          0x080034df   Thumb Code    36  stm32f10x_adc.o(.text)
    ADC_ClearITPendingBit                    0x08003503   Thumb Code    10  stm32f10x_adc.o(.text)
    DMA_DeInit                               0x0800350d   Thumb Code   322  stm32f10x_dma.o(.text)
    DMA_Init                                 0x0800364f   Thumb Code    60  stm32f10x_dma.o(.text)
    DMA_StructInit                           0x0800368b   Thumb Code    26  stm32f10x_dma.o(.text)
    DMA_Cmd                                  0x080036a5   Thumb Code    22  stm32f10x_dma.o(.text)
    DMA_ITConfig                             0x080036bb   Thumb Code    18  stm32f10x_dma.o(.text)
    DMA_GetCurrDataCounter                   0x080036cd   Thumb Code     8  stm32f10x_dma.o(.text)
    DMA_GetFlagStatus                        0x080036d5   Thumb Code    38  stm32f10x_dma.o(.text)
    DMA_ClearFlag                            0x080036fb   Thumb Code    22  stm32f10x_dma.o(.text)
    DMA_GetITStatus                          0x08003711   Thumb Code    38  stm32f10x_dma.o(.text)
    DMA_ClearITPendingBit                    0x08003737   Thumb Code    22  stm32f10x_dma.o(.text)
    Reset_Handler                            0x08003755   Thumb Code     4  startup_stm32f10x_cl.o(.text)
    ADC1_2_IRQHandler                        0x0800376b   Thumb Code     0  startup_stm32f10x_cl.o(.text)
    CAN1_RX0_IRQHandler                      0x0800376b   Thumb Code     0  startup_stm32f10x_cl.o(.text)
    CAN1_RX1_IRQHandler                      0x0800376b   Thumb Code     0  startup_stm32f10x_cl.o(.text)
    CAN1_SCE_IRQHandler                      0x0800376b   Thumb Code     0  startup_stm32f10x_cl.o(.text)
    CAN1_TX_IRQHandler                       0x0800376b   Thumb Code     0  startup_stm32f10x_cl.o(.text)
    CAN2_RX0_IRQHandler                      0x0800376b   Thumb Code     0  startup_stm32f10x_cl.o(.text)
    CAN2_RX1_IRQHandler                      0x0800376b   Thumb Code     0  startup_stm32f10x_cl.o(.text)
    CAN2_SCE_IRQHandler                      0x0800376b   Thumb Code     0  startup_stm32f10x_cl.o(.text)
    CAN2_TX_IRQHandler                       0x0800376b   Thumb Code     0  startup_stm32f10x_cl.o(.text)
    DMA1_Channel1_IRQHandler                 0x0800376b   Thumb Code     0  startup_stm32f10x_cl.o(.text)
    DMA1_Channel2_IRQHandler                 0x0800376b   Thumb Code     0  startup_stm32f10x_cl.o(.text)
    DMA1_Channel3_IRQHandler                 0x0800376b   Thumb Code     0  startup_stm32f10x_cl.o(.text)
    DMA1_Channel4_IRQHandler                 0x0800376b   Thumb Code     0  startup_stm32f10x_cl.o(.text)
    DMA1_Channel5_IRQHandler                 0x0800376b   Thumb Code     0  startup_stm32f10x_cl.o(.text)
    DMA1_Channel6_IRQHandler                 0x0800376b   Thumb Code     0  startup_stm32f10x_cl.o(.text)
    DMA1_Channel7_IRQHandler                 0x0800376b   Thumb Code     0  startup_stm32f10x_cl.o(.text)
    DMA2_Channel1_IRQHandler                 0x0800376b   Thumb Code     0  startup_stm32f10x_cl.o(.text)
    DMA2_Channel2_IRQHandler                 0x0800376b   Thumb Code     0  startup_stm32f10x_cl.o(.text)
    DMA2_Channel3_IRQHandler                 0x0800376b   Thumb Code     0  startup_stm32f10x_cl.o(.text)
    DMA2_Channel4_IRQHandler                 0x0800376b   Thumb Code     0  startup_stm32f10x_cl.o(.text)
    DMA2_Channel5_IRQHandler                 0x0800376b   Thumb Code     0  startup_stm32f10x_cl.o(.text)
    ETH_IRQHandler                           0x0800376b   Thumb Code     0  startup_stm32f10x_cl.o(.text)
    ETH_WKUP_IRQHandler                      0x0800376b   Thumb Code     0  startup_stm32f10x_cl.o(.text)
    EXTI15_10_IRQHandler                     0x0800376b   Thumb Code     0  startup_stm32f10x_cl.o(.text)
    EXTI1_IRQHandler                         0x0800376b   Thumb Code     0  startup_stm32f10x_cl.o(.text)
    EXTI2_IRQHandler                         0x0800376b   Thumb Code     0  startup_stm32f10x_cl.o(.text)
    EXTI3_IRQHandler                         0x0800376b   Thumb Code     0  startup_stm32f10x_cl.o(.text)
    EXTI4_IRQHandler                         0x0800376b   Thumb Code     0  startup_stm32f10x_cl.o(.text)
    EXTI9_5_IRQHandler                       0x0800376b   Thumb Code     0  startup_stm32f10x_cl.o(.text)
    FLASH_IRQHandler                         0x0800376b   Thumb Code     0  startup_stm32f10x_cl.o(.text)
    I2C1_ER_IRQHandler                       0x0800376b   Thumb Code     0  startup_stm32f10x_cl.o(.text)
    I2C1_EV_IRQHandler                       0x0800376b   Thumb Code     0  startup_stm32f10x_cl.o(.text)
    I2C2_ER_IRQHandler                       0x0800376b   Thumb Code     0  startup_stm32f10x_cl.o(.text)
    I2C2_EV_IRQHandler                       0x0800376b   Thumb Code     0  startup_stm32f10x_cl.o(.text)
    OTG_FS_IRQHandler                        0x0800376b   Thumb Code     0  startup_stm32f10x_cl.o(.text)
    OTG_FS_WKUP_IRQHandler                   0x0800376b   Thumb Code     0  startup_stm32f10x_cl.o(.text)
    PVD_IRQHandler                           0x0800376b   Thumb Code     0  startup_stm32f10x_cl.o(.text)
    RCC_IRQHandler                           0x0800376b   Thumb Code     0  startup_stm32f10x_cl.o(.text)
    RTCAlarm_IRQHandler                      0x0800376b   Thumb Code     0  startup_stm32f10x_cl.o(.text)
    RTC_IRQHandler                           0x0800376b   Thumb Code     0  startup_stm32f10x_cl.o(.text)
    SPI1_IRQHandler                          0x0800376b   Thumb Code     0  startup_stm32f10x_cl.o(.text)
    SPI2_IRQHandler                          0x0800376b   Thumb Code     0  startup_stm32f10x_cl.o(.text)
    SPI3_IRQHandler                          0x0800376b   Thumb Code     0  startup_stm32f10x_cl.o(.text)
    TAMPER_IRQHandler                        0x0800376b   Thumb Code     0  startup_stm32f10x_cl.o(.text)
    TIM1_BRK_IRQHandler                      0x0800376b   Thumb Code     0  startup_stm32f10x_cl.o(.text)
    TIM1_CC_IRQHandler                       0x0800376b   Thumb Code     0  startup_stm32f10x_cl.o(.text)
    TIM1_TRG_COM_IRQHandler                  0x0800376b   Thumb Code     0  startup_stm32f10x_cl.o(.text)
    TIM1_UP_IRQHandler                       0x0800376b   Thumb Code     0  startup_stm32f10x_cl.o(.text)
    TIM2_IRQHandler                          0x0800376b   Thumb Code     0  startup_stm32f10x_cl.o(.text)
    TIM3_IRQHandler                          0x0800376b   Thumb Code     0  startup_stm32f10x_cl.o(.text)
    TIM4_IRQHandler                          0x0800376b   Thumb Code     0  startup_stm32f10x_cl.o(.text)
    TIM5_IRQHandler                          0x0800376b   Thumb Code     0  startup_stm32f10x_cl.o(.text)
    TIM6_IRQHandler                          0x0800376b   Thumb Code     0  startup_stm32f10x_cl.o(.text)
    TIM7_IRQHandler                          0x0800376b   Thumb Code     0  startup_stm32f10x_cl.o(.text)
    UART4_IRQHandler                         0x0800376b   Thumb Code     0  startup_stm32f10x_cl.o(.text)
    UART5_IRQHandler                         0x0800376b   Thumb Code     0  startup_stm32f10x_cl.o(.text)
    USART1_IRQHandler                        0x0800376b   Thumb Code     0  startup_stm32f10x_cl.o(.text)
    USART3_IRQHandler                        0x0800376b   Thumb Code     0  startup_stm32f10x_cl.o(.text)
    WWDG_IRQHandler                          0x0800376b   Thumb Code     0  startup_stm32f10x_cl.o(.text)
    __user_initial_stackheap                 0x0800376d   Thumb Code     0  startup_stm32f10x_cl.o(.text)
    __use_no_semihosting                     0x0800378d   Thumb Code     2  use_no_semi_2.o(.text)
    __2printf                                0x08003791   Thumb Code    20  noretval__2printf.o(.text)
    __2sprintf                               0x080037a9   Thumb Code    34  noretval__2sprintf.o(.text)
    _printf_pre_padding                      0x080037d1   Thumb Code    46  _printf_pad.o(.text)
    _printf_post_padding                     0x080037ff   Thumb Code    36  _printf_pad.o(.text)
    _printf_str                              0x08003823   Thumb Code    82  _printf_str.o(.text)
    _printf_int_dec                          0x08003875   Thumb Code   102  _printf_dec.o(.text)
    __printf                                 0x080038ed   Thumb Code   310  __printf_flags_wp.o(.text)
    strlen                                   0x08003a29   Thumb Code    62  strlen.o(.text)
    __use_two_region_memory                  0x08003a67   Thumb Code     2  heapauxi.o(.text)
    __rt_heap_escrow$2region                 0x08003a69   Thumb Code     2  heapauxi.o(.text)
    __rt_heap_expand$2region                 0x08003a6b   Thumb Code     2  heapauxi.o(.text)
    __I$use$semihosting                      0x08003a6d   Thumb Code     0  use_no_semi.o(.text)
    __use_no_semihosting_swi                 0x08003a6d   Thumb Code     2  use_no_semi.o(.text)
    _printf_int_common                       0x08003a6f   Thumb Code   184  _printf_intcommon.o(.text)
    __lib_sel_fp_printf                      0x08003b27   Thumb Code     2  _printf_fp_dec.o(.text)
    _printf_fp_dec_real                      0x08003cd5   Thumb Code   626  _printf_fp_dec.o(.text)
    _printf_char_common                      0x08003f53   Thumb Code    32  _printf_char_common.o(.text)
    _sputc                                   0x08003f79   Thumb Code    10  _sputc.o(.text)
    _printf_cs_common                        0x08003f83   Thumb Code    20  _printf_char.o(.text)
    _printf_char                             0x08003f97   Thumb Code    16  _printf_char.o(.text)
    _printf_string                           0x08003fa7   Thumb Code     8  _printf_char.o(.text)
    _printf_char_file                        0x08003fb1   Thumb Code    32  _printf_char_file.o(.text)
    __rt_locale                              0x08003fd5   Thumb Code     8  rt_locale_intlibspace.o(.text)
    _ll_udiv10                               0x08003fdd   Thumb Code   138  lludiv10.o(.text)
    _printf_fp_infnan                        0x08004069   Thumb Code   112  _printf_fp_infnan.o(.text)
    _btod_etento                             0x080040e9   Thumb Code   222  bigflt0.o(.text)
    ferror                                   0x080041cd   Thumb Code     8  ferror.o(.text)
    __user_libspace                          0x080041d5   Thumb Code     8  libspace.o(.text)
    __user_perproc_libspace                  0x080041d5   Thumb Code     0  libspace.o(.text)
    __user_perthread_libspace                0x080041d5   Thumb Code     0  libspace.o(.text)
    __user_setup_stackheap                   0x080041dd   Thumb Code    74  sys_stackheap_outer.o(.text)
    exit                                     0x08004227   Thumb Code    12  exit.o(.text)
    strcmp                                   0x08004235   Thumb Code   128  strcmpv7m.o(.text)
    __rt_fp_status_addr                      0x080042b5   Thumb Code     8  rt_fp_status_addr_intlibspace.o(.text)
    _btod_d2e                                0x080042bd   Thumb Code    62  btod.o(CL$$btod_d2e)
    _d2e_denorm_low                          0x080042fb   Thumb Code    70  btod.o(CL$$btod_d2e_denorm_low)
    _d2e_norm_op1                            0x08004341   Thumb Code    96  btod.o(CL$$btod_d2e_norm_op1)
    __btod_div_common                        0x080043a1   Thumb Code   696  btod.o(CL$$btod_div_common)
    _e2e                                     0x080046d9   Thumb Code   198  btod.o(CL$$btod_e2e)
    _btod_ediv                               0x0800479f   Thumb Code    40  btod.o(CL$$btod_ediv)
    _btod_emul                               0x080047c7   Thumb Code    40  btod.o(CL$$btod_emul)
    __btod_mult_common                       0x080047ef   Thumb Code   580  btod.o(CL$$btod_mult_common)
    __ARM_fpclassify                         0x08004a33   Thumb Code    40  fpclassify.o(i.__ARM_fpclassify)
    _is_digit                                0x08004a5b   Thumb Code    14  __printf_wp.o(i._is_digit)
    _get_lc_numeric                          0x08004a69   Thumb Code    44  lc_numeric_c.o(locale$$code)
    __aeabi_d2f                              0x08004a95   Thumb Code     0  d2f.o(x$fpl$d2f)
    _d2f                                     0x08004a95   Thumb Code    98  d2f.o(x$fpl$d2f)
    __aeabi_dadd                             0x08004af9   Thumb Code     0  daddsub_clz.o(x$fpl$dadd)
    _dadd                                    0x08004af9   Thumb Code   332  daddsub_clz.o(x$fpl$dadd)
    __aeabi_ddiv                             0x08004c49   Thumb Code     0  ddiv.o(x$fpl$ddiv)
    _ddiv                                    0x08004c49   Thumb Code   552  ddiv.o(x$fpl$ddiv)
    __fpl_dnaninf                            0x08004ef9   Thumb Code   156  dnaninf.o(x$fpl$dnaninf)
    __fpl_dretinf                            0x08004f95   Thumb Code    12  dretinf.o(x$fpl$dretinf)
    __aeabi_dsub                             0x08004fa1   Thumb Code     0  daddsub_clz.o(x$fpl$dsub)
    _dsub                                    0x08004fa1   Thumb Code   464  daddsub_clz.o(x$fpl$dsub)
    __aeabi_f2d                              0x08005175   Thumb Code     0  f2d.o(x$fpl$f2d)
    _f2d                                     0x08005175   Thumb Code    86  f2d.o(x$fpl$f2d)
    __aeabi_fadd                             0x080051cd   Thumb Code     0  faddsub_clz.o(x$fpl$fadd)
    _fadd                                    0x080051cd   Thumb Code   196  faddsub_clz.o(x$fpl$fadd)
    __aeabi_fdiv                             0x08005291   Thumb Code     0  fdiv.o(x$fpl$fdiv)
    _fdiv                                    0x08005291   Thumb Code   384  fdiv.o(x$fpl$fdiv)
    __aeabi_i2f                              0x08005415   Thumb Code     0  fflt_clz.o(x$fpl$fflt)
    _fflt                                    0x08005415   Thumb Code    48  fflt_clz.o(x$fpl$fflt)
    __aeabi_fmul                             0x08005445   Thumb Code     0  fmul.o(x$fpl$fmul)
    _fmul                                    0x08005445   Thumb Code   258  fmul.o(x$fpl$fmul)
    __fpl_fnaninf                            0x08005547   Thumb Code   140  fnaninf.o(x$fpl$fnaninf)
    _fp_init                                 0x080055d3   Thumb Code    14  fpinit.o(x$fpl$fpinit)
    __fplib_config_pureend_doubles           0x080055df   Thumb Code     0  fpinit.o(x$fpl$fpinit)
    __fpl_fretinf                            0x080055e1   Thumb Code    10  fretinf.o(x$fpl$fretinf)
    __aeabi_fsub                             0x080055ed   Thumb Code     0  faddsub_clz.o(x$fpl$fsub)
    _fsub                                    0x080055ed   Thumb Code   234  faddsub_clz.o(x$fpl$fsub)
    _printf_fp_dec                           0x080056d7   Thumb Code     4  printf1.o(x$fpl$printf1)
    __I$use$fp                               0x080056db   Thumb Code     0  usenofp.o(x$fpl$usenofp)
    Region$$Table$$Base                      0x08005788   Number         0  anon$$obj.o(Region$$Table)
    Region$$Table$$Limit                     0x080057a8   Number         0  anon$$obj.o(Region$$Table)
    RxCounter                                0x2000000a   Data           2  gps.o(.data)
    __stdout                                 0x2000000c   Data           4  usart.o(.data)
    rf12_index                               0x20000010   Data           1  rfm12.o(.data)
    rf12_rx                                  0x20000011   Data           1  rfm12.o(.data)
    rf12_tx                                  0x20000012   Data           1  rfm12.o(.data)
    rf12_new                                 0x20000013   Data           1  rfm12.o(.data)
    rf12_data_type                           0x20000014   Data           1  rfm12_controller.o(.data)
    mpl115a2_pressure                        0x20000018   Data           4  mpl115a2.o(.data)
    buforADC                                 0x20000030   Data          12  main.o(.bss)
    gps_string                               0x2000005d   Data          50  gps.o(.bss)
    RxBuffer                                 0x2000008f   Data         256  gps.o(.bss)
    RxBufferVTG                              0x2000018f   Data         256  gps.o(.bss)
    RxBufferRMC                              0x2000028f   Data         256  gps.o(.bss)
    rf12_data                                0x2000038f   Data         110  rfm12.o(.bss)
    temp_measurements                        0x20000400   Data          24  18b20.o(.bss)
    temp_measurements_string                 0x20000418   Data          50  18b20.o(.bss)
    mpl115a2_pressure_string                 0x2000044a   Data          10  mpl115a2.o(.bss)
    __libspace_start                         0x20000454   Data          96  libspace.o(.bss)
    __temporary_stack_top$libspace           0x200004b4   Data           0  libspace.o(.bss)



==============================================================================

Memory Map of the image

  Image Entry point : 0x08000151

  Load Region LR_IROM1 (Base: 0x08000000, Size: 0x000057f4, Max: 0x00020000, ABSOLUTE)

    Execution Region ER_IROM1 (Base: 0x08000000, Size: 0x000057c4, Max: 0x00020000, ABSOLUTE)

    Base Addr    Size         Type   Attr      Idx    E Section Name        Object

    0x08000000   0x00000150   Data   RO          477    RESET               startup_stm32f10x_cl.o
    0x08000150   0x00000008   Code   RO          573  * !!!main             c_w.l(__main.o)
    0x08000158   0x00000034   Code   RO          841    !!!scatter          c_w.l(__scatter.o)
    0x0800018c   0x0000001a   Code   RO          843    !!handler_copy      c_w.l(__scatter_copy.o)
    0x080001a6   0x00000002   PAD
    0x080001a8   0x0000001c   Code   RO          845    !!handler_zi        c_w.l(__scatter_zi.o)
    0x080001c4   0x00000000   Code   RO          568    .ARM.Collect$$_printf_percent$$00000000  c_w.l(_printf_percent.o)
    0x080001c4   0x00000006   Code   RO          567    .ARM.Collect$$_printf_percent$$00000003  c_w.l(_printf_f.o)
    0x080001ca   0x00000006   Code   RO          566    .ARM.Collect$$_printf_percent$$00000009  c_w.l(_printf_d.o)
    0x080001d0   0x00000006   Code   RO          564    .ARM.Collect$$_printf_percent$$00000013  c_w.l(_printf_c.o)
    0x080001d6   0x00000006   Code   RO          565    .ARM.Collect$$_printf_percent$$00000014  c_w.l(_printf_s.o)
    0x080001dc   0x00000004   Code   RO          632    .ARM.Collect$$_printf_percent$$00000017  c_w.l(_printf_percent_end.o)
    0x080001e0   0x00000006   Code   RO          718    .ARM.Collect$$libinit$$00000000  c_w.l(libinit.o)
    0x080001e6   0x00000000   Code   RO          721    .ARM.Collect$$libinit$$00000006  c_w.l(libinit2.o)
    0x080001e6   0x00000000   Code   RO          723    .ARM.Collect$$libinit$$00000008  c_w.l(libinit2.o)
    0x080001e6   0x00000000   Code   RO          725    .ARM.Collect$$libinit$$0000000A  c_w.l(libinit2.o)
    0x080001e6   0x00000006   Code   RO          726    .ARM.Collect$$libinit$$0000000B  c_w.l(libinit2.o)
    0x080001ec   0x00000000   Code   RO          728    .ARM.Collect$$libinit$$0000000D  c_w.l(libinit2.o)
    0x080001ec   0x00000000   Code   RO          730    .ARM.Collect$$libinit$$0000000F  c_w.l(libinit2.o)
    0x080001ec   0x00000000   Code   RO          732    .ARM.Collect$$libinit$$00000011  c_w.l(libinit2.o)
    0x080001ec   0x0000000a   Code   RO          733    .ARM.Collect$$libinit$$00000012  c_w.l(libinit2.o)
    0x080001f6   0x00000000   Code   RO          734    .ARM.Collect$$libinit$$00000013  c_w.l(libinit2.o)
    0x080001f6   0x00000000   Code   RO          736    .ARM.Collect$$libinit$$00000015  c_w.l(libinit2.o)
    0x080001f6   0x00000000   Code   RO          738    .ARM.Collect$$libinit$$00000017  c_w.l(libinit2.o)
    0x080001f6   0x00000000   Code   RO          740    .ARM.Collect$$libinit$$00000019  c_w.l(libinit2.o)
    0x080001f6   0x00000000   Code   RO          742    .ARM.Collect$$libinit$$0000001B  c_w.l(libinit2.o)
    0x080001f6   0x00000000   Code   RO          744    .ARM.Collect$$libinit$$0000001D  c_w.l(libinit2.o)
    0x080001f6   0x00000000   Code   RO          746    .ARM.Collect$$libinit$$0000001F  c_w.l(libinit2.o)
    0x080001f6   0x00000000   Code   RO          748    .ARM.Collect$$libinit$$00000021  c_w.l(libinit2.o)
    0x080001f6   0x00000000   Code   RO          752    .ARM.Collect$$libinit$$00000028  c_w.l(libinit2.o)
    0x080001f6   0x00000000   Code   RO          754    .ARM.Collect$$libinit$$0000002A  c_w.l(libinit2.o)
    0x080001f6   0x00000000   Code   RO          756    .ARM.Collect$$libinit$$0000002C  c_w.l(libinit2.o)
    0x080001f6   0x00000000   Code   RO          758    .ARM.Collect$$libinit$$0000002E  c_w.l(libinit2.o)
    0x080001f6   0x00000002   Code   RO          759    .ARM.Collect$$libinit$$0000002F  c_w.l(libinit2.o)
    0x080001f8   0x00000002   Code   RO          792    .ARM.Collect$$libshutdown$$00000000  c_w.l(libshutdown.o)
    0x080001fa   0x00000000   Code   RO          802    .ARM.Collect$$libshutdown$$00000003  c_w.l(libshutdown2.o)
    0x080001fa   0x00000000   Code   RO          805    .ARM.Collect$$libshutdown$$00000006  c_w.l(libshutdown2.o)
    0x080001fa   0x00000000   Code   RO          808    .ARM.Collect$$libshutdown$$00000009  c_w.l(libshutdown2.o)
    0x080001fa   0x00000000   Code   RO          810    .ARM.Collect$$libshutdown$$0000000B  c_w.l(libshutdown2.o)
    0x080001fa   0x00000000   Code   RO          813    .ARM.Collect$$libshutdown$$0000000E  c_w.l(libshutdown2.o)
    0x080001fa   0x00000002   Code   RO          814    .ARM.Collect$$libshutdown$$0000000F  c_w.l(libshutdown2.o)
    0x080001fc   0x00000000   Code   RO          619    .ARM.Collect$$rtentry$$00000000  c_w.l(rtentry.o)
    0x080001fc   0x00000000   Code   RO          643    .ARM.Collect$$rtentry$$00000002  c_w.l(rtentry2.o)
    0x080001fc   0x00000006   Code   RO          655    .ARM.Collect$$rtentry$$00000004  c_w.l(rtentry4.o)
    0x08000202   0x00000000   Code   RO          645    .ARM.Collect$$rtentry$$00000009  c_w.l(rtentry2.o)
    0x08000202   0x00000004   Code   RO          646    .ARM.Collect$$rtentry$$0000000A  c_w.l(rtentry2.o)
    0x08000206   0x00000000   Code   RO          648    .ARM.Collect$$rtentry$$0000000C  c_w.l(rtentry2.o)
    0x08000206   0x00000008   Code   RO          649    .ARM.Collect$$rtentry$$0000000D  c_w.l(rtentry2.o)
    0x0800020e   0x00000002   Code   RO          760    .ARM.Collect$$rtexit$$00000000  c_w.l(rtexit.o)
    0x08000210   0x00000000   Code   RO          767    .ARM.Collect$$rtexit$$00000002  c_w.l(rtexit2.o)
    0x08000210   0x00000004   Code   RO          768    .ARM.Collect$$rtexit$$00000003  c_w.l(rtexit2.o)
    0x08000214   0x00000006   Code   RO          769    .ARM.Collect$$rtexit$$00000004  c_w.l(rtexit2.o)
    0x0800021a   0x00000002   PAD
    0x0800021c   0x00000634   Code   RO            1    .text               main.o
    0x08000850   0x0000007c   Code   RO          119    .text               stm32f10x_it.o
    0x080008cc   0x000004e8   Code   RO          170    .text               gps.o
    0x08000db4   0x00000140   Code   RO          189    .text               usart.o
    0x08000ef4   0x00000450   Code   RO          211    .text               rfm12.o
    0x08001344   0x000000e0   Code   RO          252    .text               rfm12_controller.o
    0x08001424   0x00000214   Code   RO          277    .text               i2c.o
    0x08001638   0x00000218   Code   RO          292    .text               mpl115a2.o
    0x08001850   0x000000dc   Code   RO          341    .text               misc.o
    0x0800192c   0x00000338   Code   RO          353    .text               stm32f10x_gpio.o
    0x08001c64   0x0000011c   Code   RO          365    .text               stm32f10x_exti.o
    0x08001d80   0x00000528   Code   RO          377    .text               stm32f10x_flash.o
    0x080022a8   0x000003a0   Code   RO          389    .text               stm32f10x_rcc.o
    0x08002648   0x000003a8   Code   RO          415    .text               stm32f10x_usart.o
    0x080029f0   0x00000310   Code   RO          427    .text               stm32f10x_spi.o
    0x08002d00   0x000003d0   Code   RO          439    .text               stm32f10x_i2c.o
    0x080030d0   0x0000043c   Code   RO          451    .text               stm32f10x_adc.o
    0x0800350c   0x00000248   Code   RO          463    .text               stm32f10x_dma.o
    0x08003754   0x00000038   Code   RO          478    .text               startup_stm32f10x_cl.o
    0x0800378c   0x00000002   Code   RO          526    .text               c_w.l(use_no_semi_2.o)
    0x0800378e   0x00000002   PAD
    0x08003790   0x00000018   Code   RO          532    .text               c_w.l(noretval__2printf.o)
    0x080037a8   0x00000028   Code   RO          534    .text               c_w.l(noretval__2sprintf.o)
    0x080037d0   0x00000052   Code   RO          538    .text               c_w.l(_printf_pad.o)
    0x08003822   0x00000052   Code   RO          540    .text               c_w.l(_printf_str.o)
    0x08003874   0x00000078   Code   RO          542    .text               c_w.l(_printf_dec.o)
    0x080038ec   0x0000013c   Code   RO          556    .text               c_w.l(__printf_flags_wp.o)
    0x08003a28   0x0000003e   Code   RO          569    .text               c_w.l(strlen.o)
    0x08003a66   0x00000006   Code   RO          571    .text               c_w.l(heapauxi.o)
    0x08003a6c   0x00000002   Code   RO          617    .text               c_w.l(use_no_semi.o)
    0x08003a6e   0x000000b8   Code   RO          620    .text               c_w.l(_printf_intcommon.o)
    0x08003b26   0x00000420   Code   RO          622    .text               c_w.l(_printf_fp_dec.o)
    0x08003f46   0x00000002   PAD
    0x08003f48   0x00000030   Code   RO          624    .text               c_w.l(_printf_char_common.o)
    0x08003f78   0x0000000a   Code   RO          626    .text               c_w.l(_sputc.o)
    0x08003f82   0x0000002c   Code   RO          628    .text               c_w.l(_printf_char.o)
    0x08003fae   0x00000002   PAD
    0x08003fb0   0x00000024   Code   RO          630    .text               c_w.l(_printf_char_file.o)
    0x08003fd4   0x00000008   Code   RO          660    .text               c_w.l(rt_locale_intlibspace.o)
    0x08003fdc   0x0000008a   Code   RO          662    .text               c_w.l(lludiv10.o)
    0x08004066   0x00000002   PAD
    0x08004068   0x00000080   Code   RO          664    .text               c_w.l(_printf_fp_infnan.o)
    0x080040e8   0x000000e4   Code   RO          668    .text               c_w.l(bigflt0.o)
    0x080041cc   0x00000008   Code   RO          693    .text               c_w.l(ferror.o)
    0x080041d4   0x00000008   Code   RO          704    .text               c_w.l(libspace.o)
    0x080041dc   0x0000004a   Code   RO          707    .text               c_w.l(sys_stackheap_outer.o)
    0x08004226   0x0000000c   Code   RO          709    .text               c_w.l(exit.o)
    0x08004232   0x00000002   PAD
    0x08004234   0x00000080   Code   RO          711    .text               c_w.l(strcmpv7m.o)
    0x080042b4   0x00000008   Code   RO          776    .text               c_w.l(rt_fp_status_addr_intlibspace.o)
    0x080042bc   0x0000003e   Code   RO          671    CL$$btod_d2e        c_w.l(btod.o)
    0x080042fa   0x00000046   Code   RO          673    CL$$btod_d2e_denorm_low  c_w.l(btod.o)
    0x08004340   0x00000060   Code   RO          672    CL$$btod_d2e_norm_op1  c_w.l(btod.o)
    0x080043a0   0x00000338   Code   RO          681    CL$$btod_div_common  c_w.l(btod.o)
    0x080046d8   0x000000c6   Code   RO          678    CL$$btod_e2e        c_w.l(btod.o)
    0x0800479e   0x00000028   Code   RO          675    CL$$btod_ediv       c_w.l(btod.o)
    0x080047c6   0x00000028   Code   RO          674    CL$$btod_emul       c_w.l(btod.o)
    0x080047ee   0x00000244   Code   RO          680    CL$$btod_mult_common  c_w.l(btod.o)
    0x08004a32   0x00000028   Code   RO          702    i.__ARM_fpclassify  m_ws.l(fpclassify.o)
    0x08004a5a   0x0000000e   Code   RO          554    i._is_digit         c_w.l(__printf_wp.o)
    0x08004a68   0x0000002c   Code   RO          698    locale$$code        c_w.l(lc_numeric_c.o)
    0x08004a94   0x00000062   Code   RO          575    x$fpl$d2f           fz_ws.l(d2f.o)
    0x08004af6   0x00000002   PAD
    0x08004af8   0x00000150   Code   RO          577    x$fpl$dadd          fz_ws.l(daddsub_clz.o)
    0x08004c48   0x000002b0   Code   RO          584    x$fpl$ddiv          fz_ws.l(ddiv.o)
    0x08004ef8   0x0000009c   Code   RO          633    x$fpl$dnaninf       fz_ws.l(dnaninf.o)
    0x08004f94   0x0000000c   Code   RO          635    x$fpl$dretinf       fz_ws.l(dretinf.o)
    0x08004fa0   0x000001d4   Code   RO          579    x$fpl$dsub          fz_ws.l(daddsub_clz.o)
    0x08005174   0x00000056   Code   RO          595    x$fpl$f2d           fz_ws.l(f2d.o)
    0x080051ca   0x00000002   PAD
    0x080051cc   0x000000c4   Code   RO          597    x$fpl$fadd          fz_ws.l(faddsub_clz.o)
    0x08005290   0x00000184   Code   RO          604    x$fpl$fdiv          fz_ws.l(fdiv.o)
    0x08005414   0x00000030   Code   RO          608    x$fpl$fflt          fz_ws.l(fflt_clz.o)
    0x08005444   0x00000102   Code   RO          613    x$fpl$fmul          fz_ws.l(fmul.o)
    0x08005546   0x0000008c   Code   RO          637    x$fpl$fnaninf       fz_ws.l(fnaninf.o)
    0x080055d2   0x0000000e   Code   RO          764    x$fpl$fpinit        fz_ws.l(fpinit.o)
    0x080055e0   0x0000000a   Code   RO          639    x$fpl$fretinf       fz_ws.l(fretinf.o)
    0x080055ea   0x00000002   PAD
    0x080055ec   0x000000ea   Code   RO          599    x$fpl$fsub          fz_ws.l(faddsub_clz.o)
    0x080056d6   0x00000004   Code   RO          615    x$fpl$printf1       fz_ws.l(printf1.o)
    0x080056da   0x00000000   Code   RO          641    x$fpl$usenofp       fz_ws.l(usenofp.o)
    0x080056da   0x00000002   PAD
    0x080056dc   0x00000007   Data   RO            3    .constdata          main.o
    0x080056e3   0x00000011   Data   RO          557    .constdata          c_w.l(__printf_flags_wp.o)
    0x080056f4   0x00000094   Data   RO          669    .constdata          c_w.l(bigflt0.o)
    0x08005788   0x00000020   Data   RO          839    Region$$Table       anon$$obj.o
    0x080057a8   0x0000001c   Data   RO          697    locale$$data        c_w.l(lc_numeric_c.o)


    Execution Region RW_IRAM1 (Base: 0x20000000, Size: 0x00000ab8, Max: 0x00005000, ABSOLUTE)

    Base Addr    Size         Type   Attr      Idx    E Section Name        Object

    0x20000000   0x0000000c   Data   RW          172    .data               gps.o
    0x2000000c   0x00000004   Data   RW          190    .data               usart.o
    0x20000010   0x00000004   Data   RW          213    .data               rfm12.o
    0x20000014   0x00000001   Data   RW          253    .data               rfm12_controller.o
    0x20000015   0x00000003   PAD
    0x20000018   0x00000004   Data   RW          294    .data               mpl115a2.o
    0x2000001c   0x00000014   Data   RW          390    .data               stm32f10x_rcc.o
    0x20000030   0x0000000c   Zero   RW            2    .bss                main.o
    0x2000003c   0x00000353   Zero   RW          171    .bss                gps.o
    0x2000038f   0x0000006e   Zero   RW          212    .bss                rfm12.o
    0x200003fd   0x00000003   PAD
    0x20000400   0x0000004a   Zero   RW          234    .bss                18b20.o
    0x2000044a   0x0000000a   Zero   RW          293    .bss                mpl115a2.o
    0x20000454   0x00000060   Zero   RW          705    .bss                c_w.l(libspace.o)
    0x200004b4   0x00000004   PAD
    0x200004b8   0x00000200   Zero   RW          476    HEAP                startup_stm32f10x_cl.o
    0x200006b8   0x00000400   Zero   RW          475    STACK               startup_stm32f10x_cl.o


==============================================================================

Image component sizes


      Code (inc. data)   RO Data    RW Data    ZI Data      Debug   Object Name

         0          0          0          0         74        609   18b20.o
      1256         88          0         12        851       2536   gps.o
       532         12          0          0          0       2290   i2c.o
      1588        110          7          0         12     276671   main.o
       220         20          0          0          0       1841   misc.o
       536         46          0          4         10       1918   mpl115a2.o
      1104         50          0          4        110       4275   rfm12.o
       224         28          0          1          0       2075   rfm12_controller.o
        56         22        336          0       1536        856   startup_stm32f10x_cl.o
      1084         26          0          0          0      11057   stm32f10x_adc.o
       584          8          0          0          0       3655   stm32f10x_dma.o
       284         10          0          0          0       2295   stm32f10x_exti.o
      1320         34          0          0          0       7342   stm32f10x_flash.o
       824         40          0          0          0       5673   stm32f10x_gpio.o
       976         16          0          0          0       9016   stm32f10x_i2c.o
       124          8          0          0          0       1585   stm32f10x_it.o
       928         44          0         20          0       8924   stm32f10x_rcc.o
       784         12          0          0          0       6654   stm32f10x_spi.o
       936         20          0          0          0       7999   stm32f10x_usart.o
       320          8          0          4          0       3007   usart.o

    ----------------------------------------------------------------------
     13680        602        375         48       2596     360278   Object Totals
         0          0         32          0          0          0   (incl. Generated)
         0          0          0          3          3          0   (incl. Padding)

    ----------------------------------------------------------------------

      Code (inc. data)   RO Data    RW Data    ZI Data      Debug   Library Member Name

         8          0          0          0          0         68   __main.o
       316          6         17          0          0         92   __printf_flags_wp.o
        14          0          0          0          0         68   __printf_wp.o
        52          8          0          0          0          0   __scatter.o
        26          0          0          0          0          0   __scatter_copy.o
        28          0          0          0          0          0   __scatter_zi.o
         6          0          0          0          0          0   _printf_c.o
        44          0          0          0          0        108   _printf_char.o
        48          6          0          0          0         96   _printf_char_common.o
        36          4          0          0          0         80   _printf_char_file.o
         6          0          0          0          0          0   _printf_d.o
       120         18          0          0          0         92   _printf_dec.o
         6          0          0          0          0          0   _printf_f.o
      1056          0          0          0          0        216   _printf_fp_dec.o
       128         16          0          0          0         84   _printf_fp_infnan.o
       184          0          0          0          0         88   _printf_intcommon.o
        82          0          0          0          0        108   _printf_pad.o
         0          0          0          0          0          0   _printf_percent.o
         4          0          0          0          0          0   _printf_percent_end.o
         6          0          0          0          0          0   _printf_s.o
        82          0          0          0          0         80   _printf_str.o
        10          0          0          0          0         68   _sputc.o
       228          6        148          0          0         96   bigflt0.o
      1910        128          0          0          0        672   btod.o
        12          0          0          0          0         72   exit.o
         8          0          0          0          0         68   ferror.o
         6          0          0          0          0        152   heapauxi.o
        44         10         28          0          0         76   lc_numeric_c.o
         6          0          0          0          0          0   libinit.o
        18          0          0          0          0          0   libinit2.o
         2          0          0          0          0          0   libshutdown.o
         2          0          0          0          0          0   libshutdown2.o
         8          4          0          0         96         68   libspace.o
       138          0          0          0          0         80   lludiv10.o
        24          4          0          0          0         84   noretval__2printf.o
        40          6          0          0          0         84   noretval__2sprintf.o
         8          4          0          0          0         68   rt_fp_status_addr_intlibspace.o
         8          4          0          0          0         68   rt_locale_intlibspace.o
         0          0          0          0          0          0   rtentry.o
        12          0          0          0          0          0   rtentry2.o
         6          0          0          0          0          0   rtentry4.o
         2          0          0          0          0          0   rtexit.o
        10          0          0          0          0          0   rtexit2.o
       128          0          0          0          0         68   strcmpv7m.o
        62          0          0          0          0         76   strlen.o
        74          0          0          0          0         80   sys_stackheap_outer.o
         2          0          0          0          0         68   use_no_semi.o
         2          0          0          0          0         68   use_no_semi_2.o
        98          4          0          0          0         92   d2f.o
       804         16          0          0          0        280   daddsub_clz.o
       688        140          0          0          0        212   ddiv.o
       156          4          0          0          0         92   dnaninf.o
        12          0          0          0          0         68   dretinf.o
        86          4          0          0          0         84   f2d.o
       430          8          0          0          0        168   faddsub_clz.o
       388         76          0          0          0         96   fdiv.o
        48          0          0          0          0         68   fflt_clz.o
       258          4          0          0          0         84   fmul.o
       140          4          0          0          0         84   fnaninf.o
        14          0          0          0          0         76   fpinit.o
        10          0          0          0          0         68   fretinf.o
         4          0          0          0          0         68   printf1.o
         0          0          0          0          0          0   usenofp.o
        40          0          0          0          0         68   fpclassify.o

    ----------------------------------------------------------------------
      8220        484        193          0        100       4804   Library Totals
        22          0          0          0          4          0   (incl. Padding)

    ----------------------------------------------------------------------

      Code (inc. data)   RO Data    RW Data    ZI Data      Debug   Library Name

      5022        224        193          0         96       3196   c_w.l
      3136        260          0          0          0       1540   fz_ws.l
        40          0          0          0          0         68   m_ws.l

    ----------------------------------------------------------------------
      8220        484        193          0        100       4804   Library Totals

    ----------------------------------------------------------------------

==============================================================================


      Code (inc. data)   RO Data    RW Data    ZI Data      Debug   

     21900       1086        568         48       2696     359934   Grand Totals
     21900       1086        568         48       2696     359934   ELF Image Totals
     21900       1086        568         48          0          0   ROM Totals

==============================================================================

    Total RO  Size (Code + RO Data)                22468 (  21.94kB)
    Total RW  Size (RW Data + ZI Data)              2744 (   2.68kB)
    Total ROM Size (Code + RO Data + RW Data)      22516 (  21.99kB)

==============================================================================

