<html>
<body>
<pre>
<h1>µVision Build Log</h1>
<h2>Project:</h2>
\\vmware-host\Shared Folders\VMWare\Quad\Program\Project\lab1.uvproj
Project File Date:  12/26/2012

<h2>Output:</h2>
Load "\\\\vmware-host\\Shared Folders\\VMWare\\Quad\\Program\\Project\\lab1.AXF" 
Erase Done.
Programming Done.
Verify OK.
Build target 'STM32'
compiling main.c...
..\_Application\main.c(45): warning:  #177-D: variable "napiecie" was declared but never referenced
..\_Application\main.c(45): warning:  #177-D: variable "temperatura" was declared but never referenced
..\_Application\main.c(46): warning:  #177-D: variable "Tekst" was declared but never referenced
..\_Application\main.c(48): warning:  #177-D: variable "ret" was declared but never referenced
..\_Application\main.c(49): warning:  #177-D: variable "test" was declared but never referenced
..\_Application\main.c(50): warning:  #177-D: variable "wartoscADC1VTekst" was declared but never referenced
compiling sd.c...
..\_Application\sd.c(19): warning:  #940-D: missing return statement at end of non-void function "sd_init"
..\_Application\sd.c(57): warning:  #117-D: non-void function "sd_open_file" should return a value
..\_Application\sd.c(86): warning:  #188-D: enumerated type mixed with another type
..\_Application\sd.c(114): warning:  #188-D: enumerated type mixed with another type
linking...
Program Size: Code=22472 RO-data=512 RW-data=56 ZI-data=3704  
FromELF: creating hex file...
"lab1.axf" - 0 Error(s), 10 Warning(s).
Load "\\\\vmware-host\\Shared Folders\\VMWare\\Quad\\Program\\Project\\lab1.AXF" 
Erase Done.
Programming Done.
Verify OK.
Build target 'STM32'
compiling sd.c...
..\_Application\sd.c(19): warning:  #940-D: missing return statement at end of non-void function "sd_init"
..\_Application\sd.c(22): error:  #167: argument of type "uint8_t" is incompatible with parameter of type "GPIO_TypeDef *"
..\_Application\sd.c(22): error:  #165: too few arguments in function call
..\_Application\sd.c(57): warning:  #117-D: non-void function "sd_open_file" should return a value
..\_Application\sd.c(86): warning:  #188-D: enumerated type mixed with another type
..\_Application\sd.c(114): warning:  #188-D: enumerated type mixed with another type
Target not created
Build target 'STM32'
compiling sd.c...
..\_Application\sd.c(19): warning:  #940-D: missing return statement at end of non-void function "sd_init"
..\_Application\sd.c(22): error:  #167: argument of type "uint8_t" is incompatible with parameter of type "GPIO_TypeDef *"
..\_Application\sd.c(22): error:  #165: too few arguments in function call
..\_Application\sd.c(57): warning:  #117-D: non-void function "sd_open_file" should return a value
..\_Application\sd.c(86): warning:  #188-D: enumerated type mixed with another type
..\_Application\sd.c(114): warning:  #188-D: enumerated type mixed with another type
Target not created
Build target 'STM32'
compiling sd.c...
..\_Application\sd.c(19): warning:  #940-D: missing return statement at end of non-void function "sd_init"
..\_Application\sd.c(57): warning:  #117-D: non-void function "sd_open_file" should return a value
..\_Application\sd.c(86): warning:  #188-D: enumerated type mixed with another type
..\_Application\sd.c(114): warning:  #188-D: enumerated type mixed with another type
linking...
Program Size: Code=22468 RO-data=512 RW-data=56 ZI-data=3704  
FromELF: creating hex file...
"lab1.axf" - 0 Error(s), 4 Warning(s).
Build target 'STM32'
compiling main.c...
..\_Application\main.c(45): warning:  #177-D: variable "napiecie" was declared but never referenced
..\_Application\main.c(45): warning:  #177-D: variable "temperatura" was declared but never referenced
..\_Application\main.c(46): warning:  #177-D: variable "Tekst" was declared but never referenced
..\_Application\main.c(48): warning:  #177-D: variable "ret" was declared but never referenced
..\_Application\main.c(49): warning:  #177-D: variable "test" was declared but never referenced
..\_Application\main.c(50): warning:  #177-D: variable "wartoscADC1VTekst" was declared but never referenced
compiling sd.c...
..\_Application\sd.c(86): warning:  #188-D: enumerated type mixed with another type
..\_Application\sd.c(114): warning:  #188-D: enumerated type mixed with another type
linking...
Program Size: Code=22468 RO-data=512 RW-data=56 ZI-data=3704  
FromELF: creating hex file...
"lab1.axf" - 0 Error(s), 8 Warning(s).
Load "\\\\vmware-host\\Shared Folders\\VMWare\\Quad\\Program\\Project\\lab1.AXF" 
Erase Done.
Programming Done.
Verify OK.
